Component: ARM Compiler 5.06 update 5 (build 528) Tool: armlink [4d35e2]

==============================================================================

Section Cross References

    startup_stm32f103xb.o(STACK) refers (Special) to heapauxi.o(.text) for __use_two_region_memory
    startup_stm32f103xb.o(HEAP) refers (Special) to heapauxi.o(.text) for __use_two_region_memory
    startup_stm32f103xb.o(RESET) refers (Special) to heapauxi.o(.text) for __use_two_region_memory
    startup_stm32f103xb.o(RESET) refers to startup_stm32f103xb.o(STACK) for __initial_sp
    startup_stm32f103xb.o(RESET) refers to startup_stm32f103xb.o(.text) for Reset_Handler
    startup_stm32f103xb.o(RESET) refers to stm32f1xx_it.o(i.NMI_Handler) for NMI_Handler
    startup_stm32f103xb.o(RESET) refers to stm32f1xx_it.o(i.HardFault_Handler) for HardFault_Handler
    startup_stm32f103xb.o(RESET) refers to stm32f1xx_it.o(i.MemManage_Handler) for MemManage_Handler
    startup_stm32f103xb.o(RESET) refers to stm32f1xx_it.o(i.BusFault_Handler) for BusFault_Handler
    startup_stm32f103xb.o(RESET) refers to stm32f1xx_it.o(i.UsageFault_Handler) for UsageFault_Handler
    startup_stm32f103xb.o(RESET) refers to stm32f1xx_it.o(i.SVC_Handler) for SVC_Handler
    startup_stm32f103xb.o(RESET) refers to stm32f1xx_it.o(i.DebugMon_Handler) for DebugMon_Handler
    startup_stm32f103xb.o(RESET) refers to stm32f1xx_it.o(i.PendSV_Handler) for PendSV_Handler
    startup_stm32f103xb.o(RESET) refers to stm32f1xx_it.o(i.SysTick_Handler) for SysTick_Handler
    startup_stm32f103xb.o(RESET) refers to stm32f1xx_it.o(i.DMA1_Channel2_IRQHandler) for DMA1_Channel2_IRQHandler
    startup_stm32f103xb.o(RESET) refers to stm32f1xx_it.o(i.EXTI9_5_IRQHandler) for EXTI9_5_IRQHandler
    startup_stm32f103xb.o(.text) refers (Special) to heapauxi.o(.text) for __use_two_region_memory
    startup_stm32f103xb.o(.text) refers to system_stm32f1xx.o(i.SystemInit) for SystemInit
    startup_stm32f103xb.o(.text) refers to __main.o(!!!main) for __main
    startup_stm32f103xb.o(.text) refers to startup_stm32f103xb.o(HEAP) for Heap_Mem
    startup_stm32f103xb.o(.text) refers to startup_stm32f103xb.o(STACK) for Stack_Mem
    main.o(i.Animation_Update) refers to stm32f1xx_hal.o(i.HAL_GetTick) for HAL_GetTick
    main.o(i.Animation_Update) refers to main.o(i.HSV_To_RGB) for HSV_To_RGB
    main.o(i.Animation_Update) refers to main.o(i.Matrix_SetPixel) for Matrix_SetPixel
    main.o(i.Animation_Update) refers to ws2812.o(i.WS2812_Show) for WS2812_Show
    main.o(i.Animation_Update) refers to main.o(.data) for .data
    main.o(i.Auto_Brightness_Update) refers to stm32f1xx_hal.o(i.HAL_GetTick) for HAL_GetTick
    main.o(i.Auto_Brightness_Update) refers to light.o(i.Light_IsBright) for Light_IsBright
    main.o(i.Auto_Brightness_Update) refers to ws2812.o(i.WS2812_Set_All) for WS2812_Set_All
    main.o(i.Auto_Brightness_Update) refers to main.o(.data) for .data
    main.o(i.HAL_GPIO_EXTI_Callback) refers to stm32f1xx_hal.o(i.HAL_GetTick) for HAL_GetTick
    main.o(i.HAL_GPIO_EXTI_Callback) refers to main.o(.data) for .data
    main.o(i.Handle_Keys) refers to buzzer.o(i.Buzzer_Beep_Short) for Buzzer_Beep_Short
    main.o(i.Handle_Keys) refers to main.o(i.UI_Refresh) for UI_Refresh
    main.o(i.Handle_Keys) refers to ws2812.o(i.WS2812_Set_All) for WS2812_Set_All
    main.o(i.Handle_Keys) refers to ws2812.o(i.WS2812_Clear) for WS2812_Clear
    main.o(i.Handle_Keys) refers to main.o(.data) for .data
    main.o(i.Matrix_SetPixel) refers to ws2812.o(i.WS2812_Set_Color) for WS2812_Set_Color
    main.o(i.Music_Rhythm_Update) refers to stm32f1xx_hal.o(i.HAL_GetTick) for HAL_GetTick
    main.o(i.Music_Rhythm_Update) refers to micphone.o(i.Micphone_GetActivityLevel) for Micphone_GetActivityLevel
    main.o(i.Music_Rhythm_Update) refers to main.o(i.HSV_To_RGB) for HSV_To_RGB
    main.o(i.Music_Rhythm_Update) refers to main.o(i.Matrix_SetPixel) for Matrix_SetPixel
    main.o(i.Music_Rhythm_Update) refers to ws2812.o(i.WS2812_Show) for WS2812_Show
    main.o(i.Music_Rhythm_Update) refers to lcd.o(i.LCD_Fill) for LCD_Fill
    main.o(i.Music_Rhythm_Update) refers to main.o(.data) for .data
    main.o(i.SystemClock_Config) refers to rt_memclr_w.o(.text) for __aeabi_memclr4
    main.o(i.SystemClock_Config) refers to stm32f1xx_hal_rcc.o(i.HAL_RCC_OscConfig) for HAL_RCC_OscConfig
    main.o(i.SystemClock_Config) refers to stm32f1xx_hal_rcc.o(i.HAL_RCC_ClockConfig) for HAL_RCC_ClockConfig
    main.o(i.SystemClock_Config) refers to stm32f1xx_hal_rcc_ex.o(i.HAL_RCCEx_PeriphCLKConfig) for HAL_RCCEx_PeriphCLKConfig
    main.o(i.UI_Refresh) refers to _printf_percent.o(.ARM.Collect$$_printf_percent$$00000000) for _printf_percent
    main.o(i.UI_Refresh) refers to _printf_s.o(.ARM.Collect$$_printf_percent$$00000014) for _printf_s
    main.o(i.UI_Refresh) refers to _printf_str.o(.text) for _printf_str
    main.o(i.UI_Refresh) refers to _printf_d.o(.ARM.Collect$$_printf_percent$$00000009) for _printf_d
[...]
    ../clib/printf.c                         0x00000000   Number         0  _sputc.o ABSOLUTE
    ../clib/printf.c                         0x00000000   Number         0  _printf_char.o ABSOLUTE
    ../clib/printf.c                         0x00000000   Number         0  _printf_dec.o ABSOLUTE
    ../clib/printf.c                         0x00000000   Number         0  _printf_str.o ABSOLUTE
    ../clib/printf.c                         0x00000000   Number         0  __printf.o ABSOLUTE
    ../clib/printf.c                         0x00000000   Number         0  noretval__2sprintf.o ABSOLUTE
    ../clib/printf.c                         0x00000000   Number         0  __2sprintf.o ABSOLUTE
    ../clib/printf.c                         0x00000000   Number         0  _printf_intcommon.o ABSOLUTE
    ../clib/printf.c                         0x00000000   Number         0  _printf_char_common.o ABSOLUTE
    ../clib/printf_percent.s                 0x00000000   Number         0  _printf_s.o ABSOLUTE
    ../clib/printf_percent.s                 0x00000000   Number         0  _printf_percent_end.o ABSOLUTE
    ../clib/printf_percent.s                 0x00000000   Number         0  _printf_percent.o ABSOLUTE
    ../clib/printf_percent.s                 0x00000000   Number         0  _printf_d.o ABSOLUTE
    ../clib/signal.c                         0x00000000   Number         0  defsig_rtmem_inner.o ABSOLUTE
    ../clib/signal.c                         0x00000000   Number         0  defsig_exit.o ABSOLUTE
    ../clib/signal.c                         0x00000000   Number         0  defsig_rtmem_formal.o ABSOLUTE
    ../clib/signal.c                         0x00000000   Number         0  defsig_rtmem_outer.o ABSOLUTE
    ../clib/signal.c                         0x00000000   Number         0  defsig_general.o ABSOLUTE
    ../clib/signal.c                         0x00000000   Number         0  defsig_other.o ABSOLUTE
    ../clib/signal.c                         0x00000000   Number         0  defsig_segv_inner.o ABSOLUTE
    ../clib/signal.c                         0x00000000   Number         0  defsig_cppl_inner.o ABSOLUTE
    ../clib/signal.c                         0x00000000   Number         0  defsig_pvfn_inner.o ABSOLUTE
    ../clib/signal.c                         0x00000000   Number         0  defsig_stak_inner.o ABSOLUTE
    ../clib/signal.c                         0x00000000   Number         0  defsig_rtred_inner.o ABSOLUTE
    ../clib/signal.c                         0x00000000   Number         0  defsig_fpe_inner.o ABSOLUTE
    ../clib/signal.c                         0x00000000   Number         0  defsig_abrt_inner.o ABSOLUTE
    ../clib/signal.c                         0x00000000   Number         0  __raise.o ABSOLUTE
    ../clib/signal.s                         0x00000000   Number         0  defsig.o ABSOLUTE
    ../clib/stdlib.c                         0x00000000   Number         0  exit.o ABSOLUTE
    ../fplib/ffixu.s                         0x00000000   Number         0  ffixu.o ABSOLUTE
    ../fplib/fmul.s                          0x00000000   Number         0  fmul.o ABSOLUTE
    ../fplib/fnaninf.s                       0x00000000   Number         0  fnaninf.o ABSOLUTE
    ../fplib/fpinit.s                        0x00000000   Number         0  fpinit.o ABSOLUTE
    ../fplib/fretinf.s                       0x00000000   Number         0  fretinf.o ABSOLUTE
    ../fplib/usenofp.s                       0x00000000   Number         0  usenofp.o ABSOLUTE
    ..\Core\Src\adc.c                        0x00000000   Number         0  adc.o ABSOLUTE
    ..\Core\Src\buzzer.c                     0x00000000   Number         0  buzzer.o ABSOLUTE
    ..\Core\Src\dma.c                        0x00000000   Number         0  dma.o ABSOLUTE
    ..\Core\Src\gpio.c                       0x00000000   Number         0  gpio.o ABSOLUTE
    ..\Core\Src\lcd.c                        0x00000000   Number         0  lcd.o ABSOLUTE
    ..\Core\Src\light.c                      0x00000000   Number         0  light.o ABSOLUTE
    ..\Core\Src\main.c                       0x00000000   Number         0  main.o ABSOLUTE
    ..\Core\Src\micphone.c                   0x00000000   Number         0  micphone.o ABSOLUTE
    ..\Core\Src\spi.c                        0x00000000   Number         0  spi.o ABSOLUTE
    ..\Core\Src\stm32f1xx_hal_msp.c          0x00000000   Number         0  stm32f1xx_hal_msp.o ABSOLUTE
    ..\Core\Src\stm32f1xx_it.c               0x00000000   Number         0  stm32f1xx_it.o ABSOLUTE
    ..\Core\Src\system_stm32f1xx.c           0x00000000   Number         0  system_stm32f1xx.o ABSOLUTE
    ..\Core\Src\tim.c                        0x00000000   Number         0  tim.o ABSOLUTE
    ..\Core\Src\usart.c                      0x00000000   Number         0  usart.o ABSOLUTE
    ..\Core\Src\ws2812.c                     0x00000000   Number         0  ws2812.o ABSOLUTE
    ..\Drivers\STM32F1xx_HAL_Driver\Src\stm32f1xx_hal.c 0x00000000   Number         0  stm32f1xx_hal.o ABSOLUTE
    ..\Drivers\STM32F1xx_HAL_Driver\Src\stm32f1xx_hal_adc.c 0x00000000   Number         0  stm32f1xx_hal_adc.o ABSOLUTE
    ..\Drivers\STM32F1xx_HAL_Driver\Src\stm32f1xx_hal_adc_ex.c 0x00000000   Number         0  stm32f1xx_hal_adc_ex.o ABSOLUTE
    ..\Drivers\STM32F1xx_HAL_Driver\Src\stm32f1xx_hal_cortex.c 0x00000000   Number         0  stm32f1xx_hal_cortex.o ABSOLUTE
    ..\Drivers\STM32F1xx_HAL_Driver\Src\stm32f1xx_hal_dma.c 0x00000000   Number         0  stm32f1xx_hal_dma.o ABSOLUTE
    ..\Drivers\STM32F1xx_HAL_Driver\Src\stm32f1xx_hal_exti.c 0x00000000   Number         0  stm32f1xx_hal_exti.o ABSOLUTE
    ..\Drivers\STM32F1xx_HAL_Driver\Src\stm32f1xx_hal_flash.c 0x00000000   Number         0  stm32f1xx_hal_flash.o ABSOLUTE
    ..\Drivers\STM32F1xx_HAL_Driver\Src\stm32f1xx_hal_flash_ex.c 0x00000000   Number         0  stm32f1xx_hal_flash_ex.o ABSOLUTE
    ..\Drivers\STM32F1xx_HAL_Driver\Src\stm32f1xx_hal_gpio.c 0x00000000   Number         0  stm32f1xx_hal_gpio.o ABSOLUTE
    ..\Drivers\STM32F1xx_HAL_Driver\Src\stm32f1xx_hal_gpio_ex.c 0x00000000   Number         0  stm32f1xx_hal_gpio_ex.o ABSOLUTE
    ..\Drivers\STM32F1xx_HAL_Driver\Src\stm32f1xx_hal_pwr.c 0x00000000   Number         0  stm32f1xx_hal_pwr.o ABSOLUTE
    ..\Drivers\STM32F1xx_HAL_Driver\Src\stm32f1xx_hal_rcc.c 0x00000000   Number         0  stm32f1xx_hal_rcc.o ABSOLUTE
    ..\Drivers\STM32F1xx_HAL_Driver\Src\stm32f1xx_hal_rcc_ex.c 0x00000000   Number         0  stm32f1xx_hal_rcc_ex.o ABSOLUTE
    ..\Drivers\STM32F1xx_HAL_Driver\Src\stm32f1xx_hal_spi.c 0x00000000   Number         0  stm32f1xx_hal_spi.o ABSOLUTE
    ..\Drivers\STM32F1xx_HAL_Driver\Src\stm32f1xx_hal_tim.c 0x00000000   Number         0  stm32f1xx_hal_tim.o ABSOLUTE
    ..\Drivers\STM32F1xx_HAL_Driver\Src\stm32f1xx_hal_tim_ex.c 0x00000000   Number         0  stm32f1xx_hal_tim_ex.o ABSOLUTE
    ..\Drivers\STM32F1xx_HAL_Driver\Src\stm32f1xx_hal_uart.c 0x00000000   Number         0  stm32f1xx_hal_uart.o ABSOLUTE
    dc.s                                     0x00000000   Number         0  dc.o ABSOLUTE
    startup_stm32f103xb.s                    0x00000000   Number         0  startup_stm32f103xb.o ABSOLUTE
    RESET                                    0x08000000   Section      236  startup_stm32f103xb.o(RESET)
    !!!main                                  0x080000ec   Section        8  __main.o(!!!main)
    !!!scatter                               0x080000f4   Section       52  __scatter.o(!!!scatter)
    !!handler_copy                           0x08000128   Section       26  __scatter_copy.o(!!handler_copy)
    !!handler_zi                             0x08000144   Section       28  __scatter_zi.o(!!handler_zi)
    .ARM.Collect$$_printf_percent$$00000000  0x08000160   Section        0  _printf_percent.o(.ARM.Collect$$_printf_percent$$00000000)
    .ARM.Collect$$_printf_percent$$00000009  0x08000160   Section        6  _printf_d.o(.ARM.Collect$$_printf_percent$$00000009)
    .ARM.Collect$$_printf_percent$$00000014  0x08000166   Section        6  _printf_s.o(.ARM.Collect$$_printf_percent$$00000014)
    .ARM.Collect$$_printf_percent$$00000017  0x0800016c   Section        4  _printf_percent_end.o(.ARM.Collect$$_printf_percent$$00000017)
    .ARM.Collect$$libinit$$00000000          0x08000170   Section        2  libinit.o(.ARM.Collect$$libinit$$00000000)
    .ARM.Collect$$libinit$$00000002          0x08000172   Section        0  libinit2.o(.ARM.Collect$$libinit$$00000002)
    .ARM.Collect$$libinit$$00000004          0x08000172   Section        0  libinit2.o(.ARM.Collect$$libinit$$00000004)
    .ARM.Collect$$libinit$$0000000A          0x08000172   Section        0  libinit2.o(.ARM.Collect$$libinit$$0000000A)
    .ARM.Collect$$libinit$$0000000C          0x08000172   Section        0  libinit2.o(.ARM.Collect$$libinit$$0000000C)
    .ARM.Collect$$libinit$$0000000E          0x08000172   Section        0  libinit2.o(.ARM.Collect$$libinit$$0000000E)
    .ARM.Collect$$libinit$$00000011          0x08000172   Section        0  libinit2.o(.ARM.Collect$$libinit$$00000011)
    .ARM.Collect$$libinit$$00000013          0x08000172   Section        0  libinit2.o(.ARM.Collect$$libinit$$00000013)
    .ARM.Collect$$libinit$$00000015          0x08000172   Section        0  libinit2.o(.ARM.Collect$$libinit$$00000015)
    .ARM.Collect$$libinit$$00000017          0x08000172   Section        0  libinit2.o(.ARM.Collect$$libinit$$00000017)
    .ARM.Collect$$libinit$$00000019          0x08000172   Section        0  libinit2.o(.ARM.Collect$$libinit$$00000019)
    .ARM.Collect$$libinit$$0000001B          0x08000172   Section        0  libinit2.o(.ARM.Collect$$libinit$$0000001B)
    .ARM.Collect$$libinit$$0000001D          0x08000172   Section        0  libinit2.o(.ARM.Collect$$libinit$$0000001D)
    .ARM.Collect$$libinit$$0000001F          0x08000172   Section        0  libinit2.o(.ARM.Collect$$libinit$$0000001F)
    .ARM.Collect$$libinit$$00000021          0x08000172   Section        0  libinit2.o(.ARM.Collect$$libinit$$00000021)
    .ARM.Collect$$libinit$$00000023          0x08000172   Section        0  libinit2.o(.ARM.Collect$$libinit$$00000023)
    .ARM.Collect$$libinit$$00000025          0x08000172   Section        0  libinit2.o(.ARM.Collect$$libinit$$00000025)
    .ARM.Collect$$libinit$$0000002C          0x08000172   Section        0  libinit2.o(.ARM.Collect$$libinit$$0000002C)
    .ARM.Collect$$libinit$$0000002E          0x08000172   Section        0  libinit2.o(.ARM.Collect$$libinit$$0000002E)
    .ARM.Collect$$libinit$$00000030          0x08000172   Section        0  libinit2.o(.ARM.Collect$$libinit$$00000030)
    .ARM.Collect$$libinit$$00000032          0x08000172   Section        0  libinit2.o(.ARM.Collect$$libinit$$00000032)
    .ARM.Collect$$libinit$$00000033          0x08000172   Section        2  libinit2.o(.ARM.Collect$$libinit$$00000033)
    .ARM.Collect$$libshutdown$$00000000      0x08000174   Section        2  libshutdown.o(.ARM.Collect$$libshutdown$$00000000)
    .ARM.Collect$$libshutdown$$00000002      0x08000176   Section        0  libshutdown2.o(.ARM.Collect$$libshutdown$$00000002)
    .ARM.Collect$$libshutdown$$00000004      0x08000176   Section        0  libshutdown2.o(.ARM.Collect$$libshutdown$$00000004)
    .ARM.Collect$$libshutdown$$00000007      0x08000176   Section        0  libshutdown2.o(.ARM.Collect$$libshutdown$$00000007)
    .ARM.Collect$$libshutdown$$0000000A      0x08000176   Section        0  libshutdown2.o(.ARM.Collect$$libshutdown$$0000000A)
    .ARM.Collect$$libshutdown$$0000000C      0x08000176   Section        0  libshutdown2.o(.ARM.Collect$$libshutdown$$0000000C)
    .ARM.Collect$$libshutdown$$0000000F      0x08000176   Section        0  libshutdown2.o(.ARM.Collect$$libshutdown$$0000000F)
    .ARM.Collect$$libshutdown$$00000010      0x08000176   Section        2  libshutdown2.o(.ARM.Collect$$libshutdown$$00000010)
    .ARM.Collect$$rtentry$$00000000          0x08000178   Section        0  __rtentry.o(.ARM.Collect$$rtentry$$00000000)
    .ARM.Collect$$rtentry$$00000002          0x08000178   Section        0  __rtentry2.o(.ARM.Collect$$rtentry$$00000002)
    .ARM.Collect$$rtentry$$00000004          0x08000178   Section        6  __rtentry4.o(.ARM.Collect$$rtentry$$00000004)
    .ARM.Collect$$rtentry$$00000009          0x0800017e   Section        0  __rtentry2.o(.ARM.Collect$$rtentry$$00000009)
    .ARM.Collect$$rtentry$$0000000A          0x0800017e   Section        4  __rtentry2.o(.ARM.Collect$$rtentry$$0000000A)
    .ARM.Collect$$rtentry$$0000000C          0x08000182   Section        0  __rtentry2.o(.ARM.Collect$$rtentry$$0000000C)
    .ARM.Collect$$rtentry$$0000000D          0x08000182   Section        8  __rtentry2.o(.ARM.Collect$$rtentry$$0000000D)
    .ARM.Collect$$rtexit$$00000000           0x0800018a   Section        2  rtexit.o(.ARM.Collect$$rtexit$$00000000)
    .ARM.Collect$$rtexit$$00000002           0x0800018c   Section        0  rtexit2.o(.ARM.Collect$$rtexit$$00000002)
    .ARM.Collect$$rtexit$$00000003           0x0800018c   Section        4  rtexit2.o(.ARM.Collect$$rtexit$$00000003)
    .ARM.Collect$$rtexit$$00000004           0x08000190   Section        6  rtexit2.o(.ARM.Collect$$rtexit$$00000004)
    .text                                    0x08000198   Section       64  startup_stm32f103xb.o(.text)
    .text                                    0x080001d8   Section        0  noretval__2sprintf.o(.text)
    .text                                    0x08000200   Section        0  __printf.o(.text)
    .text                                    0x08000268   Section        0  _printf_str.o(.text)
    .text                                    0x080002bc   Section        0  _printf_dec.o(.text)
    .text                                    0x08000334   Section      100  rt_memcpy_w.o(.text)
    .text                                    0x08000398   Section       68  rt_memclr.o(.text)
    .text                                    0x080003dc   Section       78  rt_memclr_w.o(.text)
    .text                                    0x0800042a   Section        0  heapauxi.o(.text)
    .text                                    0x08000430   Section        0  _printf_intcommon.o(.text)
    .text                                    0x080004e4   Section        0  _printf_char_common.o(.text)
    _printf_input_char                       0x080004e5   Thumb Code    10  _printf_char_common.o(.text)
    .text                                    0x08000514   Section        0  _sputc.o(.text)
    .text                                    0x0800051e   Section        0  _printf_char.o(.text)
    .text                                    0x0800054a   Section       74  sys_stackheap_outer.o(.text)
    .text                                    0x08000594   Section        0  exit.o(.text)
    .text                                    0x080005a8   Section        8  libspace.o(.text)
    .text                                    0x080005b0   Section        0  sys_exit.o(.text)
    .text                                    0x080005bc   Section        2  use_no_semi.o(.text)
    .text                                    0x080005be   Section        0  indicate_semi.o(.text)
    i.ADC_ConversionStop_Disable             0x080005c0   Section        0  stm32f1xx_hal_adc.o(i.ADC_ConversionStop_Disable)
    i.ADC_Enable                             0x08000618   Section        0  stm32f1xx_hal_adc.o(i.ADC_Enable)
    i.Animation_Update                       0x08000694   Section        0  main.o(i.Animation_Update)
    i.Auto_Brightness_Update                 0x080008d0   Section        0  main.o(i.Auto_Brightness_Update)
    i.BusFault_Handler                       0x08000908   Section        0  stm32f1xx_it.o(i.BusFault_Handler)
    i.Buzzer_Beep_Short                      0x0800090c   Section        0  buzzer.o(i.Buzzer_Beep_Short)
    i.Buzzer_Init                            0x08000938   Section        0  buzzer.o(i.Buzzer_Init)
    i.DMA1_Channel2_IRQHandler               0x08000948   Section        0  stm32f1xx_it.o(i.DMA1_Channel2_IRQHandler)
    i.DMA_SetConfig                          0x08000954   Section        0  stm32f1xx_hal_dma.o(i.DMA_SetConfig)
    DMA_SetConfig                            0x08000955   Thumb Code    42  stm32f1xx_hal_dma.o(i.DMA_SetConfig)
    i.DebugMon_Handler                       0x0800097e   Section        0  stm32f1xx_it.o(i.DebugMon_Handler)
    i.EXTI9_5_IRQHandler                     0x08000980   Section        0  stm32f1xx_it.o(i.EXTI9_5_IRQHandler)
    i.Error_Handler                          0x08000992   Section        0  main.o(i.Error_Handler)
    i.HAL_ADCEx_Calibration_Start            0x08000998   Section        0  stm32f1xx_hal_adc_ex.o(i.HAL_ADCEx_Calibration_Start)
    i.HAL_ADC_ConfigChannel                  0x08000a70   Section        0  stm32f1xx_hal_adc.o(i.HAL_ADC_ConfigChannel)
    i.HAL_ADC_GetValue                       0x08000b6c   Section        0  stm32f1xx_hal_adc.o(i.HAL_ADC_GetValue)
    i.HAL_ADC_Init                           0x08000b74   Section        0  stm32f1xx_hal_adc.o(i.HAL_ADC_Init)
    i.HAL_ADC_MspInit                        0x08000c90   Section        0  adc.o(i.HAL_ADC_MspInit)
    i.HAL_ADC_PollForConversion              0x08000ce8   Section        0  stm32f1xx_hal_adc.o(i.HAL_ADC_PollForConversion)
    i.HAL_ADC_Start                          0x08000e24   Section        0  stm32f1xx_hal_adc.o(i.HAL_ADC_Start)
    i.HAL_DMA_Abort_IT                       0x08000ee4   Section        0  stm32f1xx_hal_dma.o(i.HAL_DMA_Abort_IT)
    i.HAL_DMA_IRQHandler                     0x08000f7c   Section        0  stm32f1xx_hal_dma.o(i.HAL_DMA_IRQHandler)
    i.HAL_DMA_Init                           0x080010d0   Section        0  stm32f1xx_hal_dma.o(i.HAL_DMA_Init)
    i.HAL_DMA_Start_IT                       0x0800112c   Section        0  stm32f1xx_hal_dma.o(i.HAL_DMA_Start_IT)
    i.HAL_Delay                              0x0800119c   Section        0  stm32f1xx_hal.o(i.HAL_Delay)
    i.HAL_GPIO_EXTI_Callback                 0x080011c0   Section        0  main.o(i.HAL_GPIO_EXTI_Callback)
    i.HAL_GPIO_EXTI_IRQHandler               0x080011ec   Section        0  stm32f1xx_hal_gpio.o(i.HAL_GPIO_EXTI_IRQHandler)
    i.HAL_GPIO_Init                          0x08001204   Section        0  stm32f1xx_hal_gpio.o(i.HAL_GPIO_Init)
    i.HAL_GPIO_ReadPin                       0x080013e4   Section        0  stm32f1xx_hal_gpio.o(i.HAL_GPIO_ReadPin)
    i.HAL_GPIO_WritePin                      0x080013ee   Section        0  stm32f1xx_hal_gpio.o(i.HAL_GPIO_WritePin)
    i.HAL_GetTick                            0x080013f8   Section        0  stm32f1xx_hal.o(i.HAL_GetTick)
    i.HAL_IncTick                            0x08001404   Section        0  stm32f1xx_hal.o(i.HAL_IncTick)
    i.HAL_Init                               0x08001414   Section        0  stm32f1xx_hal.o(i.HAL_Init)
    i.HAL_InitTick                           0x08001438   Section        0  stm32f1xx_hal.o(i.HAL_InitTick)
    i.HAL_MspInit                            0x08001478   Section        0  stm32f1xx_hal_msp.o(i.HAL_MspInit)
    i.HAL_NVIC_EnableIRQ                     0x080014b4   Section        0  stm32f1xx_hal_cortex.o(i.HAL_NVIC_EnableIRQ)
    i.HAL_NVIC_SetPriority                   0x080014d0   Section        0  stm32f1xx_hal_cortex.o(i.HAL_NVIC_SetPriority)
    i.HAL_NVIC_SetPriorityGrouping           0x08001510   Section        0  stm32f1xx_hal_cortex.o(i.HAL_NVIC_SetPriorityGrouping)
    i.HAL_RCCEx_GetPeriphCLKFreq             0x08001534   Section        0  stm32f1xx_hal_rcc_ex.o(i.HAL_RCCEx_GetPeriphCLKFreq)
    i.HAL_RCCEx_PeriphCLKConfig              0x080015d8   Section        0  stm32f1xx_hal_rcc_ex.o(i.HAL_RCCEx_PeriphCLKConfig)
    i.HAL_RCC_ClockConfig                    0x080016c4   Section        0  stm32f1xx_hal_rcc.o(i.HAL_RCC_ClockConfig)
    i.HAL_RCC_GetPCLK1Freq                   0x080017f0   Section        0  stm32f1xx_hal_rcc.o(i.HAL_RCC_GetPCLK1Freq)
    i.HAL_RCC_GetPCLK2Freq                   0x08001810   Section        0  stm32f1xx_hal_rcc.o(i.HAL_RCC_GetPCLK2Freq)
    i.HAL_RCC_GetSysClockFreq                0x08001830   Section        0  stm32f1xx_hal_rcc.o(i.HAL_RCC_GetSysClockFreq)
    i.HAL_RCC_OscConfig                      0x0800187c   Section        0  stm32f1xx_hal_rcc.o(i.HAL_RCC_OscConfig)
    i.HAL_SYSTICK_Config                     0x08001b9c   Section        0  stm32f1xx_hal_cortex.o(i.HAL_SYSTICK_Config)
    i.HAL_TIMEx_ConfigBreakDeadTime          0x08001bc4   Section        0  stm32f1xx_hal_tim_ex.o(i.HAL_TIMEx_ConfigBreakDeadTime)
    i.HAL_TIMEx_MasterConfigSynchronization  0x08001c18   Section        0  stm32f1xx_hal_tim_ex.o(i.HAL_TIMEx_MasterConfigSynchronization)
    i.HAL_TIMEx_PWMN_Start_DMA               0x08001c80   Section        0  stm32f1xx_hal_tim_ex.o(i.HAL_TIMEx_PWMN_Start_DMA)
    i.HAL_TIMEx_PWMN_Stop_DMA                0x08001de0   Section        0  stm32f1xx_hal_tim_ex.o(i.HAL_TIMEx_PWMN_Stop_DMA)
    i.HAL_TIM_ErrorCallback                  0x08001e88   Section        0  stm32f1xx_hal_tim.o(i.HAL_TIM_ErrorCallback)
    i.HAL_TIM_MspPostInit                    0x08001e8c   Section        0  tim.o(i.HAL_TIM_MspPostInit)
    i.HAL_TIM_PWM_ConfigChannel              0x08001ed8   Section        0  stm32f1xx_hal_tim.o(i.HAL_TIM_PWM_ConfigChannel)
    i.HAL_TIM_PWM_Init                       0x08001fa4   Section        0  stm32f1xx_hal_tim.o(i.HAL_TIM_PWM_Init)
    i.HAL_TIM_PWM_MspInit                    0x08002000   Section        0  tim.o(i.HAL_TIM_PWM_MspInit)
    i.HAL_TIM_PWM_PulseFinishedCallback      0x08002064   Section        0  ws2812.o(i.HAL_TIM_PWM_PulseFinishedCallback)
    i.HAL_TIM_PWM_PulseFinishedHalfCpltCallback 0x08002080   Section        0  stm32f1xx_hal_tim.o(i.HAL_TIM_PWM_PulseFinishedHalfCpltCallback)
    i.HAL_UART_Init                          0x08002082   Section        0  stm32f1xx_hal_uart.o(i.HAL_UART_Init)
    i.HAL_UART_MspInit                       0x080020e8   Section        0  usart.o(i.HAL_UART_MspInit)
    i.HSV_To_RGB                             0x0800219c   Section        0  main.o(i.HSV_To_RGB)
    HSV_To_RGB                               0x0800219d   Thumb Code   174  main.o(i.HSV_To_RGB)
    i.Handle_Keys                            0x0800224c   Section        0  main.o(i.Handle_Keys)
    i.HardFault_Handler                      0x08002390   Section        0  stm32f1xx_it.o(i.HardFault_Handler)
    i.LCD_Address_Set                        0x08002392   Section        0  lcd.o(i.LCD_Address_Set)
    i.LCD_Clear                              0x080023d4   Section        0  lcd.o(i.LCD_Clear)
    i.LCD_DrawLine                           0x08002400   Section        0  lcd.o(i.LCD_DrawLine)
    i.LCD_DrawPoint                          0x0800249c   Section        0  lcd.o(i.LCD_DrawPoint)
    i.LCD_Fill                               0x080024b2   Section        0  lcd.o(i.LCD_Fill)
    i.LCD_Init                               0x080024f0   Section        0  lcd.o(i.LCD_Init)
    i.LCD_ShowChar                           0x080026f4   Section        0  lcd.o(i.LCD_ShowChar)
    i.LCD_ShowString                         0x08002800   Section        0  lcd.o(i.LCD_ShowString)
    i.LCD_WR_DATA                            0x0800283a   Section        0  lcd.o(i.LCD_WR_DATA)
    i.LCD_WR_REG                             0x08002850   Section        0  lcd.o(i.LCD_WR_REG)
    i.LCD_Writ_Bus                           0x08002878   Section        0  lcd.o(i.LCD_Writ_Bus)
    i.Light_Init                             0x080028dc   Section        0  light.o(i.Light_Init)
    i.Light_IsBright                         0x080028e0   Section        0  light.o(i.Light_IsBright)
    i.MX_ADC1_Init                           0x080028f8   Section        0  adc.o(i.MX_ADC1_Init)
    i.MX_DMA_Init                            0x08002948   Section        0  dma.o(i.MX_DMA_Init)
    i.MX_GPIO_Init                           0x08002974   Section        0  gpio.o(i.MX_GPIO_Init)
    i.MX_TIM1_Init                           0x08002a40   Section        0  tim.o(i.MX_TIM1_Init)
    i.MX_USART2_UART_Init                    0x08002ae0   Section        0  usart.o(i.MX_USART2_UART_Init)
    i.MX_USART3_UART_Init                    0x08002b18   Section        0  usart.o(i.MX_USART3_UART_Init)
    i.Matrix_SetPixel                        0x08002b50   Section        0  main.o(i.Matrix_SetPixel)
    Matrix_SetPixel                          0x08002b51   Thumb Code    50  main.o(i.Matrix_SetPixel)
    i.MemManage_Handler                      0x08002b82   Section        0  stm32f1xx_it.o(i.MemManage_Handler)
    i.Micphone_GetActivityLevel              0x08002b84   Section        0  micphone.o(i.Micphone_GetActivityLevel)
    i.Micphone_GetAverage                    0x08002c18   Section        0  micphone.o(i.Micphone_GetAverage)
    i.Micphone_GetValue                      0x08002c38   Section        0  micphone.o(i.Micphone_GetValue)
    i.Micphone_Init                          0x08002c5c   Section        0  micphone.o(i.Micphone_Init)
    i.Music_Rhythm_Update                    0x08002c68   Section        0  main.o(i.Music_Rhythm_Update)
    i.NMI_Handler                            0x08002e4c   Section        0  stm32f1xx_it.o(i.NMI_Handler)
    i.PendSV_Handler                         0x08002e4e   Section        0  stm32f1xx_it.o(i.PendSV_Handler)
    i.SVC_Handler                            0x08002e50   Section        0  stm32f1xx_it.o(i.SVC_Handler)
    i.SysTick_Handler                        0x08002e52   Section        0  stm32f1xx_it.o(i.SysTick_Handler)
    i.SystemClock_Config                     0x08002e56   Section        0  main.o(i.SystemClock_Config)
    i.SystemInit                             0x08002ece   Section        0  system_stm32f1xx.o(i.SystemInit)
    i.TIM_Base_SetConfig                     0x08002ed0   Section        0  stm32f1xx_hal_tim.o(i.TIM_Base_SetConfig)
    i.TIM_CCxNChannelCmd                     0x08002f48   Section        0  stm32f1xx_hal_tim_ex.o(i.TIM_CCxNChannelCmd)
    TIM_CCxNChannelCmd                       0x08002f49   Thumb Code    26  stm32f1xx_hal_tim_ex.o(i.TIM_CCxNChannelCmd)
    i.TIM_DMADelayPulseHalfCplt              0x08002f62   Section        0  stm32f1xx_hal_tim.o(i.TIM_DMADelayPulseHalfCplt)
    i.TIM_DMADelayPulseNCplt                 0x08002f9a   Section        0  stm32f1xx_hal_tim_ex.o(i.TIM_DMADelayPulseNCplt)
    TIM_DMADelayPulseNCplt                   0x08002f9b   Thumb Code    74  stm32f1xx_hal_tim_ex.o(i.TIM_DMADelayPulseNCplt)
    i.TIM_DMAErrorCCxN                       0x08002fe4   Section        0  stm32f1xx_hal_tim_ex.o(i.TIM_DMAErrorCCxN)
    TIM_DMAErrorCCxN                         0x08002fe5   Thumb Code    62  stm32f1xx_hal_tim_ex.o(i.TIM_DMAErrorCCxN)
    i.TIM_OC1_SetConfig                      0x08003024   Section        0  stm32f1xx_hal_tim.o(i.TIM_OC1_SetConfig)
    TIM_OC1_SetConfig                        0x08003025   Thumb Code    74  stm32f1xx_hal_tim.o(i.TIM_OC1_SetConfig)
    i.TIM_OC2_SetConfig                      0x08003074   Section        0  stm32f1xx_hal_tim.o(i.TIM_OC2_SetConfig)
    i.TIM_OC3_SetConfig                      0x080030cc   Section        0  stm32f1xx_hal_tim.o(i.TIM_OC3_SetConfig)
    TIM_OC3_SetConfig                        0x080030cd   Thumb Code    82  stm32f1xx_hal_tim.o(i.TIM_OC3_SetConfig)
    i.TIM_OC4_SetConfig                      0x08003124   Section        0  stm32f1xx_hal_tim.o(i.TIM_OC4_SetConfig)
    TIM_OC4_SetConfig                        0x08003125   Thumb Code    64  stm32f1xx_hal_tim.o(i.TIM_OC4_SetConfig)
    i.UART_SetConfig                         0x08003168   Section        0  stm32f1xx_hal_uart.o(i.UART_SetConfig)
    UART_SetConfig                           0x08003169   Thumb Code   178  stm32f1xx_hal_uart.o(i.UART_SetConfig)
    i.UI_Refresh                             0x08003220   Section        0  main.o(i.UI_Refresh)
    i.UsageFault_Handler                     0x08003748   Section        0  stm32f1xx_it.o(i.UsageFault_Handler)
    i.WS2812_Clear                           0x0800374a   Section        0  ws2812.o(i.WS2812_Clear)
    i.WS2812_Init                            0x08003770   Section        0  ws2812.o(i.WS2812_Init)
    i.WS2812_Set_All                         0x08003780   Section        0  ws2812.o(i.WS2812_Set_All)
    i.WS2812_Set_Color                       0x080037b0   Section        0  ws2812.o(i.WS2812_Set_Color)
    i.WS2812_Show                            0x0800380c   Section        0  ws2812.o(i.WS2812_Show)
    i.__NVIC_SetPriority                     0x0800384c   Section        0  stm32f1xx_hal_cortex.o(i.__NVIC_SetPriority)
    __NVIC_SetPriority                       0x0800384d   Thumb Code    32  stm32f1xx_hal_cortex.o(i.__NVIC_SetPriority)
    i.main                                   0x0800386c   Section        0  main.o(i.main)
    .constdata                               0x080038e0   Section       40  main.o(.constdata)
    .constdata                               0x08003908   Section    13896  lcd.o(.constdata)
    .constdata                               0x08006f50   Section       18  stm32f1xx_hal_rcc.o(.constdata)
    aPredivFactorTable                       0x08006f50   Data           2  stm32f1xx_hal_rcc.o(.constdata)
    aPLLMULFactorTable                       0x08006f52   Data          16  stm32f1xx_hal_rcc.o(.constdata)
    .constdata                               0x08006f62   Section       18  stm32f1xx_hal_rcc_ex.o(.constdata)
    aPredivFactorTable                       0x08006f62   Data           2  stm32f1xx_hal_rcc_ex.o(.constdata)
    aPLLMULFactorTable                       0x08006f64   Data          16  stm32f1xx_hal_rcc_ex.o(.constdata)
    .constdata                               0x08006f74   Section       16  system_stm32f1xx.o(.constdata)
    .constdata                               0x08006f84   Section        8  system_stm32f1xx.o(.constdata)
    .conststring                             0x08006f8c   Section       93  main.o(.conststring)
    .data                                    0x20000000   Section       61  main.o(.data)
    last_bar_length                          0x20000007   Data           1  main.o(.data)
    tide_dir                                 0x20000008   Data           1  main.o(.data)
    tide_energy                              0x20000009   Data           1  main.o(.data)
    activity_avg                             0x2000000a   Data           1  main.o(.data)
    tide_phase                               0x2000000c   Data           2  main.o(.data)
    rng_state                                0x20000014   Data           4  main.o(.data)
    last_rhythm_time                         0x20000018   Data           4  main.o(.data)
    last_beat_time                           0x2000001c   Data           4  main.o(.data)
    last_anim_time                           0x20000020   Data           4  main.o(.data)
    last_check_time                          0x20000024   Data           4  main.o(.data)
    .data                                    0x2000003e   Section        8  micphone.o(.data)
    initialized                              0x2000003e   Data           1  micphone.o(.data)
    baseline                                 0x20000040   Data           2  micphone.o(.data)
    noise_floor                              0x20000042   Data           2  micphone.o(.data)
    envelope                                 0x20000044   Data           2  micphone.o(.data)
    .data                                    0x20000048   Section       12  stm32f1xx_hal.o(.data)
    .data                                    0x20000054   Section        4  system_stm32f1xx.o(.data)
    .bss                                     0x20000058   Section       48  adc.o(.bss)
    .bss                                     0x20000088   Section      140  tim.o(.bss)
    .bss                                     0x20000114   Section      144  usart.o(.bss)
    .bss                                     0x200001a4   Section     3172  ws2812.o(.bss)
    ws2812_pixel_data                        0x200001a4   Data        3172  ws2812.o(.bss)
    .bss                                     0x20000e08   Section       96  libspace.o(.bss)
    HEAP                                     0x20000e68   Section      512  startup_stm32f103xb.o(HEAP)
    Heap_Mem                                 0x20000e68   Data         512  startup_stm32f103xb.o(HEAP)
    STACK                                    0x20001068   Section     1024  startup_stm32f103xb.o(STACK)
    Stack_Mem                                0x20001068   Data        1024  startup_stm32f103xb.o(STACK)
    __initial_sp                             0x20001468   Data           0  startup_stm32f103xb.o(STACK)

    Global Symbols

    Symbol Name                              Value     Ov Type        Size  Object(Section)

    BuildAttributes$$THM_ISAv4$P$D$K$B$S$PE$A:L22UL41UL21$X:L11$S22US41US21$IEEE1$IW$USESV6$~STKCKD$USESV7$~SHL$OSPACE$ROPI$EBA8$UX$STANDARDLIB$REQ8$PRES8$EABIv2 0x00000000   Number         0  anon$$obj.o ABSOLUTE
    __ARM_use_no_argv                        0x00000000   Number         0  main.o ABSOLUTE
    __ARM_exceptions_init                     - Undefined Weak Reference
    __alloca_initialize                       - Undefined Weak Reference
    __arm_preinit_                            - Undefined Weak Reference
    __cpp_initialize__aeabi_                  - Undefined Weak Reference
    __cxa_finalize                            - Undefined Weak Reference
    __rt_locale                               - Undefined Weak Reference
    __sigvec_lookup                           - Undefined Weak Reference
    _atexit_init                              - Undefined Weak Reference
    _call_atexit_fns                          - Undefined Weak Reference
    _clock_init                               - Undefined Weak Reference
    _fp_trap_init                             - Undefined Weak Reference
    _fp_trap_shutdown                         - Undefined Weak Reference
    _get_lc_collate                           - Undefined Weak Reference
    _get_lc_ctype                             - Undefined Weak Reference
    _get_lc_monetary                          - Undefined Weak Reference
    _get_lc_numeric                           - Undefined Weak Reference
    _get_lc_time                              - Undefined Weak Reference
    _getenv_init                              - Undefined Weak Reference
    _handle_redirection                       - Undefined Weak Reference
    _init_alloc                               - Undefined Weak Reference
    _init_user_alloc                          - Undefined Weak Reference
    _initio                                   - Undefined Weak Reference
    _printf_mbtowc                            - Undefined Weak Reference
    _printf_post_padding                      - Undefined Weak Reference
    _printf_pre_padding                       - Undefined Weak Reference
    _printf_truncate_signed                   - Undefined Weak Reference
    _printf_truncate_unsigned                 - Undefined Weak Reference
    _rand_init                                - Undefined Weak Reference
    _signal_finish                            - Undefined Weak Reference
    _signal_init                              - Undefined Weak Reference
    _terminate_alloc                          - Undefined Weak Reference
    _terminate_user_alloc                     - Undefined Weak Reference
    _terminateio                              - Undefined Weak Reference
    __Vectors_Size                           0x000000ec   Number         0  startup_stm32f103xb.o ABSOLUTE
    __Vectors                                0x08000000   Data           4  startup_stm32f103xb.o(RESET)
    __Vectors_End                            0x080000ec   Data           0  startup_stm32f103xb.o(RESET)
    __main                                   0x080000ed   Thumb Code     8  __main.o(!!!main)
    __scatterload                            0x080000f5   Thumb Code     0  __scatter.o(!!!scatter)
    __scatterload_rt2                        0x080000f5   Thumb Code    44  __scatter.o(!!!scatter)
    __scatterload_rt2_thumb_only             0x080000f5   Thumb Code     0  __scatter.o(!!!scatter)
    __scatterload_null                       0x08000103   Thumb Code     0  __scatter.o(!!!scatter)
    __scatterload_copy                       0x08000129   Thumb Code    26  __scatter_copy.o(!!handler_copy)
    __scatterload_zeroinit                   0x08000145   Thumb Code    28  __scatter_zi.o(!!handler_zi)
    _printf_d                                0x08000161   Thumb Code     0  _printf_d.o(.ARM.Collect$$_printf_percent$$00000009)
    _printf_percent                          0x08000161   Thumb Code     0  _printf_percent.o(.ARM.Collect$$_printf_percent$$00000000)
    _printf_s                                0x08000167   Thumb Code     0  _printf_s.o(.ARM.Collect$$_printf_percent$$00000014)
    _printf_percent_end                      0x0800016d   Thumb Code     0  _printf_percent_end.o(.ARM.Collect$$_printf_percent$$00000017)
    __rt_lib_init                            0x08000171   Thumb Code     0  libinit.o(.ARM.Collect$$libinit$$00000000)
    __rt_lib_init_alloca_1                   0x08000173   Thumb Code     0  libinit2.o(.ARM.Collect$$libinit$$0000002E)
    __rt_lib_init_argv_1                     0x08000173   Thumb Code     0  libinit2.o(.ARM.Collect$$libinit$$0000002C)
    __rt_lib_init_atexit_1                   0x08000173   Thumb Code     0  libinit2.o(.ARM.Collect$$libinit$$0000001B)
    __rt_lib_init_clock_1                    0x08000173   Thumb Code     0  libinit2.o(.ARM.Collect$$libinit$$00000021)
    __rt_lib_init_cpp_1                      0x08000173   Thumb Code     0  libinit2.o(.ARM.Collect$$libinit$$00000032)
    __rt_lib_init_exceptions_1               0x08000173   Thumb Code     0  libinit2.o(.ARM.Collect$$libinit$$00000030)
    __rt_lib_init_fp_1                       0x08000173   Thumb Code     0  libinit2.o(.ARM.Collect$$libinit$$00000002)
    __rt_lib_init_fp_trap_1                  0x08000173   Thumb Code     0  libinit2.o(.ARM.Collect$$libinit$$0000001F)
    __rt_lib_init_getenv_1                   0x08000173   Thumb Code     0  libinit2.o(.ARM.Collect$$libinit$$00000023)
    __rt_lib_init_heap_1                     0x08000173   Thumb Code     0  libinit2.o(.ARM.Collect$$libinit$$0000000A)
    __rt_lib_init_lc_collate_1               0x08000173   Thumb Code     0  libinit2.o(.ARM.Collect$$libinit$$00000011)
    __rt_lib_init_lc_ctype_1                 0x08000173   Thumb Code     0  libinit2.o(.ARM.Collect$$libinit$$00000013)
    __rt_lib_init_lc_monetary_1              0x08000173   Thumb Code     0  libinit2.o(.ARM.Collect$$libinit$$00000015)
    __rt_lib_init_lc_numeric_1               0x08000173   Thumb Code     0  libinit2.o(.ARM.Collect$$libinit$$00000017)
    __rt_lib_init_lc_time_1                  0x08000173   Thumb Code     0  libinit2.o(.ARM.Collect$$libinit$$00000019)
    __rt_lib_init_preinit_1                  0x08000173   Thumb Code     0  libinit2.o(.ARM.Collect$$libinit$$00000004)
    __rt_lib_init_rand_1                     0x08000173   Thumb Code     0  libinit2.o(.ARM.Collect$$libinit$$0000000E)
    __rt_lib_init_return                     0x08000173   Thumb Code     0  libinit2.o(.ARM.Collect$$libinit$$00000033)
    __rt_lib_init_signal_1                   0x08000173   Thumb Code     0  libinit2.o(.ARM.Collect$$libinit$$0000001D)
    __rt_lib_init_stdio_1                    0x08000173   Thumb Code     0  libinit2.o(.ARM.Collect$$libinit$$00000025)
    __rt_lib_init_user_alloc_1               0x08000173   Thumb Code     0  libinit2.o(.ARM.Collect$$libinit$$0000000C)
    __rt_lib_shutdown                        0x08000175   Thumb Code     0  libshutdown.o(.ARM.Collect$$libshutdown$$00000000)
    __rt_lib_shutdown_cpp_1                  0x08000177   Thumb Code     0  libshutdown2.o(.ARM.Collect$$libshutdown$$00000002)
    __rt_lib_shutdown_fp_trap_1              0x08000177   Thumb Code     0  libshutdown2.o(.ARM.Collect$$libshutdown$$00000007)
    __rt_lib_shutdown_heap_1                 0x08000177   Thumb Code     0  libshutdown2.o(.ARM.Collect$$libshutdown$$0000000F)
    __rt_lib_shutdown_return                 0x08000177   Thumb Code     0  libshutdown2.o(.ARM.Collect$$libshutdown$$00000010)
    __rt_lib_shutdown_signal_1               0x08000177   Thumb Code     0  libshutdown2.o(.ARM.Collect$$libshutdown$$0000000A)
    __rt_lib_shutdown_stdio_1                0x08000177   Thumb Code     0  libshutdown2.o(.ARM.Collect$$libshutdown$$00000004)
    __rt_lib_shutdown_user_alloc_1           0x08000177   Thumb Code     0  libshutdown2.o(.ARM.Collect$$libshutdown$$0000000C)
    __rt_entry                               0x08000179   Thumb Code     0  __rtentry.o(.ARM.Collect$$rtentry$$00000000)
    __rt_entry_presh_1                       0x08000179   Thumb Code     0  __rtentry2.o(.ARM.Collect$$rtentry$$00000002)
    __rt_entry_sh                            0x08000179   Thumb Code     0  __rtentry4.o(.ARM.Collect$$rtentry$$00000004)
    __rt_entry_li                            0x0800017f   Thumb Code     0  __rtentry2.o(.ARM.Collect$$rtentry$$0000000A)
    __rt_entry_postsh_1                      0x0800017f   Thumb Code     0  __rtentry2.o(.ARM.Collect$$rtentry$$00000009)
    __rt_entry_main                          0x08000183   Thumb Code     0  __rtentry2.o(.ARM.Collect$$rtentry$$0000000D)
    __rt_entry_postli_1                      0x08000183   Thumb Code     0  __rtentry2.o(.ARM.Collect$$rtentry$$0000000C)
    __rt_exit                                0x0800018b   Thumb Code     0  rtexit.o(.ARM.Collect$$rtexit$$00000000)
    __rt_exit_ls                             0x0800018d   Thumb Code     0  rtexit2.o(.ARM.Collect$$rtexit$$00000003)
    __rt_exit_prels_1                        0x0800018d   Thumb Code     0  rtexit2.o(.ARM.Collect$$rtexit$$00000002)
    __rt_exit_exit                           0x08000191   Thumb Code     0  rtexit2.o(.ARM.Collect$$rtexit$$00000004)
    Reset_Handler                            0x08000199   Thumb Code     8  startup_stm32f103xb.o(.text)
    ADC1_2_IRQHandler                        0x080001b3   Thumb Code     0  startup_stm32f103xb.o(.text)
    CAN1_RX1_IRQHandler                      0x080001b3   Thumb Code     0  startup_stm32f103xb.o(.text)
    CAN1_SCE_IRQHandler                      0x080001b3   Thumb Code     0  startup_stm32f103xb.o(.text)
    DMA1_Channel1_IRQHandler                 0x080001b3   Thumb Code     0  startup_stm32f103xb.o(.text)
    DMA1_Channel3_IRQHandler                 0x080001b3   Thumb Code     0  startup_stm32f103xb.o(.text)
    DMA1_Channel4_IRQHandler                 0x080001b3   Thumb Code     0  startup_stm32f103xb.o(.text)
    DMA1_Channel5_IRQHandler                 0x080001b3   Thumb Code     0  startup_stm32f103xb.o(.text)
    DMA1_Channel6_IRQHandler                 0x080001b3   Thumb Code     0  startup_stm32f103xb.o(.text)
    DMA1_Channel7_IRQHandler                 0x080001b3   Thumb Code     0  startup_stm32f103xb.o(.text)
    EXTI0_IRQHandler                         0x080001b3   Thumb Code     0  startup_stm32f103xb.o(.text)
    EXTI15_10_IRQHandler                     0x080001b3   Thumb Code     0  startup_stm32f103xb.o(.text)
    EXTI1_IRQHandler                         0x080001b3   Thumb Code     0  startup_stm32f103xb.o(.text)
    EXTI2_IRQHandler                         0x080001b3   Thumb Code     0  startup_stm32f103xb.o(.text)
    EXTI3_IRQHandler                         0x080001b3   Thumb Code     0  startup_stm32f103xb.o(.text)
    EXTI4_IRQHandler                         0x080001b3   Thumb Code     0  startup_stm32f103xb.o(.text)
    FLASH_IRQHandler                         0x080001b3   Thumb Code     0  startup_stm32f103xb.o(.text)
    I2C1_ER_IRQHandler                       0x080001b3   Thumb Code     0  startup_stm32f103xb.o(.text)
    I2C1_EV_IRQHandler                       0x080001b3   Thumb Code     0  startup_stm32f103xb.o(.text)
    I2C2_ER_IRQHandler                       0x080001b3   Thumb Code     0  startup_stm32f103xb.o(.text)
    I2C2_EV_IRQHandler                       0x080001b3   Thumb Code     0  startup_stm32f103xb.o(.text)
    PVD_IRQHandler                           0x080001b3   Thumb Code     0  startup_stm32f103xb.o(.text)
    RCC_IRQHandler                           0x080001b3   Thumb Code     0  startup_stm32f103xb.o(.text)
    RTC_Alarm_IRQHandler                     0x080001b3   Thumb Code     0  startup_stm32f103xb.o(.text)
    RTC_IRQHandler                           0x080001b3   Thumb Code     0  startup_stm32f103xb.o(.text)
    SPI1_IRQHandler                          0x080001b3   Thumb Code     0  startup_stm32f103xb.o(.text)
    SPI2_IRQHandler                          0x080001b3   Thumb Code     0  startup_stm32f103xb.o(.text)
    TAMPER_IRQHandler                        0x080001b3   Thumb Code     0  startup_stm32f103xb.o(.text)
    TIM1_BRK_IRQHandler                      0x080001b3   Thumb Code     0  startup_stm32f103xb.o(.text)
    TIM1_CC_IRQHandler                       0x080001b3   Thumb Code     0  startup_stm32f103xb.o(.text)
    TIM1_TRG_COM_IRQHandler                  0x080001b3   Thumb Code     0  startup_stm32f103xb.o(.text)
    TIM1_UP_IRQHandler                       0x080001b3   Thumb Code     0  startup_stm32f103xb.o(.text)
    TIM2_IRQHandler                          0x080001b3   Thumb Code     0  startup_stm32f103xb.o(.text)
    TIM3_IRQHandler                          0x080001b3   Thumb Code     0  startup_stm32f103xb.o(.text)
    TIM4_IRQHandler                          0x080001b3   Thumb Code     0  startup_stm32f103xb.o(.text)
    USART1_IRQHandler                        0x080001b3   Thumb Code     0  startup_stm32f103xb.o(.text)
    USART2_IRQHandler                        0x080001b3   Thumb Code     0  startup_stm32f103xb.o(.text)
    USART3_IRQHandler                        0x080001b3   Thumb Code     0  startup_stm32f103xb.o(.text)
    USBWakeUp_IRQHandler                     0x080001b3   Thumb Code     0  startup_stm32f103xb.o(.text)
    USB_HP_CAN1_TX_IRQHandler                0x080001b3   Thumb Code     0  startup_stm32f103xb.o(.text)
    USB_LP_CAN1_RX0_IRQHandler               0x080001b3   Thumb Code     0  startup_stm32f103xb.o(.text)
    WWDG_IRQHandler                          0x080001b3   Thumb Code     0  startup_stm32f103xb.o(.text)
    __user_initial_stackheap                 0x080001b5   Thumb Code     0  startup_stm32f103xb.o(.text)
    __2sprintf                               0x080001d9   Thumb Code    34  noretval__2sprintf.o(.text)
    __printf                                 0x08000201   Thumb Code   104  __printf.o(.text)
    _printf_str                              0x08000269   Thumb Code    82  _printf_str.o(.text)
    _printf_int_dec                          0x080002bd   Thumb Code   104  _printf_dec.o(.text)
    __aeabi_memcpy4                          0x08000335   Thumb Code     0  rt_memcpy_w.o(.text)
    __aeabi_memcpy8                          0x08000335   Thumb Code     0  rt_memcpy_w.o(.text)
    __rt_memcpy_w                            0x08000335   Thumb Code   100  rt_memcpy_w.o(.text)
    _memcpy_lastbytes_aligned                0x0800037d   Thumb Code     0  rt_memcpy_w.o(.text)
    __aeabi_memclr                           0x08000399   Thumb Code     0  rt_memclr.o(.text)
    __rt_memclr                              0x08000399   Thumb Code    68  rt_memclr.o(.text)
    _memset                                  0x0800039d   Thumb Code     0  rt_memclr.o(.text)
    __aeabi_memclr4                          0x080003dd   Thumb Code     0  rt_memclr_w.o(.text)
    __aeabi_memclr8                          0x080003dd   Thumb Code     0  rt_memclr_w.o(.text)
    __rt_memclr_w                            0x080003dd   Thumb Code    78  rt_memclr_w.o(.text)
    _memset_w                                0x080003e1   Thumb Code     0  rt_memclr_w.o(.text)
    __use_two_region_memory                  0x0800042b   Thumb Code     2  heapauxi.o(.text)
    __rt_heap_escrow$2region                 0x0800042d   Thumb Code     2  heapauxi.o(.text)
    __rt_heap_expand$2region                 0x0800042f   Thumb Code     2  heapauxi.o(.text)
    _printf_int_common                       0x08000431   Thumb Code   178  _printf_intcommon.o(.text)
    _printf_char_common                      0x080004ef   Thumb Code    32  _printf_char_common.o(.text)
    _sputc                                   0x08000515   Thumb Code    10  _sputc.o(.text)
    _printf_cs_common                        0x0800051f   Thumb Code    20  _printf_char.o(.text)
    _printf_char                             0x08000533   Thumb Code    16  _printf_char.o(.text)
    _printf_string                           0x08000543   Thumb Code     8  _printf_char.o(.text)
    __user_setup_stackheap                   0x0800054b   Thumb Code    74  sys_stackheap_outer.o(.text)
    exit                                     0x08000595   Thumb Code    18  exit.o(.text)
    __user_libspace                          0x080005a9   Thumb Code     8  libspace.o(.text)
    __user_perproc_libspace                  0x080005a9   Thumb Code     0  libspace.o(.text)
    __user_perthread_libspace                0x080005a9   Thumb Code     0  libspace.o(.text)
    _sys_exit                                0x080005b1   Thumb Code     8  sys_exit.o(.text)
    __I$use$semihosting                      0x080005bd   Thumb Code     0  use_no_semi.o(.text)
    __use_no_semihosting_swi                 0x080005bd   Thumb Code     2  use_no_semi.o(.text)
    __semihosting_library_function           0x080005bf   Thumb Code     0  indicate_semi.o(.text)
    ADC_ConversionStop_Disable               0x080005c1   Thumb Code    86  stm32f1xx_hal_adc.o(i.ADC_ConversionStop_Disable)
    ADC_Enable                               0x08000619   Thumb Code   114  stm32f1xx_hal_adc.o(i.ADC_Enable)
    Animation_Update                         0x08000695   Thumb Code   566  main.o(i.Animation_Update)
    Auto_Brightness_Update                   0x080008d1   Thumb Code    52  main.o(i.Auto_Brightness_Update)
    BusFault_Handler                         0x08000909   Thumb Code     2  stm32f1xx_it.o(i.BusFault_Handler)
    Buzzer_Beep_Short                        0x0800090d   Thumb Code    38  buzzer.o(i.Buzzer_Beep_Short)
    Buzzer_Init                              0x08000939   Thumb Code    10  buzzer.o(i.Buzzer_Init)
    DMA1_Channel2_IRQHandler                 0x08000949   Thumb Code     6  stm32f1xx_it.o(i.DMA1_Channel2_IRQHandler)
    DebugMon_Handler                         0x0800097f   Thumb Code     2  stm32f1xx_it.o(i.DebugMon_Handler)
    EXTI9_5_IRQHandler                       0x08000981   Thumb Code    18  stm32f1xx_it.o(i.EXTI9_5_IRQHandler)
    Error_Handler                            0x08000993   Thumb Code     4  main.o(i.Error_Handler)
    HAL_ADCEx_Calibration_Start              0x08000999   Thumb Code   210  stm32f1xx_hal_adc_ex.o(i.HAL_ADCEx_Calibration_Start)
    HAL_ADC_ConfigChannel                    0x08000a71   Thumb Code   240  stm32f1xx_hal_adc.o(i.HAL_ADC_ConfigChannel)
    HAL_ADC_GetValue                         0x08000b6d   Thumb Code     6  stm32f1xx_hal_adc.o(i.HAL_ADC_GetValue)
    HAL_ADC_Init                             0x08000b75   Thumb Code   272  stm32f1xx_hal_adc.o(i.HAL_ADC_Init)
    HAL_ADC_MspInit                          0x08000c91   Thumb Code    76  adc.o(i.HAL_ADC_MspInit)
    HAL_ADC_PollForConversion                0x08000ce9   Thumb Code   304  stm32f1xx_hal_adc.o(i.HAL_ADC_PollForConversion)
    HAL_ADC_Start                            0x08000e25   Thumb Code   184  stm32f1xx_hal_adc.o(i.HAL_ADC_Start)
    HAL_DMA_Abort_IT                         0x08000ee5   Thumb Code   148  stm32f1xx_hal_dma.o(i.HAL_DMA_Abort_IT)
    HAL_DMA_IRQHandler                       0x08000f7d   Thumb Code   316  stm32f1xx_hal_dma.o(i.HAL_DMA_IRQHandler)
    HAL_DMA_Init                             0x080010d1   Thumb Code    84  stm32f1xx_hal_dma.o(i.HAL_DMA_Init)
    HAL_DMA_Start_IT                         0x0800112d   Thumb Code   112  stm32f1xx_hal_dma.o(i.HAL_DMA_Start_IT)
    HAL_Delay                                0x0800119d   Thumb Code    32  stm32f1xx_hal.o(i.HAL_Delay)
    HAL_GPIO_EXTI_Callback                   0x080011c1   Thumb Code    38  main.o(i.HAL_GPIO_EXTI_Callback)
    HAL_GPIO_EXTI_IRQHandler                 0x080011ed   Thumb Code    18  stm32f1xx_hal_gpio.o(i.HAL_GPIO_EXTI_IRQHandler)
    HAL_GPIO_Init                            0x08001205   Thumb Code   446  stm32f1xx_hal_gpio.o(i.HAL_GPIO_Init)
    HAL_GPIO_ReadPin                         0x080013e5   Thumb Code    10  stm32f1xx_hal_gpio.o(i.HAL_GPIO_ReadPin)
    HAL_GPIO_WritePin                        0x080013ef   Thumb Code    10  stm32f1xx_hal_gpio.o(i.HAL_GPIO_WritePin)
    HAL_GetTick                              0x080013f9   Thumb Code     6  stm32f1xx_hal.o(i.HAL_GetTick)
    HAL_IncTick                              0x08001405   Thumb Code    12  stm32f1xx_hal.o(i.HAL_IncTick)
    HAL_Init                                 0x08001415   Thumb Code    32  stm32f1xx_hal.o(i.HAL_Init)
    HAL_InitTick                             0x08001439   Thumb Code    54  stm32f1xx_hal.o(i.HAL_InitTick)
    HAL_MspInit                              0x08001479   Thumb Code    52  stm32f1xx_hal_msp.o(i.HAL_MspInit)
    HAL_NVIC_EnableIRQ                       0x080014b5   Thumb Code    26  stm32f1xx_hal_cortex.o(i.HAL_NVIC_EnableIRQ)
    HAL_NVIC_SetPriority                     0x080014d1   Thumb Code    60  stm32f1xx_hal_cortex.o(i.HAL_NVIC_SetPriority)
    HAL_NVIC_SetPriorityGrouping             0x08001511   Thumb Code    26  stm32f1xx_hal_cortex.o(i.HAL_NVIC_SetPriorityGrouping)
    HAL_RCCEx_GetPeriphCLKFreq               0x08001535   Thumb Code   148  stm32f1xx_hal_rcc_ex.o(i.HAL_RCCEx_GetPeriphCLKFreq)
    HAL_RCCEx_PeriphCLKConfig                0x080015d9   Thumb Code   224  stm32f1xx_hal_rcc_ex.o(i.HAL_RCCEx_PeriphCLKConfig)
    HAL_RCC_ClockConfig                      0x080016c5   Thumb Code   280  stm32f1xx_hal_rcc.o(i.HAL_RCC_ClockConfig)
    HAL_RCC_GetPCLK1Freq                     0x080017f1   Thumb Code    20  stm32f1xx_hal_rcc.o(i.HAL_RCC_GetPCLK1Freq)
    HAL_RCC_GetPCLK2Freq                     0x08001811   Thumb Code    20  stm32f1xx_hal_rcc.o(i.HAL_RCC_GetPCLK2Freq)
    HAL_RCC_GetSysClockFreq                  0x08001831   Thumb Code    58  stm32f1xx_hal_rcc.o(i.HAL_RCC_GetSysClockFreq)
    HAL_RCC_OscConfig                        0x0800187d   Thumb Code   778  stm32f1xx_hal_rcc.o(i.HAL_RCC_OscConfig)
    HAL_SYSTICK_Config                       0x08001b9d   Thumb Code    40  stm32f1xx_hal_cortex.o(i.HAL_SYSTICK_Config)
    HAL_TIMEx_ConfigBreakDeadTime            0x08001bc5   Thumb Code    84  stm32f1xx_hal_tim_ex.o(i.HAL_TIMEx_ConfigBreakDeadTime)
    HAL_TIMEx_MasterConfigSynchronization    0x08001c19   Thumb Code    92  stm32f1xx_hal_tim_ex.o(i.HAL_TIMEx_MasterConfigSynchronization)
    HAL_TIMEx_PWMN_Start_DMA                 0x08001c81   Thumb Code   326  stm32f1xx_hal_tim_ex.o(i.HAL_TIMEx_PWMN_Start_DMA)
    HAL_TIMEx_PWMN_Stop_DMA                  0x08001de1   Thumb Code   168  stm32f1xx_hal_tim_ex.o(i.HAL_TIMEx_PWMN_Stop_DMA)
    HAL_TIM_ErrorCallback                    0x08001e89   Thumb Code     2  stm32f1xx_hal_tim.o(i.HAL_TIM_ErrorCallback)
    HAL_TIM_MspPostInit                      0x08001e8d   Thumb Code    64  tim.o(i.HAL_TIM_MspPostInit)
    HAL_TIM_PWM_ConfigChannel                0x08001ed9   Thumb Code   204  stm32f1xx_hal_tim.o(i.HAL_TIM_PWM_ConfigChannel)
    HAL_TIM_PWM_Init                         0x08001fa5   Thumb Code    90  stm32f1xx_hal_tim.o(i.HAL_TIM_PWM_Init)
    HAL_TIM_PWM_MspInit                      0x08002001   Thumb Code    82  tim.o(i.HAL_TIM_PWM_MspInit)
    HAL_TIM_PWM_PulseFinishedCallback        0x08002065   Thumb Code    18  ws2812.o(i.HAL_TIM_PWM_PulseFinishedCallback)
    HAL_TIM_PWM_PulseFinishedHalfCpltCallback 0x08002081   Thumb Code     2  stm32f1xx_hal_tim.o(i.HAL_TIM_PWM_PulseFinishedHalfCpltCallback)
    HAL_UART_Init                            0x08002083   Thumb Code   100  stm32f1xx_hal_uart.o(i.HAL_UART_Init)
    HAL_UART_MspInit                         0x080020e9   Thumb Code   158  usart.o(i.HAL_UART_MspInit)
    Handle_Keys                              0x0800224d   Thumb Code   320  main.o(i.Handle_Keys)
    HardFault_Handler                        0x08002391   Thumb Code     2  stm32f1xx_it.o(i.HardFault_Handler)
    LCD_Address_Set                          0x08002393   Thumb Code    66  lcd.o(i.LCD_Address_Set)
    LCD_Clear                                0x080023d5   Thumb Code    44  lcd.o(i.LCD_Clear)
    LCD_DrawLine                             0x08002401   Thumb Code   156  lcd.o(i.LCD_DrawLine)
    LCD_DrawPoint                            0x0800249d   Thumb Code    22  lcd.o(i.LCD_DrawPoint)
    LCD_Fill                                 0x080024b3   Thumb Code    62  lcd.o(i.LCD_Fill)
    LCD_Init                                 0x080024f1   Thumb Code   506  lcd.o(i.LCD_Init)
    LCD_ShowChar                             0x080026f5   Thumb Code   252  lcd.o(i.LCD_ShowChar)
    LCD_ShowString                           0x08002801   Thumb Code    58  lcd.o(i.LCD_ShowString)
    LCD_WR_DATA                              0x0800283b   Thumb Code    20  lcd.o(i.LCD_WR_DATA)
    LCD_WR_REG                               0x08002851   Thumb Code    36  lcd.o(i.LCD_WR_REG)
    LCD_Writ_Bus                             0x08002879   Thumb Code    92  lcd.o(i.LCD_Writ_Bus)
    Light_Init                               0x080028dd   Thumb Code     2  light.o(i.Light_Init)
    Light_IsBright                           0x080028e1   Thumb Code    18  light.o(i.Light_IsBright)
    MX_ADC1_Init                             0x080028f9   Thumb Code    70  adc.o(i.MX_ADC1_Init)
    MX_DMA_Init                              0x08002949   Thumb Code    40  dma.o(i.MX_DMA_Init)
    MX_GPIO_Init                             0x08002975   Thumb Code   186  gpio.o(i.MX_GPIO_Init)
    MX_TIM1_Init                             0x08002a41   Thumb Code   150  tim.o(i.MX_TIM1_Init)
    MX_USART2_UART_Init                      0x08002ae1   Thumb Code    48  usart.o(i.MX_USART2_UART_Init)
    MX_USART3_UART_Init                      0x08002b19   Thumb Code    48  usart.o(i.MX_USART3_UART_Init)
    MemManage_Handler                        0x08002b83   Thumb Code     2  stm32f1xx_it.o(i.MemManage_Handler)
    Micphone_GetActivityLevel                0x08002b85   Thumb Code   142  micphone.o(i.Micphone_GetActivityLevel)
    Micphone_GetAverage                      0x08002c19   Thumb Code    32  micphone.o(i.Micphone_GetAverage)
    Micphone_GetValue                        0x08002c39   Thumb Code    32  micphone.o(i.Micphone_GetValue)
    Micphone_Init                            0x08002c5d   Thumb Code     6  micphone.o(i.Micphone_Init)
    Music_Rhythm_Update                      0x08002c69   Thumb Code   470  main.o(i.Music_Rhythm_Update)
    NMI_Handler                              0x08002e4d   Thumb Code     2  stm32f1xx_it.o(i.NMI_Handler)
    PendSV_Handler                           0x08002e4f   Thumb Code     2  stm32f1xx_it.o(i.PendSV_Handler)
    SVC_Handler                              0x08002e51   Thumb Code     2  stm32f1xx_it.o(i.SVC_Handler)
    SysTick_Handler                          0x08002e53   Thumb Code     4  stm32f1xx_it.o(i.SysTick_Handler)
    SystemClock_Config                       0x08002e57   Thumb Code   120  main.o(i.SystemClock_Config)
    SystemInit                               0x08002ecf   Thumb Code     2  system_stm32f1xx.o(i.SystemInit)
    TIM_Base_SetConfig                       0x08002ed1   Thumb Code   108  stm32f1xx_hal_tim.o(i.TIM_Base_SetConfig)
    TIM_DMADelayPulseHalfCplt                0x08002f63   Thumb Code    56  stm32f1xx_hal_tim.o(i.TIM_DMADelayPulseHalfCplt)
    TIM_OC2_SetConfig                        0x08003075   Thumb Code    84  stm32f1xx_hal_tim.o(i.TIM_OC2_SetConfig)
    UI_Refresh                               0x08003221   Thumb Code   896  main.o(i.UI_Refresh)
    UsageFault_Handler                       0x08003749   Thumb Code     2  stm32f1xx_it.o(i.UsageFault_Handler)
    WS2812_Clear                             0x0800374b   Thumb Code    38  ws2812.o(i.WS2812_Clear)
    WS2812_Init                              0x08003771   Thumb Code    10  ws2812.o(i.WS2812_Init)
    WS2812_Set_All                           0x08003781   Thumb Code    46  ws2812.o(i.WS2812_Set_All)
    WS2812_Set_Color                         0x080037b1   Thumb Code    88  ws2812.o(i.WS2812_Set_Color)
    WS2812_Show                              0x0800380d   Thumb Code    54  ws2812.o(i.WS2812_Show)
    main                                     0x0800386d   Thumb Code   112  main.o(i.main)
    ascii_1206                               0x08003908   Data        1140  lcd.o(.constdata)
    ascii_1608                               0x08003d7c   Data        1520  lcd.o(.constdata)
    ascii_2412                               0x0800436c   Data        4560  lcd.o(.constdata)
    ascii_3216                               0x0800553c   Data        6080  lcd.o(.constdata)
    tfont12                                  0x08006cfc   Data          52  lcd.o(.constdata)
    tfont16                                  0x08006d30   Data         136  lcd.o(.constdata)
    tfont24                                  0x08006db8   Data         148  lcd.o(.constdata)
    tfont32                                  0x08006e4c   Data         260  lcd.o(.constdata)
    AHBPrescTable                            0x08006f74   Data          16  system_stm32f1xx.o(.constdata)
    APBPrescTable                            0x08006f84   Data           8  system_stm32f1xx.o(.constdata)
    Region$$Table$$Base                      0x08006fec   Number         0  anon$$obj.o(Region$$Table)
    Region$$Table$$Limit                     0x0800700c   Number         0  anon$$obj.o(Region$$Table)
    current_menu                             0x20000000   Data           1  main.o(.data)
    key1_pressed                             0x20000001   Data           1  main.o(.data)
    key2_pressed                             0x20000002   Data           1  main.o(.data)
    brightness_level                         0x20000003   Data           1  main.o(.data)
    color_index                              0x20000004   Data           1  main.o(.data)
    extended_menu_cursor                     0x20000005   Data           1  main.o(.data)
    animation_index                          0x20000006   Data           1  main.o(.data)
    last_key_time                            0x20000010   Data           4  main.o(.data)
    colors                                   0x20000028   Data          21  main.o(.data)
    uwTickFreq                               0x20000048   Data           1  stm32f1xx_hal.o(.data)
    uwTickPrio                               0x2000004c   Data           4  stm32f1xx_hal.o(.data)
    uwTick                                   0x20000050   Data           4  stm32f1xx_hal.o(.data)
    SystemCoreClock                          0x20000054   Data           4  system_stm32f1xx.o(.data)
    hadc1                                    0x20000058   Data          48  adc.o(.bss)
    htim1                                    0x20000088   Data          72  tim.o(.bss)
    hdma_tim1_ch1                            0x200000d0   Data          68  tim.o(.bss)
    huart2                                   0x20000114   Data          72  usart.o(.bss)
    huart3                                   0x2000015c   Data          72  usart.o(.bss)
    __libspace_start                         0x20000e08   Data          96  libspace.o(.bss)
    __temporary_stack_top$libspace           0x20000e68   Data           0  libspace.o(.bss)



==============================================================================

Memory Map of the image

  Image Entry point : 0x080000ed

  Load Region LR_IROM1 (Base: 0x08000000, Size: 0x00007064, Max: 0x00010000, ABSOLUTE)

    Execution Region ER_IROM1 (Exec base: 0x08000000, Load base: 0x08000000, Size: 0x0000700c, Max: 0x00010000, ABSOLUTE)

    Exec Addr    Load Addr    Size         Type   Attr      Idx    E Section Name        Object

    0x08000000   0x08000000   0x000000ec   Data   RO            3    RESET               startup_stm32f103xb.o
    0x080000ec   0x080000ec   0x00000008   Code   RO         3925  * !!!main             c_w.l(__main.o)
    0x080000f4   0x080000f4   0x00000034   Code   RO         4104    !!!scatter          c_w.l(__scatter.o)
    0x08000128   0x08000128   0x0000001a   Code   RO         4106    !!handler_copy      c_w.l(__scatter_copy.o)
    0x08000142   0x08000142   0x00000002   PAD
    0x08000144   0x08000144   0x0000001c   Code   RO         4108    !!handler_zi        c_w.l(__scatter_zi.o)
    0x08000160   0x08000160   0x00000000   Code   RO         3916    .ARM.Collect$$_printf_percent$$00000000  c_w.l(_printf_percent.o)
    0x08000160   0x08000160   0x00000006   Code   RO         3915    .ARM.Collect$$_printf_percent$$00000009  c_w.l(_printf_d.o)
    0x08000166   0x08000166   0x00000006   Code   RO         3914    .ARM.Collect$$_printf_percent$$00000014  c_w.l(_printf_s.o)
    0x0800016c   0x0800016c   0x00000004   Code   RO         3942    .ARM.Collect$$_printf_percent$$00000017  c_w.l(_printf_percent_end.o)
    0x08000170   0x08000170   0x00000002   Code   RO         3974    .ARM.Collect$$libinit$$00000000  c_w.l(libinit.o)
    0x08000172   0x08000172   0x00000000   Code   RO         3981    .ARM.Collect$$libinit$$00000002  c_w.l(libinit2.o)
    0x08000172   0x08000172   0x00000000   Code   RO         3983    .ARM.Collect$$libinit$$00000004  c_w.l(libinit2.o)
    0x08000172   0x08000172   0x00000000   Code   RO         3986    .ARM.Collect$$libinit$$0000000A  c_w.l(libinit2.o)
    0x08000172   0x08000172   0x00000000   Code   RO         3988    .ARM.Collect$$libinit$$0000000C  c_w.l(libinit2.o)
    0x08000172   0x08000172   0x00000000   Code   RO         3990    .ARM.Collect$$libinit$$0000000E  c_w.l(libinit2.o)
    0x08000172   0x08000172   0x00000000   Code   RO         3993    .ARM.Collect$$libinit$$00000011  c_w.l(libinit2.o)
    0x08000172   0x08000172   0x00000000   Code   RO         3995    .ARM.Collect$$libinit$$00000013  c_w.l(libinit2.o)
    0x08000172   0x08000172   0x00000000   Code   RO         3997    .ARM.Collect$$libinit$$00000015  c_w.l(libinit2.o)
    0x08000172   0x08000172   0x00000000   Code   RO         3999    .ARM.Collect$$libinit$$00000017  c_w.l(libinit2.o)
    0x08000172   0x08000172   0x00000000   Code   RO         4001    .ARM.Collect$$libinit$$00000019  c_w.l(libinit2.o)
    0x08000172   0x08000172   0x00000000   Code   RO         4003    .ARM.Collect$$libinit$$0000001B  c_w.l(libinit2.o)
    0x08000172   0x08000172   0x00000000   Code   RO         4005    .ARM.Collect$$libinit$$0000001D  c_w.l(libinit2.o)
    0x08000172   0x08000172   0x00000000   Code   RO         4007    .ARM.Collect$$libinit$$0000001F  c_w.l(libinit2.o)
    0x08000172   0x08000172   0x00000000   Code   RO         4009    .ARM.Collect$$libinit$$00000021  c_w.l(libinit2.o)
    0x08000172   0x08000172   0x00000000   Code   RO         4011    .ARM.Collect$$libinit$$00000023  c_w.l(libinit2.o)
    0x08000172   0x08000172   0x00000000   Code   RO         4013    .ARM.Collect$$libinit$$00000025  c_w.l(libinit2.o)
    0x08000172   0x08000172   0x00000000   Code   RO         4017    .ARM.Collect$$libinit$$0000002C  c_w.l(libinit2.o)
    0x08000172   0x08000172   0x00000000   Code   RO         4019    .ARM.Collect$$libinit$$0000002E  c_w.l(libinit2.o)
    0x08000172   0x08000172   0x00000000   Code   RO         4021    .ARM.Collect$$libinit$$00000030  c_w.l(libinit2.o)
    0x08000172   0x08000172   0x00000000   Code   RO         4023    .ARM.Collect$$libinit$$00000032  c_w.l(libinit2.o)
    0x08000172   0x08000172   0x00000002   Code   RO         4024    .ARM.Collect$$libinit$$00000033  c_w.l(libinit2.o)
    0x08000174   0x08000174   0x00000002   Code   RO         4044    .ARM.Collect$$libshutdown$$00000000  c_w.l(libshutdown.o)
    0x08000176   0x08000176   0x00000000   Code   RO         4057    .ARM.Collect$$libshutdown$$00000002  c_w.l(libshutdown2.o)
    0x08000176   0x08000176   0x00000000   Code   RO         4059    .ARM.Collect$$libshutdown$$00000004  c_w.l(libshutdown2.o)
    0x08000176   0x08000176   0x00000000   Code   RO         4062    .ARM.Collect$$libshutdown$$00000007  c_w.l(libshutdown2.o)
    0x08000176   0x08000176   0x00000000   Code   RO         4065    .ARM.Collect$$libshutdown$$0000000A  c_w.l(libshutdown2.o)
    0x08000176   0x08000176   0x00000000   Code   RO         4067    .ARM.Collect$$libshutdown$$0000000C  c_w.l(libshutdown2.o)
    0x08000176   0x08000176   0x00000000   Code   RO         4070    .ARM.Collect$$libshutdown$$0000000F  c_w.l(libshutdown2.o)
    0x08000176   0x08000176   0x00000002   Code   RO         4071    .ARM.Collect$$libshutdown$$00000010  c_w.l(libshutdown2.o)
    0x08000178   0x08000178   0x00000000   Code   RO         3933    .ARM.Collect$$rtentry$$00000000  c_w.l(__rtentry.o)
    0x08000178   0x08000178   0x00000000   Code   RO         3949    .ARM.Collect$$rtentry$$00000002  c_w.l(__rtentry2.o)
    0x08000178   0x08000178   0x00000006   Code   RO         3961    .ARM.Collect$$rtentry$$00000004  c_w.l(__rtentry4.o)
    0x0800017e   0x0800017e   0x00000000   Code   RO         3951    .ARM.Collect$$rtentry$$00000009  c_w.l(__rtentry2.o)
    0x0800017e   0x0800017e   0x00000004   Code   RO         3952    .ARM.Collect$$rtentry$$0000000A  c_w.l(__rtentry2.o)
    0x08000182   0x08000182   0x00000000   Code   RO         3954    .ARM.Collect$$rtentry$$0000000C  c_w.l(__rtentry2.o)
    0x08000182   0x08000182   0x00000008   Code   RO         3955    .ARM.Collect$$rtentry$$0000000D  c_w.l(__rtentry2.o)
    0x0800018a   0x0800018a   0x00000002   Code   RO         3978    .ARM.Collect$$rtexit$$00000000  c_w.l(rtexit.o)
    0x0800018c   0x0800018c   0x00000000   Code   RO         4026    .ARM.Collect$$rtexit$$00000002  c_w.l(rtexit2.o)
    0x0800018c   0x0800018c   0x00000004   Code   RO         4027    .ARM.Collect$$rtexit$$00000003  c_w.l(rtexit2.o)
    0x08000190   0x08000190   0x00000006   Code   RO         4028    .ARM.Collect$$rtexit$$00000004  c_w.l(rtexit2.o)
    0x08000196   0x08000196   0x00000002   PAD
    0x08000198   0x08000198   0x00000040   Code   RO            4    .text               startup_stm32f103xb.o
    0x080001d8   0x080001d8   0x00000028   Code   RO         3886    .text               c_w.l(noretval__2sprintf.o)
    0x08000200   0x08000200   0x00000068   Code   RO         3888    .text               c_w.l(__printf.o)
    0x08000268   0x08000268   0x00000052   Code   RO         3890    .text               c_w.l(_printf_str.o)
    0x080002ba   0x080002ba   0x00000002   PAD
    0x080002bc   0x080002bc   0x00000078   Code   RO         3892    .text               c_w.l(_printf_dec.o)
    0x08000334   0x08000334   0x00000064   Code   RO         3917    .text               c_w.l(rt_memcpy_w.o)
    0x08000398   0x08000398   0x00000044   Code   RO         3919    .text               c_w.l(rt_memclr.o)
    0x080003dc   0x080003dc   0x0000004e   Code   RO         3921    .text               c_w.l(rt_memclr_w.o)
    0x0800042a   0x0800042a   0x00000006   Code   RO         3923    .text               c_w.l(heapauxi.o)
    0x08000430   0x08000430   0x000000b2   Code   RO         3934    .text               c_w.l(_printf_intcommon.o)
    0x080004e2   0x080004e2   0x00000002   PAD
    0x080004e4   0x080004e4   0x00000030   Code   RO         3936    .text               c_w.l(_printf_char_common.o)
    0x08000514   0x08000514   0x0000000a   Code   RO         3938    .text               c_w.l(_sputc.o)
    0x0800051e   0x0800051e   0x0000002c   Code   RO         3940    .text               c_w.l(_printf_char.o)
    0x0800054a   0x0800054a   0x0000004a   Code   RO         3965    .text               c_w.l(sys_stackheap_outer.o)
    0x08000594   0x08000594   0x00000012   Code   RO         3967    .text               c_w.l(exit.o)
    0x080005a6   0x080005a6   0x00000002   PAD
    0x080005a8   0x080005a8   0x00000008   Code   RO         3975    .text               c_w.l(libspace.o)
    0x080005b0   0x080005b0   0x0000000c   Code   RO         4036    .text               c_w.l(sys_exit.o)
    0x080005bc   0x080005bc   0x00000002   Code   RO         4047    .text               c_w.l(use_no_semi.o)
    0x080005be   0x080005be   0x00000000   Code   RO         4049    .text               c_w.l(indicate_semi.o)
    0x080005be   0x080005be   0x00000002   PAD
    0x080005c0   0x080005c0   0x00000056   Code   RO          934    i.ADC_ConversionStop_Disable  stm32f1xx_hal_adc.o
    0x08000616   0x08000616   0x00000002   PAD
    0x08000618   0x08000618   0x0000007c   Code   RO          938    i.ADC_Enable        stm32f1xx_hal_adc.o
    0x08000694   0x08000694   0x0000023c   Code   RO           13    i.Animation_Update  main.o
    0x080008d0   0x080008d0   0x00000038   Code   RO           14    i.Auto_Brightness_Update  main.o
    0x08000908   0x08000908   0x00000002   Code   RO          462    i.BusFault_Handler  stm32f1xx_it.o
    0x0800090a   0x0800090a   0x00000002   PAD
    0x0800090c   0x0800090c   0x0000002c   Code   RO          574    i.Buzzer_Beep_Short  buzzer.o
    0x08000938   0x08000938   0x00000010   Code   RO          575    i.Buzzer_Init       buzzer.o
    0x08000948   0x08000948   0x0000000c   Code   RO          463    i.DMA1_Channel2_IRQHandler  stm32f1xx_it.o
    0x08000954   0x08000954   0x0000002a   Code   RO         1590    i.DMA_SetConfig     stm32f1xx_hal_dma.o
    0x0800097e   0x0800097e   0x00000002   Code   RO          464    i.DebugMon_Handler  stm32f1xx_it.o
    0x08000980   0x08000980   0x00000012   Code   RO          465    i.EXTI9_5_IRQHandler  stm32f1xx_it.o
    0x08000992   0x08000992   0x00000004   Code   RO           15    i.Error_Handler     main.o
    0x08000996   0x08000996   0x00000002   PAD
    0x08000998   0x08000998   0x000000d8   Code   RO         1114    i.HAL_ADCEx_Calibration_Start  stm32f1xx_hal_adc_ex.o
    0x08000a70   0x08000a70   0x000000fc   Code   RO          940    i.HAL_ADC_ConfigChannel  stm32f1xx_hal_adc.o
    0x08000b6c   0x08000b6c   0x00000006   Code   RO          947    i.HAL_ADC_GetValue  stm32f1xx_hal_adc.o
    0x08000b72   0x08000b72   0x00000002   PAD
    0x08000b74   0x08000b74   0x0000011c   Code   RO          949    i.HAL_ADC_Init      stm32f1xx_hal_adc.o
    0x08000c90   0x08000c90   0x00000058   Code   RO          259    i.HAL_ADC_MspInit   adc.o
    0x08000ce8   0x08000ce8   0x0000013c   Code   RO          953    i.HAL_ADC_PollForConversion  stm32f1xx_hal_adc.o
    0x08000e24   0x08000e24   0x000000c0   Code   RO          955    i.HAL_ADC_Start     stm32f1xx_hal_adc.o
    0x08000ee4   0x08000ee4   0x00000098   Code   RO         1592    i.HAL_DMA_Abort_IT  stm32f1xx_hal_dma.o
    0x08000f7c   0x08000f7c   0x00000154   Code   RO         1596    i.HAL_DMA_IRQHandler  stm32f1xx_hal_dma.o
    0x080010d0   0x080010d0   0x0000005c   Code   RO         1597    i.HAL_DMA_Init      stm32f1xx_hal_dma.o
    0x0800112c   0x0800112c   0x00000070   Code   RO         1601    i.HAL_DMA_Start_IT  stm32f1xx_hal_dma.o
    0x0800119c   0x0800119c   0x00000024   Code   RO         1217    i.HAL_Delay         stm32f1xx_hal.o
    0x080011c0   0x080011c0   0x0000002c   Code   RO           16    i.HAL_GPIO_EXTI_Callback  main.o
    0x080011ec   0x080011ec   0x00000018   Code   RO         1526    i.HAL_GPIO_EXTI_IRQHandler  stm32f1xx_hal_gpio.o
    0x08001204   0x08001204   0x000001e0   Code   RO         1527    i.HAL_GPIO_Init     stm32f1xx_hal_gpio.o
    0x080013e4   0x080013e4   0x0000000a   Code   RO         1529    i.HAL_GPIO_ReadPin  stm32f1xx_hal_gpio.o
    0x080013ee   0x080013ee   0x0000000a   Code   RO         1531    i.HAL_GPIO_WritePin  stm32f1xx_hal_gpio.o
    0x080013f8   0x080013f8   0x0000000c   Code   RO         1221    i.HAL_GetTick       stm32f1xx_hal.o
    0x08001404   0x08001404   0x00000010   Code   RO         1227    i.HAL_IncTick       stm32f1xx_hal.o
    0x08001414   0x08001414   0x00000024   Code   RO         1228    i.HAL_Init          stm32f1xx_hal.o
    0x08001438   0x08001438   0x00000040   Code   RO         1229    i.HAL_InitTick      stm32f1xx_hal.o
    0x08001478   0x08001478   0x0000003c   Code   RO          550    i.HAL_MspInit       stm32f1xx_hal_msp.o
    0x080014b4   0x080014b4   0x0000001a   Code   RO         1687    i.HAL_NVIC_EnableIRQ  stm32f1xx_hal_cortex.o
    0x080014ce   0x080014ce   0x00000002   PAD
    0x080014d0   0x080014d0   0x00000040   Code   RO         1693    i.HAL_NVIC_SetPriority  stm32f1xx_hal_cortex.o
    0x08001510   0x08001510   0x00000024   Code   RO         1694    i.HAL_NVIC_SetPriorityGrouping  stm32f1xx_hal_cortex.o
    0x08001534   0x08001534   0x000000a4   Code   RO         1488    i.HAL_RCCEx_GetPeriphCLKFreq  stm32f1xx_hal_rcc_ex.o
    0x080015d8   0x080015d8   0x000000ec   Code   RO         1489    i.HAL_RCCEx_PeriphCLKConfig  stm32f1xx_hal_rcc_ex.o
    0x080016c4   0x080016c4   0x0000012c   Code   RO         1385    i.HAL_RCC_ClockConfig  stm32f1xx_hal_rcc.o
    0x080017f0   0x080017f0   0x00000020   Code   RO         1392    i.HAL_RCC_GetPCLK1Freq  stm32f1xx_hal_rcc.o
    0x08001810   0x08001810   0x00000020   Code   RO         1393    i.HAL_RCC_GetPCLK2Freq  stm32f1xx_hal_rcc.o
    0x08001830   0x08001830   0x0000004c   Code   RO         1394    i.HAL_RCC_GetSysClockFreq  stm32f1xx_hal_rcc.o
    0x0800187c   0x0800187c   0x00000320   Code   RO         1397    i.HAL_RCC_OscConfig  stm32f1xx_hal_rcc.o
    0x08001b9c   0x08001b9c   0x00000028   Code   RO         1698    i.HAL_SYSTICK_Config  stm32f1xx_hal_cortex.o
    0x08001bc4   0x08001bc4   0x00000054   Code   RO         3218    i.HAL_TIMEx_ConfigBreakDeadTime  stm32f1xx_hal_tim_ex.o
    0x08001c18   0x08001c18   0x00000068   Code   RO         3234    i.HAL_TIMEx_MasterConfigSynchronization  stm32f1xx_hal_tim_ex.o
    0x08001c80   0x08001c80   0x00000160   Code   RO         3246    i.HAL_TIMEx_PWMN_Start_DMA  stm32f1xx_hal_tim_ex.o
    0x08001de0   0x08001de0   0x000000a8   Code   RO         3249    i.HAL_TIMEx_PWMN_Stop_DMA  stm32f1xx_hal_tim_ex.o
    0x08001e88   0x08001e88   0x00000002   Code   RO         2541    i.HAL_TIM_ErrorCallback  stm32f1xx_hal_tim.o
    0x08001e8a   0x08001e8a   0x00000002   PAD
    0x08001e8c   0x08001e8c   0x0000004c   Code   RO          366    i.HAL_TIM_MspPostInit  tim.o
    0x08001ed8   0x08001ed8   0x000000cc   Code   RO         2583    i.HAL_TIM_PWM_ConfigChannel  stm32f1xx_hal_tim.o
    0x08001fa4   0x08001fa4   0x0000005a   Code   RO         2586    i.HAL_TIM_PWM_Init  stm32f1xx_hal_tim.o
    0x08001ffe   0x08001ffe   0x00000002   PAD
    0x08002000   0x08002000   0x00000064   Code   RO          368    i.HAL_TIM_PWM_MspInit  tim.o
    0x08002064   0x08002064   0x0000001c   Code   RO          809    i.HAL_TIM_PWM_PulseFinishedCallback  ws2812.o
    0x08002080   0x08002080   0x00000002   Code   RO         2590    i.HAL_TIM_PWM_PulseFinishedHalfCpltCallback  stm32f1xx_hal_tim.o
    0x08002082   0x08002082   0x00000064   Code   RO         3512    i.HAL_UART_Init     stm32f1xx_hal_uart.o
    0x080020e6   0x080020e6   0x00000002   PAD
    0x080020e8   0x080020e8   0x000000b4   Code   RO          415    i.HAL_UART_MspInit  usart.o
    0x0800219c   0x0800219c   0x000000ae   Code   RO           17    i.HSV_To_RGB        main.o
    0x0800224a   0x0800224a   0x00000002   PAD
    0x0800224c   0x0800224c   0x00000144   Code   RO           18    i.Handle_Keys       main.o
    0x08002390   0x08002390   0x00000002   Code   RO          466    i.HardFault_Handler  stm32f1xx_it.o
    0x08002392   0x08002392   0x00000042   Code   RO          605    i.LCD_Address_Set   lcd.o
    0x080023d4   0x080023d4   0x0000002c   Code   RO          606    i.LCD_Clear         lcd.o
    0x08002400   0x08002400   0x0000009c   Code   RO          607    i.LCD_DrawLine      lcd.o
    0x0800249c   0x0800249c   0x00000016   Code   RO          608    i.LCD_DrawPoint     lcd.o
    0x080024b2   0x080024b2   0x0000003e   Code   RO          610    i.LCD_Fill          lcd.o
    0x080024f0   0x080024f0   0x00000204   Code   RO          612    i.LCD_Init          lcd.o
    0x080026f4   0x080026f4   0x0000010c   Code   RO          613    i.LCD_ShowChar      lcd.o
    0x08002800   0x08002800   0x0000003a   Code   RO          622    i.LCD_ShowString    lcd.o
    0x0800283a   0x0800283a   0x00000014   Code   RO          623    i.LCD_WR_DATA       lcd.o
    0x0800284e   0x0800284e   0x00000002   PAD
    0x08002850   0x08002850   0x00000028   Code   RO          625    i.LCD_WR_REG        lcd.o
    0x08002878   0x08002878   0x00000064   Code   RO          626    i.LCD_Writ_Bus      lcd.o
    0x080028dc   0x080028dc   0x00000002   Code   RO          868    i.Light_Init        light.o
    0x080028de   0x080028de   0x00000002   PAD
    0x080028e0   0x080028e0   0x00000018   Code   RO          869    i.Light_IsBright    light.o
    0x080028f8   0x080028f8   0x00000050   Code   RO          260    i.MX_ADC1_Init      adc.o
    0x08002948   0x08002948   0x0000002c   Code   RO          300    i.MX_DMA_Init       dma.o
    0x08002974   0x08002974   0x000000cc   Code   RO          234    i.MX_GPIO_Init      gpio.o
    0x08002a40   0x08002a40   0x000000a0   Code   RO          369    i.MX_TIM1_Init      tim.o
    0x08002ae0   0x08002ae0   0x00000038   Code   RO          416    i.MX_USART2_UART_Init  usart.o
    0x08002b18   0x08002b18   0x00000038   Code   RO          417    i.MX_USART3_UART_Init  usart.o
    0x08002b50   0x08002b50   0x00000032   Code   RO           19    i.Matrix_SetPixel   main.o
    0x08002b82   0x08002b82   0x00000002   Code   RO          467    i.MemManage_Handler  stm32f1xx_it.o
    0x08002b84   0x08002b84   0x00000094   Code   RO          767    i.Micphone_GetActivityLevel  micphone.o
    0x08002c18   0x08002c18   0x00000020   Code   RO          768    i.Micphone_GetAverage  micphone.o
    0x08002c38   0x08002c38   0x00000024   Code   RO          769    i.Micphone_GetValue  micphone.o
    0x08002c5c   0x08002c5c   0x0000000c   Code   RO          770    i.Micphone_Init     micphone.o
    0x08002c68   0x08002c68   0x000001e4   Code   RO           20    i.Music_Rhythm_Update  main.o
    0x08002e4c   0x08002e4c   0x00000002   Code   RO          468    i.NMI_Handler       stm32f1xx_it.o
    0x08002e4e   0x08002e4e   0x00000002   Code   RO          469    i.PendSV_Handler    stm32f1xx_it.o
    0x08002e50   0x08002e50   0x00000002   Code   RO          470    i.SVC_Handler       stm32f1xx_it.o
    0x08002e52   0x08002e52   0x00000004   Code   RO          471    i.SysTick_Handler   stm32f1xx_it.o
    0x08002e56   0x08002e56   0x00000078   Code   RO           21    i.SystemClock_Config  main.o
    0x08002ece   0x08002ece   0x00000002   Code   RO         3846    i.SystemInit        system_stm32f1xx.o
    0x08002ed0   0x08002ed0   0x00000078   Code   RO         2604    i.TIM_Base_SetConfig  stm32f1xx_hal_tim.o
    0x08002f48   0x08002f48   0x0000001a   Code   RO         3254    i.TIM_CCxNChannelCmd  stm32f1xx_hal_tim_ex.o
    0x08002f62   0x08002f62   0x00000038   Code   RO         2609    i.TIM_DMADelayPulseHalfCplt  stm32f1xx_hal_tim.o
    0x08002f9a   0x08002f9a   0x0000004a   Code   RO         3255    i.TIM_DMADelayPulseNCplt  stm32f1xx_hal_tim_ex.o
    0x08002fe4   0x08002fe4   0x0000003e   Code   RO         3256    i.TIM_DMAErrorCCxN  stm32f1xx_hal_tim_ex.o
    0x08003022   0x08003022   0x00000002   PAD
    0x08003024   0x08003024   0x00000050   Code   RO         2617    i.TIM_OC1_SetConfig  stm32f1xx_hal_tim.o
    0x08003074   0x08003074   0x00000058   Code   RO         2618    i.TIM_OC2_SetConfig  stm32f1xx_hal_tim.o
    0x080030cc   0x080030cc   0x00000058   Code   RO         2619    i.TIM_OC3_SetConfig  stm32f1xx_hal_tim.o
    0x08003124   0x08003124   0x00000044   Code   RO         2620    i.TIM_OC4_SetConfig  stm32f1xx_hal_tim.o
    0x08003168   0x08003168   0x000000b8   Code   RO         3538    i.UART_SetConfig    stm32f1xx_hal_uart.o
    0x08003220   0x08003220   0x00000528   Code   RO           22    i.UI_Refresh        main.o
    0x08003748   0x08003748   0x00000002   Code   RO          472    i.UsageFault_Handler  stm32f1xx_it.o
    0x0800374a   0x0800374a   0x00000026   Code   RO          810    i.WS2812_Clear      ws2812.o
    0x08003770   0x08003770   0x00000010   Code   RO          811    i.WS2812_Init       ws2812.o
    0x08003780   0x08003780   0x0000002e   Code   RO          812    i.WS2812_Set_All    ws2812.o
    0x080037ae   0x080037ae   0x00000002   PAD
    0x080037b0   0x080037b0   0x0000005c   Code   RO          813    i.WS2812_Set_Color  ws2812.o
    0x0800380c   0x0800380c   0x00000040   Code   RO          814    i.WS2812_Show       ws2812.o
    0x0800384c   0x0800384c   0x00000020   Code   RO         1700    i.__NVIC_SetPriority  stm32f1xx_hal_cortex.o
    0x0800386c   0x0800386c   0x00000074   Code   RO           23    i.main              main.o
    0x080038e0   0x080038e0   0x00000028   Data   RO           24    .constdata          main.o
    0x08003908   0x08003908   0x00003648   Data   RO          628    .constdata          lcd.o
    0x08006f50   0x08006f50   0x00000012   Data   RO         1398    .constdata          stm32f1xx_hal_rcc.o
    0x08006f62   0x08006f62   0x00000012   Data   RO         1490    .constdata          stm32f1xx_hal_rcc_ex.o
    0x08006f74   0x08006f74   0x00000010   Data   RO         3847    .constdata          system_stm32f1xx.o
    0x08006f84   0x08006f84   0x00000008   Data   RO         3848    .constdata          system_stm32f1xx.o
    0x08006f8c   0x08006f8c   0x0000005d   Data   RO           25    .conststring        main.o
    0x08006fe9   0x08006fe9   0x00000003   PAD
    0x08006fec   0x08006fec   0x00000020   Data   RO         4102    Region$$Table       anon$$obj.o


    Execution Region RW_IRAM1 (Exec base: 0x20000000, Load base: 0x0800700c, Size: 0x00001468, Max: 0x00005000, ABSOLUTE)

    Exec Addr    Load Addr    Size         Type   Attr      Idx    E Section Name        Object

    0x20000000   0x0800700c   0x0000003d   Data   RW           26    .data               main.o
    0x2000003d   0x08007049   0x00000001   PAD
    0x2000003e   0x0800704a   0x00000008   Data   RW          771    .data               micphone.o
    0x20000046   0x08007052   0x00000002   PAD
    0x20000048   0x08007054   0x0000000c   Data   RW         1235    .data               stm32f1xx_hal.o
    0x20000054   0x08007060   0x00000004   Data   RW         3849    .data               system_stm32f1xx.o
    0x20000058        -       0x00000030   Zero   RW          261    .bss                adc.o
    0x20000088        -       0x0000008c   Zero   RW          370    .bss                tim.o
    0x20000114        -       0x00000090   Zero   RW          418    .bss                usart.o
    0x200001a4        -       0x00000c64   Zero   RW          815    .bss                ws2812.o
    0x20000e08        -       0x00000060   Zero   RW         3976    .bss                c_w.l(libspace.o)
    0x20000e68        -       0x00000200   Zero   RW            2    HEAP                startup_stm32f103xb.o
    0x20001068        -       0x00000400   Zero   RW            1    STACK               startup_stm32f103xb.o


==============================================================================

Image component sizes


      Code (inc. data)   RO Data    RW Data    ZI Data      Debug   Object Name

       168         22          0          0         48       1621   adc.o
        60         12          0          0          0        882   buzzer.o
        44          4          0          0          0        746   dma.o
       204         18          0          0          0        939   gpio.o
      1352         38      13896          0          0      11732   lcd.o
        26          6          0          0          0        866   light.o
      3264        500        133         61          0     460446   main.o
       228         16          0          8          0       2840   micphone.o
        64         26        236          0       1536        796   startup_stm32f103xb.o
       164         28          0         12          0       5857   stm32f1xx_hal.o
      1260         54          0          0          0       6488   stm32f1xx_hal_adc.o
       216          6          0          0          0       1422   stm32f1xx_hal_adc_ex.o
       198         14          0          0          0      28911   stm32f1xx_hal_cortex.o
       738         36          0          0          0       4286   stm32f1xx_hal_dma.o
       524         40          0          0          0       4082   stm32f1xx_hal_gpio.o
        60          8          0          0          0        862   stm32f1xx_hal_msp.o
      1240         84         18          0          0       5088   stm32f1xx_hal_rcc.o
       400         28         18          0          0       2453   stm32f1xx_hal_rcc_ex.o
       798         32          0          0          0       8186   stm32f1xx_hal_tim.o
       870         38          0          0          0       5997   stm32f1xx_hal_tim_ex.o
       284          6          0          0          0       1916   stm32f1xx_hal_uart.o
        50          6          0          0          0       4750   stm32f1xx_it.o
         2          0         24          4          0       1103   system_stm32f1xx.o
       336         40          0          0        140       2381   tim.o
       292         38          0          0        144       2323   usart.o
       284         30          0          0       3172       3979   ws2812.o

    ----------------------------------------------------------------------
     13152       1130      14360         88       5040     570952   Object Totals
         0          0         32          0          0          0   (incl. Generated)
        26          0          3          3          0          0   (incl. Padding)

    ----------------------------------------------------------------------

      Code (inc. data)   RO Data    RW Data    ZI Data      Debug   Library Member Name

         8          0          0          0          0         68   __main.o
       104          0          0          0          0         84   __printf.o
         0          0          0          0          0          0   __rtentry.o
        12          0          0          0          0          0   __rtentry2.o
         6          0          0          0          0          0   __rtentry4.o
        52          8          0          0          0          0   __scatter.o
        26          0          0          0          0          0   __scatter_copy.o
        28          0          0          0          0          0   __scatter_zi.o
        44          0          0          0          0        108   _printf_char.o
        48          6          0          0          0         96   _printf_char_common.o
         6          0          0          0          0          0   _printf_d.o
       120         16          0          0          0         92   _printf_dec.o
       178          0          0          0          0         88   _printf_intcommon.o
         0          0          0          0          0          0   _printf_percent.o
         4          0          0          0          0          0   _printf_percent_end.o
         6          0          0          0          0          0   _printf_s.o
        82          0          0          0          0         80   _printf_str.o
        10          0          0          0          0         68   _sputc.o
        18          0          0          0          0         80   exit.o
         6          0          0          0          0        152   heapauxi.o
         0          0          0          0          0          0   indicate_semi.o
         2          0          0          0          0          0   libinit.o
         2          0          0          0          0          0   libinit2.o
         2          0          0          0          0          0   libshutdown.o
         2          0          0          0          0          0   libshutdown2.o
         8          4          0          0         96         68   libspace.o
        40          6          0          0          0         84   noretval__2sprintf.o
        68          0          0          0          0         68   rt_memclr.o
        78          0          0          0          0         80   rt_memclr_w.o
       100          0          0          0          0         80   rt_memcpy_w.o
         2          0          0          0          0          0   rtexit.o
        10          0          0          0          0          0   rtexit2.o
        12          4          0          0          0         68   sys_exit.o
        74          0          0          0          0         80   sys_stackheap_outer.o
         2          0          0          0          0         68   use_no_semi.o

    ----------------------------------------------------------------------
      1172         44          0          0         96       1512   Library Totals
        12          0          0          0          0          0   (incl. Padding)

    ----------------------------------------------------------------------

      Code (inc. data)   RO Data    RW Data    ZI Data      Debug   Library Name

      1160         44          0          0         96       1512   c_w.l

    ----------------------------------------------------------------------
      1172         44          0          0         96       1512   Library Totals

    ----------------------------------------------------------------------

==============================================================================


      Code (inc. data)   RO Data    RW Data    ZI Data      Debug   

     14324       1174      14360         88       5136     566220   Grand Totals
     14324       1174      14360         88       5136     566220   ELF Image Totals
     14324       1174      14360         88          0          0   ROM Totals

==============================================================================

    Total RO  Size (Code + RO Data)                28684 (  28.01kB)
    Total RW  Size (RW Data + ZI Data)              5224 (   5.10kB)
    Total ROM Size (Code + RO Data + RW Data)      28772 (  28.10kB)

==============================================================================

