<html>
<body>
<pre>
<h1>礦ision Build Log</h1>
<h2>Tool Versions:</h2>
IDE-Version: μVision V5.24.2.0
Copyright (C) 2017 ARM Ltd and ARM Germany GmbH. All rights reserved.
License Information: fengyi 1, 1, LIC=LSNXV-P880B-LQE0Q-N94L2-24WUK-GCSB0
 
Tool Versions:
Toolchain:       MDK-ARM Plus  Version: 5.24.1
Toolchain Path:  D:\keilv5\ARM\ARMCC\Bin
C Compiler:      Armcc.exe V5.06 update 5 (build 528)
Assembler:       Armasm.exe V5.06 update 5 (build 528)
Linker/Locator:  ArmLink.exe V5.06 update 5 (build 528)
Library Manager: ArmAr.exe V5.06 update 5 (build 528)
Hex Converter:   FromElf.exe V5.06 update 5 (build 528)
CPU DLL:         SARMCM3.DLL V5.24.1
Dialog DLL:      DCM.DLL V1.16.0.0
Target DLL:      STLink\ST-LINKIII-KEIL_SWO.dll V3.0.1.0
Dialog DLL:      TCM.DLL V1.32.0.0
 
<h2>Project:</h2>
D:\文件集合\电赛校内赛项目\LED_TEST\MDK-ARM\LED_TEST.uvprojx
Project File Date:  05/11/2026

<h2>Output:</h2>
*** Using Compiler 'V5.06 update 5 (build 528)', folder: 'D:\keilv5\ARM\ARMCC\Bin'
Build target 'LED_TEST'
assembling startup_stm32f103xb.s...
compiling usart.c...
compiling gpio.c...
compiling main.c...
../Core/Inc/lcd.h(93): warning:  #1-D: last line of file ends without a newline
  #endif
../Core/Inc/buzzer.h(25): warning:  #1-D: last line of file ends without a newline
  #endif /* __BUZZER_H */
../Core/Src/main.c: 2 warnings, 0 errors
compiling dma.c...
compiling stm32f1xx_it.c...
compiling adc.c...
compiling stm32f1xx_hal_msp.c...
compiling micphone.c...
compiling stm32f1xx_hal_gpio_ex.c...
compiling ws2812.c...
compiling stm32f1xx_hal.c...
compiling buzzer.c...
../Core/Inc/buzzer.h(25): warning:  #1-D: last line of file ends without a newline
  #endif /* __BUZZER_H */
../Core/Src/buzzer.c(18): warning:  #1-D: last line of file ends without a newline
  }
../Core/Src/buzzer.c: 2 warnings, 0 errors
compiling spi.c...
compiling stm32f1xx_hal_gpio.c...
compiling stm32f1xx_hal_adc_ex.c...
compiling light.c...
compiling tim.c...
compiling stm32f1xx_hal_dma.c...
compiling stm32f1xx_hal_rcc_ex.c...
compiling lcd.c...
../Core/Inc/lcd.h(93): warning:  #1-D: last line of file ends without a newline
  #endif
../Core/Inc/lcdfont.h(3): warning:  #161-D: unrecognized #pragma
  #pragma GCC diagnostic ignored "-Winvalid-source-encoding"
../Core/Src/lcd.c: 2 warnings, 0 errors
compiling stm32f1xx_hal_cortex.c...
compiling stm32f1xx_hal_adc.c...
compiling stm32f1xx_hal_rcc.c...
compiling stm32f1xx_hal_pwr.c...
compiling stm32f1xx_hal_flash.c...
compiling stm32f1xx_hal_flash_ex.c...
compiling stm32f1xx_hal_exti.c...
compiling system_stm32f1xx.c...
compiling stm32f1xx_hal_spi.c...
compiling stm32f1xx_hal_tim_ex.c...
compiling stm32f1xx_hal_uart.c...
compiling stm32f1xx_hal_tim.c...
linking...
Program Size: Code=16020 RO-data=14276 RW-data=156 ZI-data=5220  
FromELF: creating hex file...
"LED_TEST\LED_TEST.axf" - 0 Error(s), 6 Warning(s).

<h2>Software Packages used:</h2>

Package Vendor: ARM
                http://www.keil.com/pack/ARM.CMSIS.5.0.1.pack
                ARM.CMSIS.5.0.1
                CMSIS (Cortex Microcontroller Software Interface Standard)
   * Component: CORE Version: 5.0.1

Package Vendor: Keil
                http://www.keil.com/pack/Keil.STM32F1xx_DFP.2.2.0.pack
                Keil.STM32F1xx_DFP.2.2.0
                STMicroelectronics STM32F1 Series Device Support, Drivers and Examples

<h2>Collection of Component include folders:</h2>
  .\RTE\_LED_TEST
  D:\keilv5\ARM\PACK\ARM\CMSIS\5.0.1\CMSIS\Include
  D:\keilv5\ARM\PACK\Keil\STM32F1xx_DFP\2.2.0\Device\Include

<h2>Collection of Component Files used:</h2>

   * Component: ARM::CMSIS:CORE:5.0.1
Build Time Elapsed:  00:00:04
</pre>
</body>
</html>
