Component: ARM Compiler 5.06 update 5 (build 528) Tool: armlink [4d35e2]

==============================================================================

Section Cross References

    startup_stm32f103xb.o(STACK) refers (Special) to heapauxi.o(.text) for __use_two_region_memory
    startup_stm32f103xb.o(HEAP) refers (Special) to heapauxi.o(.text) for __use_two_region_memory
    startup_stm32f103xb.o(RESET) refers (Special) to heapauxi.o(.text) for __use_two_region_memory
    startup_stm32f103xb.o(RESET) refers to startup_stm32f103xb.o(STACK) for __initial_sp
    startup_stm32f103xb.o(RESET) refers to startup_stm32f103xb.o(.text) for Reset_Handler
    startup_stm32f103xb.o(RESET) refers to stm32f1xx_it.o(i.NMI_Handler) for NMI_Handler
    startup_stm32f103xb.o(RESET) refers to stm32f1xx_it.o(i.HardFault_Handler) for HardFault_Handler
    startup_stm32f103xb.o(RESET) refers to stm32f1xx_it.o(i.MemManage_Handler) for MemManage_Handler
    startup_stm32f103xb.o(RESET) refers to stm32f1xx_it.o(i.BusFault_Handler) for BusFault_Handler
    startup_stm32f103xb.o(RESET) refers to stm32f1xx_it.o(i.UsageFault_Handler) for UsageFault_Handler
    startup_stm32f103xb.o(RESET) refers to stm32f1xx_it.o(i.SVC_Handler) for SVC_Handler
    startup_stm32f103xb.o(RESET) refers to stm32f1xx_it.o(i.DebugMon_Handler) for DebugMon_Handler
    startup_stm32f103xb.o(RESET) refers to stm32f1xx_it.o(i.PendSV_Handler) for PendSV_Handler
    startup_stm32f103xb.o(RESET) refers to stm32f1xx_it.o(i.SysTick_Handler) for SysTick_Handler
    startup_stm32f103xb.o(RESET) refers to stm32f1xx_it.o(i.DMA1_Channel2_IRQHandler) for DMA1_Channel2_IRQHandler
    startup_stm32f103xb.o(RESET) refers to stm32f1xx_it.o(i.EXTI9_5_IRQHandler) for EXTI9_5_IRQHandler
    startup_stm32f103xb.o(RESET) refers to stm32f1xx_it.o(i.USART3_IRQHandler) for USART3_IRQHandler
    startup_stm32f103xb.o(.text) refers (Special) to heapauxi.o(.text) for __use_two_region_memory
    startup_stm32f103xb.o(.text) refers to system_stm32f1xx.o(i.SystemInit) for SystemInit
    startup_stm32f103xb.o(.text) refers to __main.o(!!!main) for __main
    startup_stm32f103xb.o(.text) refers to startup_stm32f103xb.o(HEAP) for Heap_Mem
    startup_stm32f103xb.o(.text) refers to startup_stm32f103xb.o(STACK) for Stack_Mem
    main.o(i.Auto_Brightness_Update) refers to _printf_percent.o(.ARM.Collect$$_printf_percent$$00000000) for _printf_percent
    main.o(i.Auto_Brightness_Update) refers to _printf_u.o(.ARM.Collect$$_printf_percent$$0000000A) for _printf_u
    main.o(i.Auto_Brightness_Update) refers to _printf_dec.o(.text) for _printf_int_dec
    main.o(i.Auto_Brightness_Update) refers to stm32f1xx_hal.o(i.HAL_GetTick) for HAL_GetTick
    main.o(i.Auto_Brightness_Update) refers to light.o(i.Light_GetAverage) for Light_GetAverage
    main.o(i.Auto_Brightness_Update) refers to ws2812.o(i.WS2812_Set_All) for WS2812_Set_All
    main.o(i.Auto_Brightness_Update) refers to noretval__2sprintf.o(.text) for __2sprintf
    main.o(i.Auto_Brightness_Update) refers to lcd.o(i.LCD_ShowString) for LCD_ShowString
    main.o(i.Auto_Brightness_Update) refers to lcd.o(i.LCD_DrawLine) for LCD_DrawLine
    main.o(i.Auto_Brightness_Update) refers to lcd.o(i.LCD_Fill) for LCD_Fill
    main.o(i.Auto_Brightness_Update) refers to main.o(.data) for .data
    main.o(i.HAL_GPIO_EXTI_Callback) refers to stm32f1xx_hal.o(i.HAL_GetTick) for HAL_GetTick
    main.o(i.HAL_GPIO_EXTI_Callback) refers to main.o(.data) for .data
    main.o(i.Handle_Bluetooth_Commands) refers to bluetooth.o(i.Bluetooth_GetCommand) for Bluetooth_GetCommand
    main.o(i.Handle_Bluetooth_Commands) refers to ws2812.o(i.WS2812_Clear) for WS2812_Clear
    main.o(i.Handle_Bluetooth_Commands) refers to main.o(i.UI_Refresh) for UI_Refresh
    main.o(i.Handle_Bluetooth_Commands) refers to stm32f1xx_hal.o(i.HAL_GetTick) for HAL_GetTick
    main.o(i.Handle_Bluetooth_Commands) refers to main.o(i.Voice_LED_Set) for Voice_LED_Set
    main.o(i.Handle_Bluetooth_Commands) refers to buzzer.o(i.Buzzer_Beep_Short) for Buzzer_Beep_Short
    main.o(i.Handle_Bluetooth_Commands) refers to ws2812.o(i.WS2812_Set_All) for WS2812_Set_All
    main.o(i.Handle_Bluetooth_Commands) refers to main.o(i.Voice_Process_Command) for Voice_Process_Command
    main.o(i.Handle_Bluetooth_Commands) refers to main.o(.data) for .data
    main.o(i.Handle_Keys) refers to buzzer.o(i.Buzzer_Beep_Short) for Buzzer_Beep_Short
    main.o(i.Handle_Keys) refers to main.o(i.UI_Refresh) for UI_Refresh
    main.o(i.Handle_Keys) refers to ws2812.o(i.WS2812_Set_All) for WS2812_Set_All
    main.o(i.Handle_Keys) refers to ws2812.o(i.WS2812_Clear) for WS2812_Clear
    main.o(i.Handle_Keys) refers to main.o(i.Voice_LED_Set) for Voice_LED_Set
    main.o(i.Handle_Keys) refers to stm32f1xx_hal.o(i.HAL_GetTick) for HAL_GetTick
    main.o(i.Handle_Keys) refers to main.o(.data) for .data
    main.o(i.Matrix_Set_Pixel) refers to ws2812.o(i.WS2812_Set_Color) for WS2812_Set_Color
[...]
    i.ADC_ConversionStop_Disable             0x08000678   Section        0  stm32f1xx_hal_adc.o(i.ADC_ConversionStop_Disable)
    i.ADC_Enable                             0x080006d0   Section        0  stm32f1xx_hal_adc.o(i.ADC_Enable)
    i.Auto_Brightness_Update                 0x0800074c   Section        0  main.o(i.Auto_Brightness_Update)
    i.BT_StartRx                             0x080008a8   Section        0  bluetooth.o(i.BT_StartRx)
    BT_StartRx                               0x080008a9   Thumb Code    10  bluetooth.o(i.BT_StartRx)
    i.Bluetooth_GetCommand                   0x080008bc   Section        0  bluetooth.o(i.Bluetooth_GetCommand)
    i.Bluetooth_Init                         0x080008e8   Section        0  bluetooth.o(i.Bluetooth_Init)
    i.Bluetooth_Update                       0x08000920   Section        0  bluetooth.o(i.Bluetooth_Update)
    i.BusFault_Handler                       0x08000944   Section        0  stm32f1xx_it.o(i.BusFault_Handler)
    i.Buzzer_Beep_Short                      0x08000948   Section        0  buzzer.o(i.Buzzer_Beep_Short)
    i.Buzzer_Init                            0x08000970   Section        0  buzzer.o(i.Buzzer_Init)
    i.Buzzer_Update                          0x08000990   Section        0  buzzer.o(i.Buzzer_Update)
    i.DMA1_Channel2_IRQHandler               0x080009bc   Section        0  stm32f1xx_it.o(i.DMA1_Channel2_IRQHandler)
    i.DMA_SetConfig                          0x080009c8   Section        0  stm32f1xx_hal_dma.o(i.DMA_SetConfig)
    DMA_SetConfig                            0x080009c9   Thumb Code    42  stm32f1xx_hal_dma.o(i.DMA_SetConfig)
    i.DebugMon_Handler                       0x080009f2   Section        0  stm32f1xx_it.o(i.DebugMon_Handler)
    i.EXTI9_5_IRQHandler                     0x080009f4   Section        0  stm32f1xx_it.o(i.EXTI9_5_IRQHandler)
    i.Error_Handler                          0x08000a06   Section        0  main.o(i.Error_Handler)
    i.HAL_ADCEx_Calibration_Start            0x08000a0c   Section        0  stm32f1xx_hal_adc_ex.o(i.HAL_ADCEx_Calibration_Start)
    i.HAL_ADC_ConfigChannel                  0x08000ae4   Section        0  stm32f1xx_hal_adc.o(i.HAL_ADC_ConfigChannel)
    i.HAL_ADC_GetValue                       0x08000be0   Section        0  stm32f1xx_hal_adc.o(i.HAL_ADC_GetValue)
    i.HAL_ADC_Init                           0x08000be8   Section        0  stm32f1xx_hal_adc.o(i.HAL_ADC_Init)
    i.HAL_ADC_MspInit                        0x08000d04   Section        0  adc.o(i.HAL_ADC_MspInit)
    i.HAL_ADC_PollForConversion              0x08000d80   Section        0  stm32f1xx_hal_adc.o(i.HAL_ADC_PollForConversion)
    i.HAL_ADC_Start                          0x08000ebc   Section        0  stm32f1xx_hal_adc.o(i.HAL_ADC_Start)
    i.HAL_DMA_Abort                          0x08000f7c   Section        0  stm32f1xx_hal_dma.o(i.HAL_DMA_Abort)
    i.HAL_DMA_Abort_IT                       0x08000fc4   Section        0  stm32f1xx_hal_dma.o(i.HAL_DMA_Abort_IT)
    i.HAL_DMA_IRQHandler                     0x0800105c   Section        0  stm32f1xx_hal_dma.o(i.HAL_DMA_IRQHandler)
    i.HAL_DMA_Init                           0x080011b0   Section        0  stm32f1xx_hal_dma.o(i.HAL_DMA_Init)
    i.HAL_DMA_Start_IT                       0x0800120c   Section        0  stm32f1xx_hal_dma.o(i.HAL_DMA_Start_IT)
    i.HAL_Delay                              0x0800127c   Section        0  stm32f1xx_hal.o(i.HAL_Delay)
    i.HAL_GPIO_EXTI_Callback                 0x080012a0   Section        0  main.o(i.HAL_GPIO_EXTI_Callback)
    i.HAL_GPIO_EXTI_IRQHandler               0x080012cc   Section        0  stm32f1xx_hal_gpio.o(i.HAL_GPIO_EXTI_IRQHandler)
    i.HAL_GPIO_Init                          0x080012e4   Section        0  stm32f1xx_hal_gpio.o(i.HAL_GPIO_Init)
    i.HAL_GPIO_WritePin                      0x080014c4   Section        0  stm32f1xx_hal_gpio.o(i.HAL_GPIO_WritePin)
    i.HAL_GetTick                            0x080014d0   Section        0  stm32f1xx_hal.o(i.HAL_GetTick)
    i.HAL_IncTick                            0x080014dc   Section        0  stm32f1xx_hal.o(i.HAL_IncTick)
    i.HAL_Init                               0x080014ec   Section        0  stm32f1xx_hal.o(i.HAL_Init)
    i.HAL_InitTick                           0x08001510   Section        0  stm32f1xx_hal.o(i.HAL_InitTick)
    i.HAL_MspInit                            0x08001550   Section        0  stm32f1xx_hal_msp.o(i.HAL_MspInit)
    i.HAL_NVIC_EnableIRQ                     0x0800158c   Section        0  stm32f1xx_hal_cortex.o(i.HAL_NVIC_EnableIRQ)
    i.HAL_NVIC_SetPriority                   0x080015a8   Section        0  stm32f1xx_hal_cortex.o(i.HAL_NVIC_SetPriority)
    i.HAL_NVIC_SetPriorityGrouping           0x080015e8   Section        0  stm32f1xx_hal_cortex.o(i.HAL_NVIC_SetPriorityGrouping)
    i.HAL_RCCEx_GetPeriphCLKFreq             0x0800160c   Section        0  stm32f1xx_hal_rcc_ex.o(i.HAL_RCCEx_GetPeriphCLKFreq)
    i.HAL_RCCEx_PeriphCLKConfig              0x080016b0   Section        0  stm32f1xx_hal_rcc_ex.o(i.HAL_RCCEx_PeriphCLKConfig)
    i.HAL_RCC_ClockConfig                    0x0800179c   Section        0  stm32f1xx_hal_rcc.o(i.HAL_RCC_ClockConfig)
    i.HAL_RCC_GetPCLK1Freq                   0x080018c8   Section        0  stm32f1xx_hal_rcc.o(i.HAL_RCC_GetPCLK1Freq)
    i.HAL_RCC_GetPCLK2Freq                   0x080018e8   Section        0  stm32f1xx_hal_rcc.o(i.HAL_RCC_GetPCLK2Freq)
    i.HAL_RCC_GetSysClockFreq                0x08001908   Section        0  stm32f1xx_hal_rcc.o(i.HAL_RCC_GetSysClockFreq)
    i.HAL_RCC_OscConfig                      0x08001954   Section        0  stm32f1xx_hal_rcc.o(i.HAL_RCC_OscConfig)
    i.HAL_SYSTICK_Config                     0x08001c74   Section        0  stm32f1xx_hal_cortex.o(i.HAL_SYSTICK_Config)
    i.HAL_TIMEx_ConfigBreakDeadTime          0x08001c9c   Section        0  stm32f1xx_hal_tim_ex.o(i.HAL_TIMEx_ConfigBreakDeadTime)
    i.HAL_TIMEx_MasterConfigSynchronization  0x08001cf0   Section        0  stm32f1xx_hal_tim_ex.o(i.HAL_TIMEx_MasterConfigSynchronization)
    i.HAL_TIMEx_PWMN_Start_DMA               0x08001d58   Section        0  stm32f1xx_hal_tim_ex.o(i.HAL_TIMEx_PWMN_Start_DMA)
    i.HAL_TIMEx_PWMN_Stop_DMA                0x08001eb8   Section        0  stm32f1xx_hal_tim_ex.o(i.HAL_TIMEx_PWMN_Stop_DMA)
    i.HAL_TIM_ErrorCallback                  0x08001f60   Section        0  stm32f1xx_hal_tim.o(i.HAL_TIM_ErrorCallback)
    i.HAL_TIM_MspPostInit                    0x08001f64   Section        0  tim.o(i.HAL_TIM_MspPostInit)
    i.HAL_TIM_PWM_ConfigChannel              0x08001fb0   Section        0  stm32f1xx_hal_tim.o(i.HAL_TIM_PWM_ConfigChannel)
    i.HAL_TIM_PWM_Init                       0x0800207c   Section        0  stm32f1xx_hal_tim.o(i.HAL_TIM_PWM_Init)
    i.HAL_TIM_PWM_MspInit                    0x080020d8   Section        0  tim.o(i.HAL_TIM_PWM_MspInit)
    i.HAL_TIM_PWM_PulseFinishedCallback      0x08002138   Section        0  ws2812.o(i.HAL_TIM_PWM_PulseFinishedCallback)
    i.HAL_TIM_PWM_PulseFinishedHalfCpltCallback 0x08002160   Section        0  stm32f1xx_hal_tim.o(i.HAL_TIM_PWM_PulseFinishedHalfCpltCallback)
    i.HAL_UARTEx_RxEventCallback             0x08002162   Section        0  stm32f1xx_hal_uart.o(i.HAL_UARTEx_RxEventCallback)
    i.HAL_UART_ErrorCallback                 0x08002164   Section        0  bluetooth.o(i.HAL_UART_ErrorCallback)
    i.HAL_UART_IRQHandler                    0x08002184   Section        0  stm32f1xx_hal_uart.o(i.HAL_UART_IRQHandler)
    i.HAL_UART_Init                          0x080023f0   Section        0  stm32f1xx_hal_uart.o(i.HAL_UART_Init)
    i.HAL_UART_MspInit                       0x08002454   Section        0  usart.o(i.HAL_UART_MspInit)
    i.HAL_UART_Receive                       0x08002508   Section        0  stm32f1xx_hal_uart.o(i.HAL_UART_Receive)
    i.HAL_UART_Receive_IT                    0x080025b8   Section        0  stm32f1xx_hal_uart.o(i.HAL_UART_Receive_IT)
    i.HAL_UART_RxCpltCallback                0x080025d4   Section        0  bluetooth.o(i.HAL_UART_RxCpltCallback)
    i.HAL_UART_TxCpltCallback                0x0800261c   Section        0  stm32f1xx_hal_uart.o(i.HAL_UART_TxCpltCallback)
    i.HSV_to_RGB                             0x0800261e   Section        0  main.o(i.HSV_to_RGB)
    i.Handle_Bluetooth_Commands              0x080026b4   Section        0  main.o(i.Handle_Bluetooth_Commands)
    i.Handle_Keys                            0x08002808   Section        0  main.o(i.Handle_Keys)
    i.HardFault_Handler                      0x08002994   Section        0  stm32f1xx_it.o(i.HardFault_Handler)
    i.LCD_Address_Set                        0x08002996   Section        0  lcd.o(i.LCD_Address_Set)
    i.LCD_Clear                              0x080029d8   Section        0  lcd.o(i.LCD_Clear)
    i.LCD_DrawLine                           0x08002a04   Section        0  lcd.o(i.LCD_DrawLine)
    i.LCD_DrawPoint                          0x08002aa0   Section        0  lcd.o(i.LCD_DrawPoint)
    i.LCD_Fill                               0x08002ab6   Section        0  lcd.o(i.LCD_Fill)
    i.LCD_Init                               0x08002af4   Section        0  lcd.o(i.LCD_Init)
    i.LCD_ShowChar                           0x08002cf8   Section        0  lcd.o(i.LCD_ShowChar)
    i.LCD_ShowString                         0x08002e04   Section        0  lcd.o(i.LCD_ShowString)
    i.LCD_WR_DATA                            0x08002e3e   Section        0  lcd.o(i.LCD_WR_DATA)
    i.LCD_WR_REG                             0x08002e54   Section        0  lcd.o(i.LCD_WR_REG)
    i.LCD_Writ_Bus                           0x08002e7c   Section        0  lcd.o(i.LCD_Writ_Bus)
    i.Light_GetAverage                       0x08002ee0   Section        0  light.o(i.Light_GetAverage)
    i.Light_GetValue                         0x08002f08   Section        0  light.o(i.Light_GetValue)
    i.Light_Init                             0x08002f40   Section        0  light.o(i.Light_Init)
    i.MX_ADC1_Init                           0x08002f44   Section        0  adc.o(i.MX_ADC1_Init)
    i.MX_DMA_Init                            0x08002f94   Section        0  dma.o(i.MX_DMA_Init)
    i.MX_GPIO_Init                           0x08002fc0   Section        0  gpio.o(i.MX_GPIO_Init)
    i.MX_TIM1_Init                           0x08003088   Section        0  tim.o(i.MX_TIM1_Init)
    i.MX_USART2_UART_Init                    0x08003128   Section        0  usart.o(i.MX_USART2_UART_Init)
    i.MX_USART3_UART_Init                    0x08003160   Section        0  usart.o(i.MX_USART3_UART_Init)
    i.MemManage_Handler                      0x08003198   Section        0  stm32f1xx_it.o(i.MemManage_Handler)
    i.Mic_Calibration_Init                   0x0800319a   Section        0  micphone.o(i.Mic_Calibration_Init)
    i.Mic_Calibration_Process                0x080031b0   Section        0  micphone.o(i.Mic_Calibration_Process)
    i.Micphone_GetAverage                    0x080031fc   Section        0  micphone.o(i.Micphone_GetAverage)
    i.Micphone_GetValue                      0x0800321c   Section        0  micphone.o(i.Micphone_GetValue)
    i.Micphone_Init                          0x08003254   Section        0  micphone.o(i.Micphone_Init)
    i.Music_Rhythm_Update                    0x08003260   Section        0  main.o(i.Music_Rhythm_Update)
    i.NMI_Handler                            0x08003664   Section        0  stm32f1xx_it.o(i.NMI_Handler)
    i.PendSV_Handler                         0x08003666   Section        0  stm32f1xx_it.o(i.PendSV_Handler)
    i.SVC_Handler                            0x08003668   Section        0  stm32f1xx_it.o(i.SVC_Handler)
    i.Sound_Detect_Update                    0x0800366c   Section        0  main.o(i.Sound_Detect_Update)
    i.SysTick_Handler                        0x08003884   Section        0  stm32f1xx_it.o(i.SysTick_Handler)
    i.SystemClock_Config                     0x08003892   Section        0  main.o(i.SystemClock_Config)
    i.SystemInit                             0x0800390a   Section        0  system_stm32f1xx.o(i.SystemInit)
    i.TIM_Base_SetConfig                     0x0800390c   Section        0  stm32f1xx_hal_tim.o(i.TIM_Base_SetConfig)
    i.TIM_CCxNChannelCmd                     0x08003984   Section        0  stm32f1xx_hal_tim_ex.o(i.TIM_CCxNChannelCmd)
    TIM_CCxNChannelCmd                       0x08003985   Thumb Code    26  stm32f1xx_hal_tim_ex.o(i.TIM_CCxNChannelCmd)
    i.TIM_DMADelayPulseHalfCplt              0x0800399e   Section        0  stm32f1xx_hal_tim.o(i.TIM_DMADelayPulseHalfCplt)
    i.TIM_DMADelayPulseNCplt                 0x080039d6   Section        0  stm32f1xx_hal_tim_ex.o(i.TIM_DMADelayPulseNCplt)
    TIM_DMADelayPulseNCplt                   0x080039d7   Thumb Code    74  stm32f1xx_hal_tim_ex.o(i.TIM_DMADelayPulseNCplt)
    i.TIM_DMAErrorCCxN                       0x08003a20   Section        0  stm32f1xx_hal_tim_ex.o(i.TIM_DMAErrorCCxN)
    TIM_DMAErrorCCxN                         0x08003a21   Thumb Code    62  stm32f1xx_hal_tim_ex.o(i.TIM_DMAErrorCCxN)
    i.TIM_OC1_SetConfig                      0x08003a60   Section        0  stm32f1xx_hal_tim.o(i.TIM_OC1_SetConfig)
    TIM_OC1_SetConfig                        0x08003a61   Thumb Code    74  stm32f1xx_hal_tim.o(i.TIM_OC1_SetConfig)
    i.TIM_OC2_SetConfig                      0x08003ab0   Section        0  stm32f1xx_hal_tim.o(i.TIM_OC2_SetConfig)
    i.TIM_OC3_SetConfig                      0x08003b08   Section        0  stm32f1xx_hal_tim.o(i.TIM_OC3_SetConfig)
    TIM_OC3_SetConfig                        0x08003b09   Thumb Code    82  stm32f1xx_hal_tim.o(i.TIM_OC3_SetConfig)
    i.TIM_OC4_SetConfig                      0x08003b60   Section        0  stm32f1xx_hal_tim.o(i.TIM_OC4_SetConfig)
    TIM_OC4_SetConfig                        0x08003b61   Thumb Code    64  stm32f1xx_hal_tim.o(i.TIM_OC4_SetConfig)
    i.UART_DMAAbortOnError                   0x08003ba4   Section        0  stm32f1xx_hal_uart.o(i.UART_DMAAbortOnError)
    UART_DMAAbortOnError                     0x08003ba5   Thumb Code    16  stm32f1xx_hal_uart.o(i.UART_DMAAbortOnError)
    i.UART_EndRxTransfer                     0x08003bb4   Section        0  stm32f1xx_hal_uart.o(i.UART_EndRxTransfer)
    UART_EndRxTransfer                       0x08003bb5   Thumb Code    78  stm32f1xx_hal_uart.o(i.UART_EndRxTransfer)
    i.UART_Receive_IT                        0x08003c02   Section        0  stm32f1xx_hal_uart.o(i.UART_Receive_IT)
    UART_Receive_IT                          0x08003c03   Thumb Code   194  stm32f1xx_hal_uart.o(i.UART_Receive_IT)
    i.UART_SetConfig                         0x08003cc4   Section        0  stm32f1xx_hal_uart.o(i.UART_SetConfig)
    UART_SetConfig                           0x08003cc5   Thumb Code   178  stm32f1xx_hal_uart.o(i.UART_SetConfig)
    i.UART_Start_Receive_IT                  0x08003d7c   Section        0  stm32f1xx_hal_uart.o(i.UART_Start_Receive_IT)
    i.UART_WaitOnFlagUntilTimeout            0x08003db2   Section        0  stm32f1xx_hal_uart.o(i.UART_WaitOnFlagUntilTimeout)
    UART_WaitOnFlagUntilTimeout              0x08003db3   Thumb Code   114  stm32f1xx_hal_uart.o(i.UART_WaitOnFlagUntilTimeout)
    i.UI_Refresh                             0x08003e24   Section        0  main.o(i.UI_Refresh)
    i.USART3_IRQHandler                      0x08004394   Section        0  stm32f1xx_it.o(i.USART3_IRQHandler)
    i.UsageFault_Handler                     0x080043a0   Section        0  stm32f1xx_it.o(i.UsageFault_Handler)
    i.Voice_LED_Set                          0x080043a4   Section        0  main.o(i.Voice_LED_Set)
    i.Voice_Mode_Update                      0x080043b8   Section        0  main.o(i.Voice_Mode_Update)
    i.Voice_Process_Command                  0x08004444   Section        0  main.o(i.Voice_Process_Command)
    i.WS2812_Clear                           0x0800454c   Section        0  ws2812.o(i.WS2812_Clear)
    i.WS2812_Init                            0x08004574   Section        0  ws2812.o(i.WS2812_Init)
    i.WS2812_Set_All                         0x08004584   Section        0  ws2812.o(i.WS2812_Set_All)
    i.WS2812_Set_Color                       0x080045b4   Section        0  ws2812.o(i.WS2812_Set_Color)
    i.WS2812_Show                            0x08004610   Section        0  ws2812.o(i.WS2812_Show)
    i.__NVIC_SetPriority                     0x08004668   Section        0  stm32f1xx_hal_cortex.o(i.__NVIC_SetPriority)
    __NVIC_SetPriority                       0x08004669   Thumb Code    32  stm32f1xx_hal_cortex.o(i.__NVIC_SetPriority)
    i.main                                   0x08004688   Section        0  main.o(i.main)
    x$fpl$dadd                               0x08004720   Section      336  daddsub_clz.o(x$fpl$dadd)
    _dadd1                                   0x08004731   Thumb Code     0  daddsub_clz.o(x$fpl$dadd)
    x$fpl$dfixu                              0x08004870   Section       90  dfixu.o(x$fpl$dfixu)
    x$fpl$dfltu                              0x080048ca   Section       38  dflt_clz.o(x$fpl$dfltu)
    x$fpl$dmul                               0x080048f0   Section      340  dmul.o(x$fpl$dmul)
    x$fpl$dnaninf                            0x08004a44   Section      156  dnaninf.o(x$fpl$dnaninf)
    x$fpl$dretinf                            0x08004ae0   Section       12  dretinf.o(x$fpl$dretinf)
    x$fpl$dsub                               0x08004aec   Section      468  daddsub_clz.o(x$fpl$dsub)
    _dsub1                                   0x08004afd   Thumb Code     0  daddsub_clz.o(x$fpl$dsub)
    .constdata                               0x08004cc0   Section    13896  lcd.o(.constdata)
    x$fpl$usenofp                            0x08004cc0   Section        0  usenofp.o(x$fpl$usenofp)
    .constdata                               0x08008308   Section       18  stm32f1xx_hal_rcc.o(.constdata)
    aPredivFactorTable                       0x08008308   Data           2  stm32f1xx_hal_rcc.o(.constdata)
    aPLLMULFactorTable                       0x0800830a   Data          16  stm32f1xx_hal_rcc.o(.constdata)
    .constdata                               0x0800831a   Section       18  stm32f1xx_hal_rcc_ex.o(.constdata)
    aPredivFactorTable                       0x0800831a   Data           2  stm32f1xx_hal_rcc_ex.o(.constdata)
    aPLLMULFactorTable                       0x0800831c   Data          16  stm32f1xx_hal_rcc_ex.o(.constdata)
    .constdata                               0x0800832c   Section       16  system_stm32f1xx.o(.constdata)
    .constdata                               0x0800833c   Section        8  system_stm32f1xx.o(.constdata)
    .conststring                             0x08008344   Section       51  main.o(.conststring)
    .data                                    0x20000000   Section      172  main.o(.data)
    last_bar_length                          0x2000000d   Data           1  main.o(.data)
    last_rows                                0x2000000e   Data           1  main.o(.data)
    last_bar                                 0x2000000f   Data           1  main.o(.data)
    last_led_val                             0x20000010   Data           1  main.o(.data)
    light_init                               0x20000011   Data           1  main.o(.data)
    info_drawn                               0x20000012   Data           1  main.o(.data)
    last_sample_time                         0x20000024   Data           4  main.o(.data)
    last_lcd_update                          0x20000028   Data           4  main.o(.data)
    baseline                                 0x2000002c   Data           4  main.o(.data)
    env                                      0x20000030   Data           4  main.o(.data)
    noise                                    0x20000034   Data           4  main.o(.data)
    peak                                     0x20000038   Data           4  main.o(.data)
    last_check_time                          0x2000003c   Data           4  main.o(.data)
    last_lcd_time                            0x20000040   Data           4  main.o(.data)
    light_min                                0x20000044   Data           4  main.o(.data)
    light_max                                0x20000048   Data           4  main.o(.data)
    light_smooth                             0x2000004c   Data           4  main.o(.data)
    last_sample_time                         0x20000050   Data           4  main.o(.data)
    max_value                                0x20000054   Data           4  main.o(.data)
    last_display_value                       0x20000058   Data           4  main.o(.data)
    .data                                    0x200000ac   Section        8  buzzer.o(.data)
    buzzer_active                            0x200000ac   Data           1  buzzer.o(.data)
    buzzer_off_tick                          0x200000b0   Data           4  buzzer.o(.data)
    .data                                    0x200000b4   Section        1  ws2812.o(.data)
    ws2812_dma_busy                          0x200000b4   Data           1  ws2812.o(.data)
    .data                                    0x200000b5   Section        3  bluetooth.o(.data)
    bt_rx_byte                               0x200000b5   Data           1  bluetooth.o(.data)
    bt_head                                  0x200000b6   Data           1  bluetooth.o(.data)
    bt_tail                                  0x200000b7   Data           1  bluetooth.o(.data)
    .data                                    0x200000b8   Section       12  stm32f1xx_hal.o(.data)
    .data                                    0x200000c4   Section        4  system_stm32f1xx.o(.data)
    .bss                                     0x200000c8   Section       60  main.o(.bss)
    .bss                                     0x20000104   Section       48  adc.o(.bss)
    .bss                                     0x20000134   Section      140  tim.o(.bss)
    .bss                                     0x200001c0   Section      144  usart.o(.bss)
    .bss                                     0x20000250   Section     3172  ws2812.o(.bss)
    ws2812_pixel_data                        0x20000250   Data        3172  ws2812.o(.bss)
    .bss                                     0x20000eb4   Section       32  bluetooth.o(.bss)
    bt_cmd_queue                             0x20000eb4   Data          32  bluetooth.o(.bss)
    .bss                                     0x20000ed4   Section       96  libspace.o(.bss)
    HEAP                                     0x20000f38   Section      512  startup_stm32f103xb.o(HEAP)
    Heap_Mem                                 0x20000f38   Data         512  startup_stm32f103xb.o(HEAP)
    STACK                                    0x20001138   Section     1024  startup_stm32f103xb.o(STACK)
    Stack_Mem                                0x20001138   Data        1024  startup_stm32f103xb.o(STACK)
    __initial_sp                             0x20001538   Data           0  startup_stm32f103xb.o(STACK)

    Global Symbols

    Symbol Name                              Value     Ov Type        Size  Object(Section)

    BuildAttributes$$THM_ISAv4$P$D$K$B$S$PE$A:L22UL41UL21$X:L11$S22US41US21$IEEE1$IW$USESV6$~STKCKD$USESV7$~SHL$OSPACE$ROPI$EBA8$UX$STANDARDLIB$REQ8$PRES8$EABIv2 0x00000000   Number         0  anon$$obj.o ABSOLUTE
    __ARM_use_no_argv                        0x00000000   Number         0  main.o ABSOLUTE
    _printf_flags                            0x00000000   Number         0  printf_stubs.o ABSOLUTE
    _printf_return_value                     0x00000000   Number         0  printf_stubs.o ABSOLUTE
    _printf_sizespec                         0x00000000   Number         0  printf_stubs.o ABSOLUTE
    _printf_widthprec                        0x00000000   Number         0  printf_stubs.o ABSOLUTE
    __ARM_exceptions_init                     - Undefined Weak Reference
    __alloca_initialize                       - Undefined Weak Reference
    __arm_preinit_                            - Undefined Weak Reference
    __cpp_initialize__aeabi_                  - Undefined Weak Reference
    __cxa_finalize                            - Undefined Weak Reference
    __rt_locale                               - Undefined Weak Reference
    __sigvec_lookup                           - Undefined Weak Reference
    _atexit_init                              - Undefined Weak Reference
    _call_atexit_fns                          - Undefined Weak Reference
    _clock_init                               - Undefined Weak Reference
    _fp_trap_init                             - Undefined Weak Reference
    _fp_trap_shutdown                         - Undefined Weak Reference
    _get_lc_collate                           - Undefined Weak Reference
    _get_lc_ctype                             - Undefined Weak Reference
    _get_lc_monetary                          - Undefined Weak Reference
    _get_lc_numeric                           - Undefined Weak Reference
    _get_lc_time                              - Undefined Weak Reference
    _getenv_init                              - Undefined Weak Reference
    _handle_redirection                       - Undefined Weak Reference
    _init_alloc                               - Undefined Weak Reference
    _init_user_alloc                          - Undefined Weak Reference
    _initio                                   - Undefined Weak Reference
    _printf_mbtowc                            - Undefined Weak Reference
    _printf_post_padding                      - Undefined Weak Reference
    _printf_pre_padding                       - Undefined Weak Reference
    _printf_truncate_signed                   - Undefined Weak Reference
    _printf_truncate_unsigned                 - Undefined Weak Reference
    _rand_init                                - Undefined Weak Reference
    _signal_finish                            - Undefined Weak Reference
    _signal_init                              - Undefined Weak Reference
    _terminate_alloc                          - Undefined Weak Reference
    _terminate_user_alloc                     - Undefined Weak Reference
    _terminateio                              - Undefined Weak Reference
    __Vectors_Size                           0x000000ec   Number         0  startup_stm32f103xb.o ABSOLUTE
    __Vectors                                0x08000000   Data           4  startup_stm32f103xb.o(RESET)
    __Vectors_End                            0x080000ec   Data           0  startup_stm32f103xb.o(RESET)
    __main                                   0x080000ed   Thumb Code     8  __main.o(!!!main)
    __scatterload                            0x080000f5   Thumb Code     0  __scatter.o(!!!scatter)
    __scatterload_rt2                        0x080000f5   Thumb Code    44  __scatter.o(!!!scatter)
    __scatterload_rt2_thumb_only             0x080000f5   Thumb Code     0  __scatter.o(!!!scatter)
    __scatterload_null                       0x08000103   Thumb Code     0  __scatter.o(!!!scatter)
    __scatterload_copy                       0x08000129   Thumb Code    26  __scatter_copy.o(!!handler_copy)
    __scatterload_zeroinit                   0x08000145   Thumb Code    28  __scatter_zi.o(!!handler_zi)
    _printf_d                                0x08000161   Thumb Code     0  _printf_d.o(.ARM.Collect$$_printf_percent$$00000009)
    _printf_percent                          0x08000161   Thumb Code     0  _printf_percent.o(.ARM.Collect$$_printf_percent$$00000000)
    _printf_u                                0x08000167   Thumb Code     0  _printf_u.o(.ARM.Collect$$_printf_percent$$0000000A)
    _printf_s                                0x0800016d   Thumb Code     0  _printf_s.o(.ARM.Collect$$_printf_percent$$00000014)
    _printf_percent_end                      0x08000173   Thumb Code     0  _printf_percent_end.o(.ARM.Collect$$_printf_percent$$00000017)
    __rt_lib_init                            0x08000177   Thumb Code     0  libinit.o(.ARM.Collect$$libinit$$00000000)
    __rt_lib_init_alloca_1                   0x08000179   Thumb Code     0  libinit2.o(.ARM.Collect$$libinit$$0000002E)
    __rt_lib_init_argv_1                     0x08000179   Thumb Code     0  libinit2.o(.ARM.Collect$$libinit$$0000002C)
    __rt_lib_init_atexit_1                   0x08000179   Thumb Code     0  libinit2.o(.ARM.Collect$$libinit$$0000001B)
    __rt_lib_init_clock_1                    0x08000179   Thumb Code     0  libinit2.o(.ARM.Collect$$libinit$$00000021)
    __rt_lib_init_cpp_1                      0x08000179   Thumb Code     0  libinit2.o(.ARM.Collect$$libinit$$00000032)
    __rt_lib_init_exceptions_1               0x08000179   Thumb Code     0  libinit2.o(.ARM.Collect$$libinit$$00000030)
    __rt_lib_init_fp_1                       0x08000179   Thumb Code     0  libinit2.o(.ARM.Collect$$libinit$$00000002)
    __rt_lib_init_fp_trap_1                  0x08000179   Thumb Code     0  libinit2.o(.ARM.Collect$$libinit$$0000001F)
    __rt_lib_init_getenv_1                   0x08000179   Thumb Code     0  libinit2.o(.ARM.Collect$$libinit$$00000023)
    __rt_lib_init_heap_1                     0x08000179   Thumb Code     0  libinit2.o(.ARM.Collect$$libinit$$0000000A)
    __rt_lib_init_lc_collate_1               0x08000179   Thumb Code     0  libinit2.o(.ARM.Collect$$libinit$$00000011)
    __rt_lib_init_lc_ctype_1                 0x08000179   Thumb Code     0  libinit2.o(.ARM.Collect$$libinit$$00000013)
    __rt_lib_init_lc_monetary_1              0x08000179   Thumb Code     0  libinit2.o(.ARM.Collect$$libinit$$00000015)
    __rt_lib_init_lc_numeric_1               0x08000179   Thumb Code     0  libinit2.o(.ARM.Collect$$libinit$$00000017)
    __rt_lib_init_lc_time_1                  0x08000179   Thumb Code     0  libinit2.o(.ARM.Collect$$libinit$$00000019)
    __rt_lib_init_preinit_1                  0x08000179   Thumb Code     0  libinit2.o(.ARM.Collect$$libinit$$00000004)
    __rt_lib_init_rand_1                     0x08000179   Thumb Code     0  libinit2.o(.ARM.Collect$$libinit$$0000000E)
    __rt_lib_init_return                     0x08000179   Thumb Code     0  libinit2.o(.ARM.Collect$$libinit$$00000033)
    __rt_lib_init_signal_1                   0x08000179   Thumb Code     0  libinit2.o(.ARM.Collect$$libinit$$0000001D)
    __rt_lib_init_stdio_1                    0x08000179   Thumb Code     0  libinit2.o(.ARM.Collect$$libinit$$00000025)
    __rt_lib_init_user_alloc_1               0x08000179   Thumb Code     0  libinit2.o(.ARM.Collect$$libinit$$0000000C)
    __rt_lib_shutdown                        0x0800017b   Thumb Code     0  libshutdown.o(.ARM.Collect$$libshutdown$$00000000)
    __rt_lib_shutdown_cpp_1                  0x0800017d   Thumb Code     0  libshutdown2.o(.ARM.Collect$$libshutdown$$00000002)
    __rt_lib_shutdown_fp_trap_1              0x0800017d   Thumb Code     0  libshutdown2.o(.ARM.Collect$$libshutdown$$00000007)
    __rt_lib_shutdown_heap_1                 0x0800017d   Thumb Code     0  libshutdown2.o(.ARM.Collect$$libshutdown$$0000000F)
    __rt_lib_shutdown_return                 0x0800017d   Thumb Code     0  libshutdown2.o(.ARM.Collect$$libshutdown$$00000010)
    __rt_lib_shutdown_signal_1               0x0800017d   Thumb Code     0  libshutdown2.o(.ARM.Collect$$libshutdown$$0000000A)
    __rt_lib_shutdown_stdio_1                0x0800017d   Thumb Code     0  libshutdown2.o(.ARM.Collect$$libshutdown$$00000004)
    __rt_lib_shutdown_user_alloc_1           0x0800017d   Thumb Code     0  libshutdown2.o(.ARM.Collect$$libshutdown$$0000000C)
    __rt_entry                               0x0800017f   Thumb Code     0  __rtentry.o(.ARM.Collect$$rtentry$$00000000)
    __rt_entry_presh_1                       0x0800017f   Thumb Code     0  __rtentry2.o(.ARM.Collect$$rtentry$$00000002)
    __rt_entry_sh                            0x0800017f   Thumb Code     0  __rtentry4.o(.ARM.Collect$$rtentry$$00000004)
    __rt_entry_li                            0x08000185   Thumb Code     0  __rtentry2.o(.ARM.Collect$$rtentry$$0000000A)
    __rt_entry_postsh_1                      0x08000185   Thumb Code     0  __rtentry2.o(.ARM.Collect$$rtentry$$00000009)
    __rt_entry_main                          0x08000189   Thumb Code     0  __rtentry2.o(.ARM.Collect$$rtentry$$0000000D)
    __rt_entry_postli_1                      0x08000189   Thumb Code     0  __rtentry2.o(.ARM.Collect$$rtentry$$0000000C)
    __rt_exit                                0x08000191   Thumb Code     0  rtexit.o(.ARM.Collect$$rtexit$$00000000)
    __rt_exit_ls                             0x08000193   Thumb Code     0  rtexit2.o(.ARM.Collect$$rtexit$$00000003)
    __rt_exit_prels_1                        0x08000193   Thumb Code     0  rtexit2.o(.ARM.Collect$$rtexit$$00000002)
    __rt_exit_exit                           0x08000197   Thumb Code     0  rtexit2.o(.ARM.Collect$$rtexit$$00000004)
    Reset_Handler                            0x0800019d   Thumb Code     8  startup_stm32f103xb.o(.text)
    ADC1_2_IRQHandler                        0x080001b7   Thumb Code     0  startup_stm32f103xb.o(.text)
    CAN1_RX1_IRQHandler                      0x080001b7   Thumb Code     0  startup_stm32f103xb.o(.text)
    CAN1_SCE_IRQHandler                      0x080001b7   Thumb Code     0  startup_stm32f103xb.o(.text)
    DMA1_Channel1_IRQHandler                 0x080001b7   Thumb Code     0  startup_stm32f103xb.o(.text)
    DMA1_Channel3_IRQHandler                 0x080001b7   Thumb Code     0  startup_stm32f103xb.o(.text)
    DMA1_Channel4_IRQHandler                 0x080001b7   Thumb Code     0  startup_stm32f103xb.o(.text)
    DMA1_Channel5_IRQHandler                 0x080001b7   Thumb Code     0  startup_stm32f103xb.o(.text)
    DMA1_Channel6_IRQHandler                 0x080001b7   Thumb Code     0  startup_stm32f103xb.o(.text)
    DMA1_Channel7_IRQHandler                 0x080001b7   Thumb Code     0  startup_stm32f103xb.o(.text)
    EXTI0_IRQHandler                         0x080001b7   Thumb Code     0  startup_stm32f103xb.o(.text)
    EXTI15_10_IRQHandler                     0x080001b7   Thumb Code     0  startup_stm32f103xb.o(.text)
    EXTI1_IRQHandler                         0x080001b7   Thumb Code     0  startup_stm32f103xb.o(.text)
    EXTI2_IRQHandler                         0x080001b7   Thumb Code     0  startup_stm32f103xb.o(.text)
    EXTI3_IRQHandler                         0x080001b7   Thumb Code     0  startup_stm32f103xb.o(.text)
    EXTI4_IRQHandler                         0x080001b7   Thumb Code     0  startup_stm32f103xb.o(.text)
    FLASH_IRQHandler                         0x080001b7   Thumb Code     0  startup_stm32f103xb.o(.text)
    I2C1_ER_IRQHandler                       0x080001b7   Thumb Code     0  startup_stm32f103xb.o(.text)
    I2C1_EV_IRQHandler                       0x080001b7   Thumb Code     0  startup_stm32f103xb.o(.text)
    I2C2_ER_IRQHandler                       0x080001b7   Thumb Code     0  startup_stm32f103xb.o(.text)
    I2C2_EV_IRQHandler                       0x080001b7   Thumb Code     0  startup_stm32f103xb.o(.text)
    PVD_IRQHandler                           0x080001b7   Thumb Code     0  startup_stm32f103xb.o(.text)
    RCC_IRQHandler                           0x080001b7   Thumb Code     0  startup_stm32f103xb.o(.text)
    RTC_Alarm_IRQHandler                     0x080001b7   Thumb Code     0  startup_stm32f103xb.o(.text)
    RTC_IRQHandler                           0x080001b7   Thumb Code     0  startup_stm32f103xb.o(.text)
    SPI1_IRQHandler                          0x080001b7   Thumb Code     0  startup_stm32f103xb.o(.text)
    SPI2_IRQHandler                          0x080001b7   Thumb Code     0  startup_stm32f103xb.o(.text)
    TAMPER_IRQHandler                        0x080001b7   Thumb Code     0  startup_stm32f103xb.o(.text)
    TIM1_BRK_IRQHandler                      0x080001b7   Thumb Code     0  startup_stm32f103xb.o(.text)
    TIM1_CC_IRQHandler                       0x080001b7   Thumb Code     0  startup_stm32f103xb.o(.text)
    TIM1_TRG_COM_IRQHandler                  0x080001b7   Thumb Code     0  startup_stm32f103xb.o(.text)
    TIM1_UP_IRQHandler                       0x080001b7   Thumb Code     0  startup_stm32f103xb.o(.text)
    TIM2_IRQHandler                          0x080001b7   Thumb Code     0  startup_stm32f103xb.o(.text)
    TIM3_IRQHandler                          0x080001b7   Thumb Code     0  startup_stm32f103xb.o(.text)
    TIM4_IRQHandler                          0x080001b7   Thumb Code     0  startup_stm32f103xb.o(.text)
    USART1_IRQHandler                        0x080001b7   Thumb Code     0  startup_stm32f103xb.o(.text)
    USART2_IRQHandler                        0x080001b7   Thumb Code     0  startup_stm32f103xb.o(.text)
    USBWakeUp_IRQHandler                     0x080001b7   Thumb Code     0  startup_stm32f103xb.o(.text)
    USB_HP_CAN1_TX_IRQHandler                0x080001b7   Thumb Code     0  startup_stm32f103xb.o(.text)
    USB_LP_CAN1_RX0_IRQHandler               0x080001b7   Thumb Code     0  startup_stm32f103xb.o(.text)
    WWDG_IRQHandler                          0x080001b7   Thumb Code     0  startup_stm32f103xb.o(.text)
    __user_initial_stackheap                 0x080001b9   Thumb Code     0  startup_stm32f103xb.o(.text)
    __2sprintf                               0x080001dd   Thumb Code    34  noretval__2sprintf.o(.text)
    _printf_str                              0x08000205   Thumb Code    82  _printf_str.o(.text)
    _printf_int_dec                          0x08000259   Thumb Code   104  _printf_dec.o(.text)
    __printf                                 0x080002d1   Thumb Code   184  __printf_ss.o(.text)
    strcpy                                   0x08000389   Thumb Code    72  strcpy.o(.text)
    __aeabi_memclr                           0x080003d1   Thumb Code     0  rt_memclr.o(.text)
    __rt_memclr                              0x080003d1   Thumb Code    68  rt_memclr.o(.text)
    _memset                                  0x080003d5   Thumb Code     0  rt_memclr.o(.text)
    __aeabi_memclr4                          0x08000415   Thumb Code     0  rt_memclr_w.o(.text)
    __aeabi_memclr8                          0x08000415   Thumb Code     0  rt_memclr_w.o(.text)
    __rt_memclr_w                            0x08000415   Thumb Code    78  rt_memclr_w.o(.text)
    _memset_w                                0x08000419   Thumb Code     0  rt_memclr_w.o(.text)
    strcmp                                   0x08000465   Thumb Code   128  strcmpv7m.o(.text)
    __use_two_region_memory                  0x080004e5   Thumb Code     2  heapauxi.o(.text)
    __rt_heap_escrow$2region                 0x080004e7   Thumb Code     2  heapauxi.o(.text)
    __rt_heap_expand$2region                 0x080004e9   Thumb Code     2  heapauxi.o(.text)
    _printf_int_common                       0x080004eb   Thumb Code   178  _printf_intcommon.o(.text)
    _printf_char_common                      0x080005a7   Thumb Code    32  _printf_char_common.o(.text)
    _sputc                                   0x080005cd   Thumb Code    10  _sputc.o(.text)
    _printf_cs_common                        0x080005d7   Thumb Code    20  _printf_char.o(.text)
    _printf_char                             0x080005eb   Thumb Code    16  _printf_char.o(.text)
    _printf_string                           0x080005fb   Thumb Code     8  _printf_char.o(.text)
    __user_setup_stackheap                   0x08000603   Thumb Code    74  sys_stackheap_outer.o(.text)
    exit                                     0x0800064d   Thumb Code    18  exit.o(.text)
    __user_libspace                          0x08000661   Thumb Code     8  libspace.o(.text)
    __user_perproc_libspace                  0x08000661   Thumb Code     0  libspace.o(.text)
    __user_perthread_libspace                0x08000661   Thumb Code     0  libspace.o(.text)
    _sys_exit                                0x08000669   Thumb Code     8  sys_exit.o(.text)
    __I$use$semihosting                      0x08000675   Thumb Code     0  use_no_semi.o(.text)
    __use_no_semihosting_swi                 0x08000675   Thumb Code     2  use_no_semi.o(.text)
    __semihosting_library_function           0x08000677   Thumb Code     0  indicate_semi.o(.text)
    ADC_ConversionStop_Disable               0x08000679   Thumb Code    86  stm32f1xx_hal_adc.o(i.ADC_ConversionStop_Disable)
    ADC_Enable                               0x080006d1   Thumb Code   114  stm32f1xx_hal_adc.o(i.ADC_Enable)
    Auto_Brightness_Update                   0x0800074d   Thumb Code   326  main.o(i.Auto_Brightness_Update)
    Bluetooth_GetCommand                     0x080008bd   Thumb Code    34  bluetooth.o(i.Bluetooth_GetCommand)
    Bluetooth_Init                           0x080008e9   Thumb Code    46  bluetooth.o(i.Bluetooth_Init)
    Bluetooth_Update                         0x08000921   Thumb Code    30  bluetooth.o(i.Bluetooth_Update)
    BusFault_Handler                         0x08000945   Thumb Code     2  stm32f1xx_it.o(i.BusFault_Handler)
    Buzzer_Beep_Short                        0x08000949   Thumb Code    30  buzzer.o(i.Buzzer_Beep_Short)
    Buzzer_Init                              0x08000971   Thumb Code    22  buzzer.o(i.Buzzer_Init)
    Buzzer_Update                            0x08000991   Thumb Code    36  buzzer.o(i.Buzzer_Update)
    DMA1_Channel2_IRQHandler                 0x080009bd   Thumb Code     6  stm32f1xx_it.o(i.DMA1_Channel2_IRQHandler)
    DebugMon_Handler                         0x080009f3   Thumb Code     2  stm32f1xx_it.o(i.DebugMon_Handler)
    EXTI9_5_IRQHandler                       0x080009f5   Thumb Code    18  stm32f1xx_it.o(i.EXTI9_5_IRQHandler)
    Error_Handler                            0x08000a07   Thumb Code     4  main.o(i.Error_Handler)
    HAL_ADCEx_Calibration_Start              0x08000a0d   Thumb Code   210  stm32f1xx_hal_adc_ex.o(i.HAL_ADCEx_Calibration_Start)
    HAL_ADC_ConfigChannel                    0x08000ae5   Thumb Code   240  stm32f1xx_hal_adc.o(i.HAL_ADC_ConfigChannel)
    HAL_ADC_GetValue                         0x08000be1   Thumb Code     6  stm32f1xx_hal_adc.o(i.HAL_ADC_GetValue)
    HAL_ADC_Init                             0x08000be9   Thumb Code   272  stm32f1xx_hal_adc.o(i.HAL_ADC_Init)
    HAL_ADC_MspInit                          0x08000d05   Thumb Code   106  adc.o(i.HAL_ADC_MspInit)
    HAL_ADC_PollForConversion                0x08000d81   Thumb Code   304  stm32f1xx_hal_adc.o(i.HAL_ADC_PollForConversion)
    HAL_ADC_Start                            0x08000ebd   Thumb Code   184  stm32f1xx_hal_adc.o(i.HAL_ADC_Start)
    HAL_DMA_Abort                            0x08000f7d   Thumb Code    70  stm32f1xx_hal_dma.o(i.HAL_DMA_Abort)
    HAL_DMA_Abort_IT                         0x08000fc5   Thumb Code   148  stm32f1xx_hal_dma.o(i.HAL_DMA_Abort_IT)
    HAL_DMA_IRQHandler                       0x0800105d   Thumb Code   316  stm32f1xx_hal_dma.o(i.HAL_DMA_IRQHandler)
    HAL_DMA_Init                             0x080011b1   Thumb Code    84  stm32f1xx_hal_dma.o(i.HAL_DMA_Init)
    HAL_DMA_Start_IT                         0x0800120d   Thumb Code   112  stm32f1xx_hal_dma.o(i.HAL_DMA_Start_IT)
    HAL_Delay                                0x0800127d   Thumb Code    32  stm32f1xx_hal.o(i.HAL_Delay)
    HAL_GPIO_EXTI_Callback                   0x080012a1   Thumb Code    38  main.o(i.HAL_GPIO_EXTI_Callback)
    HAL_GPIO_EXTI_IRQHandler                 0x080012cd   Thumb Code    18  stm32f1xx_hal_gpio.o(i.HAL_GPIO_EXTI_IRQHandler)
    HAL_GPIO_Init                            0x080012e5   Thumb Code   446  stm32f1xx_hal_gpio.o(i.HAL_GPIO_Init)
    HAL_GPIO_WritePin                        0x080014c5   Thumb Code    10  stm32f1xx_hal_gpio.o(i.HAL_GPIO_WritePin)
    HAL_GetTick                              0x080014d1   Thumb Code     6  stm32f1xx_hal.o(i.HAL_GetTick)
    HAL_IncTick                              0x080014dd   Thumb Code    12  stm32f1xx_hal.o(i.HAL_IncTick)
    HAL_Init                                 0x080014ed   Thumb Code    32  stm32f1xx_hal.o(i.HAL_Init)
    HAL_InitTick                             0x08001511   Thumb Code    54  stm32f1xx_hal.o(i.HAL_InitTick)
    HAL_MspInit                              0x08001551   Thumb Code    52  stm32f1xx_hal_msp.o(i.HAL_MspInit)
    HAL_NVIC_EnableIRQ                       0x0800158d   Thumb Code    26  stm32f1xx_hal_cortex.o(i.HAL_NVIC_EnableIRQ)
    HAL_NVIC_SetPriority                     0x080015a9   Thumb Code    60  stm32f1xx_hal_cortex.o(i.HAL_NVIC_SetPriority)
    HAL_NVIC_SetPriorityGrouping             0x080015e9   Thumb Code    26  stm32f1xx_hal_cortex.o(i.HAL_NVIC_SetPriorityGrouping)
    HAL_RCCEx_GetPeriphCLKFreq               0x0800160d   Thumb Code   148  stm32f1xx_hal_rcc_ex.o(i.HAL_RCCEx_GetPeriphCLKFreq)
    HAL_RCCEx_PeriphCLKConfig                0x080016b1   Thumb Code   224  stm32f1xx_hal_rcc_ex.o(i.HAL_RCCEx_PeriphCLKConfig)
    HAL_RCC_ClockConfig                      0x0800179d   Thumb Code   280  stm32f1xx_hal_rcc.o(i.HAL_RCC_ClockConfig)
    HAL_RCC_GetPCLK1Freq                     0x080018c9   Thumb Code    20  stm32f1xx_hal_rcc.o(i.HAL_RCC_GetPCLK1Freq)
    HAL_RCC_GetPCLK2Freq                     0x080018e9   Thumb Code    20  stm32f1xx_hal_rcc.o(i.HAL_RCC_GetPCLK2Freq)
    HAL_RCC_GetSysClockFreq                  0x08001909   Thumb Code    58  stm32f1xx_hal_rcc.o(i.HAL_RCC_GetSysClockFreq)
    HAL_RCC_OscConfig                        0x08001955   Thumb Code   778  stm32f1xx_hal_rcc.o(i.HAL_RCC_OscConfig)
    HAL_SYSTICK_Config                       0x08001c75   Thumb Code    40  stm32f1xx_hal_cortex.o(i.HAL_SYSTICK_Config)
    HAL_TIMEx_ConfigBreakDeadTime            0x08001c9d   Thumb Code    84  stm32f1xx_hal_tim_ex.o(i.HAL_TIMEx_ConfigBreakDeadTime)
    HAL_TIMEx_MasterConfigSynchronization    0x08001cf1   Thumb Code    92  stm32f1xx_hal_tim_ex.o(i.HAL_TIMEx_MasterConfigSynchronization)
    HAL_TIMEx_PWMN_Start_DMA                 0x08001d59   Thumb Code   326  stm32f1xx_hal_tim_ex.o(i.HAL_TIMEx_PWMN_Start_DMA)
    HAL_TIMEx_PWMN_Stop_DMA                  0x08001eb9   Thumb Code   168  stm32f1xx_hal_tim_ex.o(i.HAL_TIMEx_PWMN_Stop_DMA)
    HAL_TIM_ErrorCallback                    0x08001f61   Thumb Code     2  stm32f1xx_hal_tim.o(i.HAL_TIM_ErrorCallback)
    HAL_TIM_MspPostInit                      0x08001f65   Thumb Code    64  tim.o(i.HAL_TIM_MspPostInit)
    HAL_TIM_PWM_ConfigChannel                0x08001fb1   Thumb Code   204  stm32f1xx_hal_tim.o(i.HAL_TIM_PWM_ConfigChannel)
    HAL_TIM_PWM_Init                         0x0800207d   Thumb Code    90  stm32f1xx_hal_tim.o(i.HAL_TIM_PWM_Init)
    HAL_TIM_PWM_MspInit                      0x080020d9   Thumb Code    80  tim.o(i.HAL_TIM_PWM_MspInit)
    HAL_TIM_PWM_PulseFinishedCallback        0x08002139   Thumb Code    26  ws2812.o(i.HAL_TIM_PWM_PulseFinishedCallback)
    HAL_TIM_PWM_PulseFinishedHalfCpltCallback 0x08002161   Thumb Code     2  stm32f1xx_hal_tim.o(i.HAL_TIM_PWM_PulseFinishedHalfCpltCallback)
    HAL_UARTEx_RxEventCallback               0x08002163   Thumb Code     2  stm32f1xx_hal_uart.o(i.HAL_UARTEx_RxEventCallback)
    HAL_UART_ErrorCallback                   0x08002165   Thumb Code    26  bluetooth.o(i.HAL_UART_ErrorCallback)
    HAL_UART_IRQHandler                      0x08002185   Thumb Code   616  stm32f1xx_hal_uart.o(i.HAL_UART_IRQHandler)
    HAL_UART_Init                            0x080023f1   Thumb Code   100  stm32f1xx_hal_uart.o(i.HAL_UART_Init)
    HAL_UART_MspInit                         0x08002455   Thumb Code   158  usart.o(i.HAL_UART_MspInit)
    HAL_UART_Receive                         0x08002509   Thumb Code   176  stm32f1xx_hal_uart.o(i.HAL_UART_Receive)
    HAL_UART_Receive_IT                      0x080025b9   Thumb Code    28  stm32f1xx_hal_uart.o(i.HAL_UART_Receive_IT)
    HAL_UART_RxCpltCallback                  0x080025d5   Thumb Code    58  bluetooth.o(i.HAL_UART_RxCpltCallback)
    HAL_UART_TxCpltCallback                  0x0800261d   Thumb Code     2  stm32f1xx_hal_uart.o(i.HAL_UART_TxCpltCallback)
    HSV_to_RGB                               0x0800261f   Thumb Code   148  main.o(i.HSV_to_RGB)
    Handle_Bluetooth_Commands                0x080026b5   Thumb Code   336  main.o(i.Handle_Bluetooth_Commands)
    Handle_Keys                              0x08002809   Thumb Code   390  main.o(i.Handle_Keys)
    HardFault_Handler                        0x08002995   Thumb Code     2  stm32f1xx_it.o(i.HardFault_Handler)
    LCD_Address_Set                          0x08002997   Thumb Code    66  lcd.o(i.LCD_Address_Set)
    LCD_Clear                                0x080029d9   Thumb Code    44  lcd.o(i.LCD_Clear)
    LCD_DrawLine                             0x08002a05   Thumb Code   156  lcd.o(i.LCD_DrawLine)
    LCD_DrawPoint                            0x08002aa1   Thumb Code    22  lcd.o(i.LCD_DrawPoint)
    LCD_Fill                                 0x08002ab7   Thumb Code    62  lcd.o(i.LCD_Fill)
    LCD_Init                                 0x08002af5   Thumb Code   506  lcd.o(i.LCD_Init)
    LCD_ShowChar                             0x08002cf9   Thumb Code   252  lcd.o(i.LCD_ShowChar)
    LCD_ShowString                           0x08002e05   Thumb Code    58  lcd.o(i.LCD_ShowString)
    LCD_WR_DATA                              0x08002e3f   Thumb Code    20  lcd.o(i.LCD_WR_DATA)
    LCD_WR_REG                               0x08002e55   Thumb Code    36  lcd.o(i.LCD_WR_REG)
    LCD_Writ_Bus                             0x08002e7d   Thumb Code    92  lcd.o(i.LCD_Writ_Bus)
    Light_GetAverage                         0x08002ee1   Thumb Code    40  light.o(i.Light_GetAverage)
    Light_GetValue                           0x08002f09   Thumb Code    52  light.o(i.Light_GetValue)
    Light_Init                               0x08002f41   Thumb Code     2  light.o(i.Light_Init)
    MX_ADC1_Init                             0x08002f45   Thumb Code    70  adc.o(i.MX_ADC1_Init)
    MX_DMA_Init                              0x08002f95   Thumb Code    40  dma.o(i.MX_DMA_Init)
    MX_GPIO_Init                             0x08002fc1   Thumb Code   184  gpio.o(i.MX_GPIO_Init)
    MX_TIM1_Init                             0x08003089   Thumb Code   150  tim.o(i.MX_TIM1_Init)
    MX_USART2_UART_Init                      0x08003129   Thumb Code    48  usart.o(i.MX_USART2_UART_Init)
    MX_USART3_UART_Init                      0x08003161   Thumb Code    48  usart.o(i.MX_USART3_UART_Init)
    MemManage_Handler                        0x08003199   Thumb Code     2  stm32f1xx_it.o(i.MemManage_Handler)
    Mic_Calibration_Init                     0x0800319b   Thumb Code    22  micphone.o(i.Mic_Calibration_Init)
    Mic_Calibration_Process                  0x080031b1   Thumb Code    76  micphone.o(i.Mic_Calibration_Process)
    Micphone_GetAverage                      0x080031fd   Thumb Code    32  micphone.o(i.Micphone_GetAverage)
    Micphone_GetValue                        0x0800321d   Thumb Code    50  micphone.o(i.Micphone_GetValue)
    Micphone_Init                            0x08003255   Thumb Code     6  micphone.o(i.Micphone_Init)
    Music_Rhythm_Update                      0x08003261   Thumb Code   880  main.o(i.Music_Rhythm_Update)
    NMI_Handler                              0x08003665   Thumb Code     2  stm32f1xx_it.o(i.NMI_Handler)
    PendSV_Handler                           0x08003667   Thumb Code     2  stm32f1xx_it.o(i.PendSV_Handler)
    SVC_Handler                              0x08003669   Thumb Code     2  stm32f1xx_it.o(i.SVC_Handler)
    Sound_Detect_Update                      0x0800366d   Thumb Code   412  main.o(i.Sound_Detect_Update)
    SysTick_Handler                          0x08003885   Thumb Code    14  stm32f1xx_it.o(i.SysTick_Handler)
    SystemClock_Config                       0x08003893   Thumb Code   120  main.o(i.SystemClock_Config)
    SystemInit                               0x0800390b   Thumb Code     2  system_stm32f1xx.o(i.SystemInit)
    TIM_Base_SetConfig                       0x0800390d   Thumb Code   108  stm32f1xx_hal_tim.o(i.TIM_Base_SetConfig)
    TIM_DMADelayPulseHalfCplt                0x0800399f   Thumb Code    56  stm32f1xx_hal_tim.o(i.TIM_DMADelayPulseHalfCplt)
    TIM_OC2_SetConfig                        0x08003ab1   Thumb Code    84  stm32f1xx_hal_tim.o(i.TIM_OC2_SetConfig)
    UART_Start_Receive_IT                    0x08003d7d   Thumb Code    54  stm32f1xx_hal_uart.o(i.UART_Start_Receive_IT)
    UI_Refresh                               0x08003e25   Thumb Code   954  main.o(i.UI_Refresh)
    USART3_IRQHandler                        0x08004395   Thumb Code     6  stm32f1xx_it.o(i.USART3_IRQHandler)
    UsageFault_Handler                       0x080043a1   Thumb Code     2  stm32f1xx_it.o(i.UsageFault_Handler)
    Voice_LED_Set                            0x080043a5   Thumb Code    16  main.o(i.Voice_LED_Set)
    Voice_Mode_Update                        0x080043b9   Thumb Code   128  main.o(i.Voice_Mode_Update)
    Voice_Process_Command                    0x08004445   Thumb Code   200  main.o(i.Voice_Process_Command)
    WS2812_Clear                             0x0800454d   Thumb Code    38  ws2812.o(i.WS2812_Clear)
    WS2812_Init                              0x08004575   Thumb Code    10  ws2812.o(i.WS2812_Init)
    WS2812_Set_All                           0x08004585   Thumb Code    46  ws2812.o(i.WS2812_Set_All)
    WS2812_Set_Color                         0x080045b5   Thumb Code    88  ws2812.o(i.WS2812_Set_Color)
    WS2812_Show                              0x08004611   Thumb Code    76  ws2812.o(i.WS2812_Show)
    main                                     0x08004689   Thumb Code   148  main.o(i.main)
    __aeabi_dadd                             0x08004721   Thumb Code     0  daddsub_clz.o(x$fpl$dadd)
    _dadd                                    0x08004721   Thumb Code   332  daddsub_clz.o(x$fpl$dadd)
    __aeabi_d2uiz                            0x08004871   Thumb Code     0  dfixu.o(x$fpl$dfixu)
    _dfixu                                   0x08004871   Thumb Code    90  dfixu.o(x$fpl$dfixu)
    __aeabi_ui2d                             0x080048cb   Thumb Code     0  dflt_clz.o(x$fpl$dfltu)
    _dfltu                                   0x080048cb   Thumb Code    38  dflt_clz.o(x$fpl$dfltu)
    __aeabi_dmul                             0x080048f1   Thumb Code     0  dmul.o(x$fpl$dmul)
    _dmul                                    0x080048f1   Thumb Code   332  dmul.o(x$fpl$dmul)
    __fpl_dnaninf                            0x08004a45   Thumb Code   156  dnaninf.o(x$fpl$dnaninf)
    __fpl_dretinf                            0x08004ae1   Thumb Code    12  dretinf.o(x$fpl$dretinf)
    __aeabi_dsub                             0x08004aed   Thumb Code     0  daddsub_clz.o(x$fpl$dsub)
    _dsub                                    0x08004aed   Thumb Code   464  daddsub_clz.o(x$fpl$dsub)
    __I$use$fp                               0x08004cc0   Number         0  usenofp.o(x$fpl$usenofp)
    ascii_1206                               0x08004cc0   Data        1140  lcd.o(.constdata)
    ascii_1608                               0x08005134   Data        1520  lcd.o(.constdata)
    ascii_2412                               0x08005724   Data        4560  lcd.o(.constdata)
    ascii_3216                               0x080068f4   Data        6080  lcd.o(.constdata)
    tfont12                                  0x080080b4   Data          52  lcd.o(.constdata)
    tfont16                                  0x080080e8   Data         136  lcd.o(.constdata)
    tfont24                                  0x08008170   Data         148  lcd.o(.constdata)
    tfont32                                  0x08008204   Data         260  lcd.o(.constdata)
    AHBPrescTable                            0x0800832c   Data          16  system_stm32f1xx.o(.constdata)
    APBPrescTable                            0x0800833c   Data           8  system_stm32f1xx.o(.constdata)
    Region$$Table$$Base                      0x08008378   Number         0  anon$$obj.o(Region$$Table)
    Region$$Table$$Limit                     0x08008398   Number         0  anon$$obj.o(Region$$Table)
    current_menu                             0x20000000   Data           1  main.o(.data)
    key1_pressed                             0x20000001   Data           1  main.o(.data)
    key2_pressed                             0x20000002   Data           1  main.o(.data)
    brightness_level                         0x20000003   Data           1  main.o(.data)
    color_index                              0x20000004   Data           1  main.o(.data)
    home_menu_cursor                         0x20000005   Data           1  main.o(.data)
    extended_menu_cursor                     0x20000006   Data           1  main.o(.data)
    music_saturation                         0x20000007   Data           1  main.o(.data)
    music_value                              0x20000008   Data           1  main.o(.data)
    music_cal_initialized                    0x20000009   Data           1  main.o(.data)
    voice_rx_byte                            0x2000000a   Data           1  main.o(.data)
    voice_cmd_idx                            0x2000000b   Data           1  main.o(.data)
    voice_led_blink_state                    0x2000000c   Data           1  main.o(.data)
    music_hue                                0x20000014   Data           2  main.o(.data)
    last_key_time                            0x20000018   Data           4  main.o(.data)
    voice_led_last_toggle                    0x2000001c   Data           4  main.o(.data)
    voice_led_hold_until                     0x20000020   Data           4  main.o(.data)
    color_modes                              0x2000005c   Data          56  main.o(.data)
    voice_last_cmd                           0x20000094   Data          24  main.o(.data)
    uwTickFreq                               0x200000b8   Data           1  stm32f1xx_hal.o(.data)
    uwTickPrio                               0x200000bc   Data           4  stm32f1xx_hal.o(.data)
    uwTick                                   0x200000c0   Data           4  stm32f1xx_hal.o(.data)
    SystemCoreClock                          0x200000c4   Data           4  system_stm32f1xx.o(.data)
    mic_cal                                  0x200000c8   Data          20  main.o(.bss)
    voice_cmd_buf                            0x200000dc   Data          40  main.o(.bss)
    hadc1                                    0x20000104   Data          48  adc.o(.bss)
    htim1                                    0x20000134   Data          72  tim.o(.bss)
    hdma_tim1_ch1                            0x2000017c   Data          68  tim.o(.bss)
    huart2                                   0x200001c0   Data          72  usart.o(.bss)
    huart3                                   0x20000208   Data          72  usart.o(.bss)
    __libspace_start                         0x20000ed4   Data          96  libspace.o(.bss)
    __temporary_stack_top$libspace           0x20000f34   Data           0  libspace.o(.bss)



==============================================================================

Memory Map of the image

  Image Entry point : 0x080000ed

  Load Region LR_IROM1 (Base: 0x08000000, Size: 0x00008460, Max: 0x00010000, ABSOLUTE)

    Execution Region ER_IROM1 (Exec base: 0x08000000, Load base: 0x08000000, Size: 0x00008398, Max: 0x00010000, ABSOLUTE)

    Exec Addr    Load Addr    Size         Type   Attr      Idx    E Section Name        Object

    0x08000000   0x08000000   0x000000ec   Data   RO            3    RESET               startup_stm32f103xb.o
    0x080000ec   0x080000ec   0x00000008   Code   RO         4051  * !!!main             c_w.l(__main.o)
    0x080000f4   0x080000f4   0x00000034   Code   RO         4252    !!!scatter          c_w.l(__scatter.o)
    0x08000128   0x08000128   0x0000001a   Code   RO         4254    !!handler_copy      c_w.l(__scatter_copy.o)
    0x08000142   0x08000142   0x00000002   PAD
    0x08000144   0x08000144   0x0000001c   Code   RO         4256    !!handler_zi        c_w.l(__scatter_zi.o)
    0x08000160   0x08000160   0x00000000   Code   RO         4040    .ARM.Collect$$_printf_percent$$00000000  c_w.l(_printf_percent.o)
    0x08000160   0x08000160   0x00000006   Code   RO         4038    .ARM.Collect$$_printf_percent$$00000009  c_w.l(_printf_d.o)
    0x08000166   0x08000166   0x00000006   Code   RO         4039    .ARM.Collect$$_printf_percent$$0000000A  c_w.l(_printf_u.o)
    0x0800016c   0x0800016c   0x00000006   Code   RO         4037    .ARM.Collect$$_printf_percent$$00000014  c_w.l(_printf_s.o)
    0x08000172   0x08000172   0x00000004   Code   RO         4086    .ARM.Collect$$_printf_percent$$00000017  c_w.l(_printf_percent_end.o)
    0x08000176   0x08000176   0x00000002   Code   RO         4122    .ARM.Collect$$libinit$$00000000  c_w.l(libinit.o)
    0x08000178   0x08000178   0x00000000   Code   RO         4129    .ARM.Collect$$libinit$$00000002  c_w.l(libinit2.o)
    0x08000178   0x08000178   0x00000000   Code   RO         4131    .ARM.Collect$$libinit$$00000004  c_w.l(libinit2.o)
    0x08000178   0x08000178   0x00000000   Code   RO         4134    .ARM.Collect$$libinit$$0000000A  c_w.l(libinit2.o)
    0x08000178   0x08000178   0x00000000   Code   RO         4136    .ARM.Collect$$libinit$$0000000C  c_w.l(libinit2.o)
    0x08000178   0x08000178   0x00000000   Code   RO         4138    .ARM.Collect$$libinit$$0000000E  c_w.l(libinit2.o)
    0x08000178   0x08000178   0x00000000   Code   RO         4141    .ARM.Collect$$libinit$$00000011  c_w.l(libinit2.o)
    0x08000178   0x08000178   0x00000000   Code   RO         4143    .ARM.Collect$$libinit$$00000013  c_w.l(libinit2.o)
    0x08000178   0x08000178   0x00000000   Code   RO         4145    .ARM.Collect$$libinit$$00000015  c_w.l(libinit2.o)
    0x08000178   0x08000178   0x00000000   Code   RO         4147    .ARM.Collect$$libinit$$00000017  c_w.l(libinit2.o)
    0x08000178   0x08000178   0x00000000   Code   RO         4149    .ARM.Collect$$libinit$$00000019  c_w.l(libinit2.o)
    0x08000178   0x08000178   0x00000000   Code   RO         4151    .ARM.Collect$$libinit$$0000001B  c_w.l(libinit2.o)
    0x08000178   0x08000178   0x00000000   Code   RO         4153    .ARM.Collect$$libinit$$0000001D  c_w.l(libinit2.o)
    0x08000178   0x08000178   0x00000000   Code   RO         4155    .ARM.Collect$$libinit$$0000001F  c_w.l(libinit2.o)
    0x08000178   0x08000178   0x00000000   Code   RO         4157    .ARM.Collect$$libinit$$00000021  c_w.l(libinit2.o)
    0x08000178   0x08000178   0x00000000   Code   RO         4159    .ARM.Collect$$libinit$$00000023  c_w.l(libinit2.o)
    0x08000178   0x08000178   0x00000000   Code   RO         4161    .ARM.Collect$$libinit$$00000025  c_w.l(libinit2.o)
    0x08000178   0x08000178   0x00000000   Code   RO         4165    .ARM.Collect$$libinit$$0000002C  c_w.l(libinit2.o)
    0x08000178   0x08000178   0x00000000   Code   RO         4167    .ARM.Collect$$libinit$$0000002E  c_w.l(libinit2.o)
    0x08000178   0x08000178   0x00000000   Code   RO         4169    .ARM.Collect$$libinit$$00000030  c_w.l(libinit2.o)
    0x08000178   0x08000178   0x00000000   Code   RO         4171    .ARM.Collect$$libinit$$00000032  c_w.l(libinit2.o)
    0x08000178   0x08000178   0x00000002   Code   RO         4172    .ARM.Collect$$libinit$$00000033  c_w.l(libinit2.o)
    0x0800017a   0x0800017a   0x00000002   Code   RO         4192    .ARM.Collect$$libshutdown$$00000000  c_w.l(libshutdown.o)
    0x0800017c   0x0800017c   0x00000000   Code   RO         4205    .ARM.Collect$$libshutdown$$00000002  c_w.l(libshutdown2.o)
    0x0800017c   0x0800017c   0x00000000   Code   RO         4207    .ARM.Collect$$libshutdown$$00000004  c_w.l(libshutdown2.o)
    0x0800017c   0x0800017c   0x00000000   Code   RO         4210    .ARM.Collect$$libshutdown$$00000007  c_w.l(libshutdown2.o)
    0x0800017c   0x0800017c   0x00000000   Code   RO         4213    .ARM.Collect$$libshutdown$$0000000A  c_w.l(libshutdown2.o)
    0x0800017c   0x0800017c   0x00000000   Code   RO         4215    .ARM.Collect$$libshutdown$$0000000C  c_w.l(libshutdown2.o)
    0x0800017c   0x0800017c   0x00000000   Code   RO         4218    .ARM.Collect$$libshutdown$$0000000F  c_w.l(libshutdown2.o)
    0x0800017c   0x0800017c   0x00000002   Code   RO         4219    .ARM.Collect$$libshutdown$$00000010  c_w.l(libshutdown2.o)
    0x0800017e   0x0800017e   0x00000000   Code   RO         4077    .ARM.Collect$$rtentry$$00000000  c_w.l(__rtentry.o)
    0x0800017e   0x0800017e   0x00000000   Code   RO         4097    .ARM.Collect$$rtentry$$00000002  c_w.l(__rtentry2.o)
    0x0800017e   0x0800017e   0x00000006   Code   RO         4109    .ARM.Collect$$rtentry$$00000004  c_w.l(__rtentry4.o)
    0x08000184   0x08000184   0x00000000   Code   RO         4099    .ARM.Collect$$rtentry$$00000009  c_w.l(__rtentry2.o)
    0x08000184   0x08000184   0x00000004   Code   RO         4100    .ARM.Collect$$rtentry$$0000000A  c_w.l(__rtentry2.o)
    0x08000188   0x08000188   0x00000000   Code   RO         4102    .ARM.Collect$$rtentry$$0000000C  c_w.l(__rtentry2.o)
    0x08000188   0x08000188   0x00000008   Code   RO         4103    .ARM.Collect$$rtentry$$0000000D  c_w.l(__rtentry2.o)
    0x08000190   0x08000190   0x00000002   Code   RO         4126    .ARM.Collect$$rtexit$$00000000  c_w.l(rtexit.o)
    0x08000192   0x08000192   0x00000000   Code   RO         4174    .ARM.Collect$$rtexit$$00000002  c_w.l(rtexit2.o)
    0x08000192   0x08000192   0x00000004   Code   RO         4175    .ARM.Collect$$rtexit$$00000003  c_w.l(rtexit2.o)
    0x08000196   0x08000196   0x00000006   Code   RO         4176    .ARM.Collect$$rtexit$$00000004  c_w.l(rtexit2.o)
    0x0800019c   0x0800019c   0x00000040   Code   RO            4    .text               startup_stm32f103xb.o
    0x080001dc   0x080001dc   0x00000028   Code   RO         4009    .text               c_w.l(noretval__2sprintf.o)
    0x08000204   0x08000204   0x00000052   Code   RO         4013    .text               c_w.l(_printf_str.o)
    0x08000256   0x08000256   0x00000002   PAD
    0x08000258   0x08000258   0x00000078   Code   RO         4015    .text               c_w.l(_printf_dec.o)
    0x080002d0   0x080002d0   0x000000b8   Code   RO         4020    .text               c_w.l(__printf_ss.o)
    0x08000388   0x08000388   0x00000048   Code   RO         4041    .text               c_w.l(strcpy.o)
    0x080003d0   0x080003d0   0x00000044   Code   RO         4043    .text               c_w.l(rt_memclr.o)
    0x08000414   0x08000414   0x0000004e   Code   RO         4045    .text               c_w.l(rt_memclr_w.o)
    0x08000462   0x08000462   0x00000002   PAD
    0x08000464   0x08000464   0x00000080   Code   RO         4047    .text               c_w.l(strcmpv7m.o)
    0x080004e4   0x080004e4   0x00000006   Code   RO         4049    .text               c_w.l(heapauxi.o)
    0x080004ea   0x080004ea   0x000000b2   Code   RO         4078    .text               c_w.l(_printf_intcommon.o)
    0x0800059c   0x0800059c   0x00000030   Code   RO         4080    .text               c_w.l(_printf_char_common.o)
    0x080005cc   0x080005cc   0x0000000a   Code   RO         4082    .text               c_w.l(_sputc.o)
    0x080005d6   0x080005d6   0x0000002c   Code   RO         4084    .text               c_w.l(_printf_char.o)
    0x08000602   0x08000602   0x0000004a   Code   RO         4113    .text               c_w.l(sys_stackheap_outer.o)
    0x0800064c   0x0800064c   0x00000012   Code   RO         4115    .text               c_w.l(exit.o)
    0x0800065e   0x0800065e   0x00000002   PAD
    0x08000660   0x08000660   0x00000008   Code   RO         4123    .text               c_w.l(libspace.o)
    0x08000668   0x08000668   0x0000000c   Code   RO         4184    .text               c_w.l(sys_exit.o)
    0x08000674   0x08000674   0x00000002   Code   RO         4195    .text               c_w.l(use_no_semi.o)
    0x08000676   0x08000676   0x00000000   Code   RO         4197    .text               c_w.l(indicate_semi.o)
    0x08000676   0x08000676   0x00000002   PAD
    0x08000678   0x08000678   0x00000056   Code   RO         1057    i.ADC_ConversionStop_Disable  stm32f1xx_hal_adc.o
    0x080006ce   0x080006ce   0x00000002   PAD
    0x080006d0   0x080006d0   0x0000007c   Code   RO         1061    i.ADC_Enable        stm32f1xx_hal_adc.o
    0x0800074c   0x0800074c   0x0000015c   Code   RO           13    i.Auto_Brightness_Update  main.o
    0x080008a8   0x080008a8   0x00000014   Code   RO          965    i.BT_StartRx        bluetooth.o
    0x080008bc   0x080008bc   0x0000002c   Code   RO          966    i.Bluetooth_GetCommand  bluetooth.o
    0x080008e8   0x080008e8   0x00000038   Code   RO          967    i.Bluetooth_Init    bluetooth.o
    0x08000920   0x08000920   0x00000024   Code   RO          968    i.Bluetooth_Update  bluetooth.o
    0x08000944   0x08000944   0x00000002   Code   RO          499    i.BusFault_Handler  stm32f1xx_it.o
    0x08000946   0x08000946   0x00000002   PAD
    0x08000948   0x08000948   0x00000028   Code   RO          617    i.Buzzer_Beep_Short  buzzer.o
    0x08000970   0x08000970   0x00000020   Code   RO          618    i.Buzzer_Init       buzzer.o
    0x08000990   0x08000990   0x0000002c   Code   RO          619    i.Buzzer_Update     buzzer.o
    0x080009bc   0x080009bc   0x0000000c   Code   RO          500    i.DMA1_Channel2_IRQHandler  stm32f1xx_it.o
    0x080009c8   0x080009c8   0x0000002a   Code   RO         1713    i.DMA_SetConfig     stm32f1xx_hal_dma.o
    0x080009f2   0x080009f2   0x00000002   Code   RO          501    i.DebugMon_Handler  stm32f1xx_it.o
    0x080009f4   0x080009f4   0x00000012   Code   RO          502    i.EXTI9_5_IRQHandler  stm32f1xx_it.o
    0x08000a06   0x08000a06   0x00000004   Code   RO           14    i.Error_Handler     main.o
    0x08000a0a   0x08000a0a   0x00000002   PAD
    0x08000a0c   0x08000a0c   0x000000d8   Code   RO         1237    i.HAL_ADCEx_Calibration_Start  stm32f1xx_hal_adc_ex.o
    0x08000ae4   0x08000ae4   0x000000fc   Code   RO         1063    i.HAL_ADC_ConfigChannel  stm32f1xx_hal_adc.o
    0x08000be0   0x08000be0   0x00000006   Code   RO         1070    i.HAL_ADC_GetValue  stm32f1xx_hal_adc.o
    0x08000be6   0x08000be6   0x00000002   PAD
    0x08000be8   0x08000be8   0x0000011c   Code   RO         1072    i.HAL_ADC_Init      stm32f1xx_hal_adc.o
    0x08000d04   0x08000d04   0x0000007c   Code   RO          296    i.HAL_ADC_MspInit   adc.o
    0x08000d80   0x08000d80   0x0000013c   Code   RO         1076    i.HAL_ADC_PollForConversion  stm32f1xx_hal_adc.o
    0x08000ebc   0x08000ebc   0x000000c0   Code   RO         1078    i.HAL_ADC_Start     stm32f1xx_hal_adc.o
    0x08000f7c   0x08000f7c   0x00000046   Code   RO         1714    i.HAL_DMA_Abort     stm32f1xx_hal_dma.o
    0x08000fc2   0x08000fc2   0x00000002   PAD
    0x08000fc4   0x08000fc4   0x00000098   Code   RO         1715    i.HAL_DMA_Abort_IT  stm32f1xx_hal_dma.o
    0x0800105c   0x0800105c   0x00000154   Code   RO         1719    i.HAL_DMA_IRQHandler  stm32f1xx_hal_dma.o
    0x080011b0   0x080011b0   0x0000005c   Code   RO         1720    i.HAL_DMA_Init      stm32f1xx_hal_dma.o
    0x0800120c   0x0800120c   0x00000070   Code   RO         1724    i.HAL_DMA_Start_IT  stm32f1xx_hal_dma.o
    0x0800127c   0x0800127c   0x00000024   Code   RO         1340    i.HAL_Delay         stm32f1xx_hal.o
    0x080012a0   0x080012a0   0x0000002c   Code   RO           15    i.HAL_GPIO_EXTI_Callback  main.o
    0x080012cc   0x080012cc   0x00000018   Code   RO         1649    i.HAL_GPIO_EXTI_IRQHandler  stm32f1xx_hal_gpio.o
    0x080012e4   0x080012e4   0x000001e0   Code   RO         1650    i.HAL_GPIO_Init     stm32f1xx_hal_gpio.o
    0x080014c4   0x080014c4   0x0000000a   Code   RO         1654    i.HAL_GPIO_WritePin  stm32f1xx_hal_gpio.o
    0x080014ce   0x080014ce   0x00000002   PAD
    0x080014d0   0x080014d0   0x0000000c   Code   RO         1344    i.HAL_GetTick       stm32f1xx_hal.o
    0x080014dc   0x080014dc   0x00000010   Code   RO         1350    i.HAL_IncTick       stm32f1xx_hal.o
    0x080014ec   0x080014ec   0x00000024   Code   RO         1351    i.HAL_Init          stm32f1xx_hal.o
    0x08001510   0x08001510   0x00000040   Code   RO         1352    i.HAL_InitTick      stm32f1xx_hal.o
    0x08001550   0x08001550   0x0000003c   Code   RO          593    i.HAL_MspInit       stm32f1xx_hal_msp.o
    0x0800158c   0x0800158c   0x0000001a   Code   RO         1810    i.HAL_NVIC_EnableIRQ  stm32f1xx_hal_cortex.o
    0x080015a6   0x080015a6   0x00000002   PAD
    0x080015a8   0x080015a8   0x00000040   Code   RO         1816    i.HAL_NVIC_SetPriority  stm32f1xx_hal_cortex.o
    0x080015e8   0x080015e8   0x00000024   Code   RO         1817    i.HAL_NVIC_SetPriorityGrouping  stm32f1xx_hal_cortex.o
    0x0800160c   0x0800160c   0x000000a4   Code   RO         1611    i.HAL_RCCEx_GetPeriphCLKFreq  stm32f1xx_hal_rcc_ex.o
    0x080016b0   0x080016b0   0x000000ec   Code   RO         1612    i.HAL_RCCEx_PeriphCLKConfig  stm32f1xx_hal_rcc_ex.o
    0x0800179c   0x0800179c   0x0000012c   Code   RO         1508    i.HAL_RCC_ClockConfig  stm32f1xx_hal_rcc.o
    0x080018c8   0x080018c8   0x00000020   Code   RO         1515    i.HAL_RCC_GetPCLK1Freq  stm32f1xx_hal_rcc.o
    0x080018e8   0x080018e8   0x00000020   Code   RO         1516    i.HAL_RCC_GetPCLK2Freq  stm32f1xx_hal_rcc.o
    0x08001908   0x08001908   0x0000004c   Code   RO         1517    i.HAL_RCC_GetSysClockFreq  stm32f1xx_hal_rcc.o
    0x08001954   0x08001954   0x00000320   Code   RO         1520    i.HAL_RCC_OscConfig  stm32f1xx_hal_rcc.o
    0x08001c74   0x08001c74   0x00000028   Code   RO         1821    i.HAL_SYSTICK_Config  stm32f1xx_hal_cortex.o
    0x08001c9c   0x08001c9c   0x00000054   Code   RO         3341    i.HAL_TIMEx_ConfigBreakDeadTime  stm32f1xx_hal_tim_ex.o
    0x08001cf0   0x08001cf0   0x00000068   Code   RO         3357    i.HAL_TIMEx_MasterConfigSynchronization  stm32f1xx_hal_tim_ex.o
    0x08001d58   0x08001d58   0x00000160   Code   RO         3369    i.HAL_TIMEx_PWMN_Start_DMA  stm32f1xx_hal_tim_ex.o
    0x08001eb8   0x08001eb8   0x000000a8   Code   RO         3372    i.HAL_TIMEx_PWMN_Stop_DMA  stm32f1xx_hal_tim_ex.o
    0x08001f60   0x08001f60   0x00000002   Code   RO         2664    i.HAL_TIM_ErrorCallback  stm32f1xx_hal_tim.o
    0x08001f62   0x08001f62   0x00000002   PAD
    0x08001f64   0x08001f64   0x0000004c   Code   RO          403    i.HAL_TIM_MspPostInit  tim.o
    0x08001fb0   0x08001fb0   0x000000cc   Code   RO         2706    i.HAL_TIM_PWM_ConfigChannel  stm32f1xx_hal_tim.o
    0x0800207c   0x0800207c   0x0000005a   Code   RO         2709    i.HAL_TIM_PWM_Init  stm32f1xx_hal_tim.o
    0x080020d6   0x080020d6   0x00000002   PAD
    0x080020d8   0x080020d8   0x00000060   Code   RO          405    i.HAL_TIM_PWM_MspInit  tim.o
    0x08002138   0x08002138   0x00000028   Code   RO          867    i.HAL_TIM_PWM_PulseFinishedCallback  ws2812.o
    0x08002160   0x08002160   0x00000002   Code   RO         2713    i.HAL_TIM_PWM_PulseFinishedHalfCpltCallback  stm32f1xx_hal_tim.o
    0x08002162   0x08002162   0x00000002   Code   RO         3617    i.HAL_UARTEx_RxEventCallback  stm32f1xx_hal_uart.o
    0x08002164   0x08002164   0x00000020   Code   RO          969    i.HAL_UART_ErrorCallback  bluetooth.o
    0x08002184   0x08002184   0x0000026c   Code   RO         3634    i.HAL_UART_IRQHandler  stm32f1xx_hal_uart.o
    0x080023f0   0x080023f0   0x00000064   Code   RO         3635    i.HAL_UART_Init     stm32f1xx_hal_uart.o
    0x08002454   0x08002454   0x000000b4   Code   RO          452    i.HAL_UART_MspInit  usart.o
    0x08002508   0x08002508   0x000000b0   Code   RO         3638    i.HAL_UART_Receive  stm32f1xx_hal_uart.o
    0x080025b8   0x080025b8   0x0000001c   Code   RO         3640    i.HAL_UART_Receive_IT  stm32f1xx_hal_uart.o
    0x080025d4   0x080025d4   0x00000048   Code   RO          970    i.HAL_UART_RxCpltCallback  bluetooth.o
    0x0800261c   0x0800261c   0x00000002   Code   RO         3646    i.HAL_UART_TxCpltCallback  stm32f1xx_hal_uart.o
    0x0800261e   0x0800261e   0x00000094   Code   RO           16    i.HSV_to_RGB        main.o
    0x080026b2   0x080026b2   0x00000002   PAD
    0x080026b4   0x080026b4   0x00000154   Code   RO           17    i.Handle_Bluetooth_Commands  main.o
    0x08002808   0x08002808   0x0000018c   Code   RO           18    i.Handle_Keys       main.o
    0x08002994   0x08002994   0x00000002   Code   RO          503    i.HardFault_Handler  stm32f1xx_it.o
    0x08002996   0x08002996   0x00000042   Code   RO          656    i.LCD_Address_Set   lcd.o
    0x080029d8   0x080029d8   0x0000002c   Code   RO          657    i.LCD_Clear         lcd.o
    0x08002a04   0x08002a04   0x0000009c   Code   RO          658    i.LCD_DrawLine      lcd.o
    0x08002aa0   0x08002aa0   0x00000016   Code   RO          659    i.LCD_DrawPoint     lcd.o
    0x08002ab6   0x08002ab6   0x0000003e   Code   RO          661    i.LCD_Fill          lcd.o
    0x08002af4   0x08002af4   0x00000204   Code   RO          663    i.LCD_Init          lcd.o
    0x08002cf8   0x08002cf8   0x0000010c   Code   RO          664    i.LCD_ShowChar      lcd.o
    0x08002e04   0x08002e04   0x0000003a   Code   RO          673    i.LCD_ShowString    lcd.o
    0x08002e3e   0x08002e3e   0x00000014   Code   RO          674    i.LCD_WR_DATA       lcd.o
    0x08002e52   0x08002e52   0x00000002   PAD
    0x08002e54   0x08002e54   0x00000028   Code   RO          676    i.LCD_WR_REG        lcd.o
    0x08002e7c   0x08002e7c   0x00000064   Code   RO          677    i.LCD_Writ_Bus      lcd.o
    0x08002ee0   0x08002ee0   0x00000028   Code   RO          929    i.Light_GetAverage  light.o
    0x08002f08   0x08002f08   0x00000038   Code   RO          930    i.Light_GetValue    light.o
    0x08002f40   0x08002f40   0x00000002   Code   RO          931    i.Light_Init        light.o
    0x08002f42   0x08002f42   0x00000002   PAD
    0x08002f44   0x08002f44   0x00000050   Code   RO          297    i.MX_ADC1_Init      adc.o
    0x08002f94   0x08002f94   0x0000002c   Code   RO          337    i.MX_DMA_Init       dma.o
    0x08002fc0   0x08002fc0   0x000000c8   Code   RO          271    i.MX_GPIO_Init      gpio.o
    0x08003088   0x08003088   0x000000a0   Code   RO          406    i.MX_TIM1_Init      tim.o
    0x08003128   0x08003128   0x00000038   Code   RO          453    i.MX_USART2_UART_Init  usart.o
    0x08003160   0x08003160   0x00000038   Code   RO          454    i.MX_USART3_UART_Init  usart.o
    0x08003198   0x08003198   0x00000002   Code   RO          504    i.MemManage_Handler  stm32f1xx_it.o
    0x0800319a   0x0800319a   0x00000016   Code   RO          818    i.Mic_Calibration_Init  micphone.o
    0x080031b0   0x080031b0   0x0000004c   Code   RO          819    i.Mic_Calibration_Process  micphone.o
    0x080031fc   0x080031fc   0x00000020   Code   RO          820    i.Micphone_GetAverage  micphone.o
    0x0800321c   0x0800321c   0x00000038   Code   RO          821    i.Micphone_GetValue  micphone.o
    0x08003254   0x08003254   0x0000000c   Code   RO          822    i.Micphone_Init     micphone.o
    0x08003260   0x08003260   0x00000404   Code   RO           20    i.Music_Rhythm_Update  main.o
    0x08003664   0x08003664   0x00000002   Code   RO          505    i.NMI_Handler       stm32f1xx_it.o
    0x08003666   0x08003666   0x00000002   Code   RO          506    i.PendSV_Handler    stm32f1xx_it.o
    0x08003668   0x08003668   0x00000002   Code   RO          507    i.SVC_Handler       stm32f1xx_it.o
    0x0800366a   0x0800366a   0x00000002   PAD
    0x0800366c   0x0800366c   0x00000218   Code   RO           22    i.Sound_Detect_Update  main.o
    0x08003884   0x08003884   0x0000000e   Code   RO          508    i.SysTick_Handler   stm32f1xx_it.o
    0x08003892   0x08003892   0x00000078   Code   RO           23    i.SystemClock_Config  main.o
    0x0800390a   0x0800390a   0x00000002   Code   RO         3969    i.SystemInit        system_stm32f1xx.o
    0x0800390c   0x0800390c   0x00000078   Code   RO         2727    i.TIM_Base_SetConfig  stm32f1xx_hal_tim.o
    0x08003984   0x08003984   0x0000001a   Code   RO         3377    i.TIM_CCxNChannelCmd  stm32f1xx_hal_tim_ex.o
    0x0800399e   0x0800399e   0x00000038   Code   RO         2732    i.TIM_DMADelayPulseHalfCplt  stm32f1xx_hal_tim.o
    0x080039d6   0x080039d6   0x0000004a   Code   RO         3378    i.TIM_DMADelayPulseNCplt  stm32f1xx_hal_tim_ex.o
    0x08003a20   0x08003a20   0x0000003e   Code   RO         3379    i.TIM_DMAErrorCCxN  stm32f1xx_hal_tim_ex.o
    0x08003a5e   0x08003a5e   0x00000002   PAD
    0x08003a60   0x08003a60   0x00000050   Code   RO         2740    i.TIM_OC1_SetConfig  stm32f1xx_hal_tim.o
    0x08003ab0   0x08003ab0   0x00000058   Code   RO         2741    i.TIM_OC2_SetConfig  stm32f1xx_hal_tim.o
    0x08003b08   0x08003b08   0x00000058   Code   RO         2742    i.TIM_OC3_SetConfig  stm32f1xx_hal_tim.o
    0x08003b60   0x08003b60   0x00000044   Code   RO         2743    i.TIM_OC4_SetConfig  stm32f1xx_hal_tim.o
    0x08003ba4   0x08003ba4   0x00000010   Code   RO         3648    i.UART_DMAAbortOnError  stm32f1xx_hal_uart.o
    0x08003bb4   0x08003bb4   0x0000004e   Code   RO         3658    i.UART_EndRxTransfer  stm32f1xx_hal_uart.o
    0x08003c02   0x08003c02   0x000000c2   Code   RO         3660    i.UART_Receive_IT   stm32f1xx_hal_uart.o
    0x08003cc4   0x08003cc4   0x000000b8   Code   RO         3661    i.UART_SetConfig    stm32f1xx_hal_uart.o
    0x08003d7c   0x08003d7c   0x00000036   Code   RO         3663    i.UART_Start_Receive_IT  stm32f1xx_hal_uart.o
    0x08003db2   0x08003db2   0x00000072   Code   RO         3664    i.UART_WaitOnFlagUntilTimeout  stm32f1xx_hal_uart.o
    0x08003e24   0x08003e24   0x00000570   Code   RO           24    i.UI_Refresh        main.o
    0x08004394   0x08004394   0x0000000c   Code   RO          509    i.USART3_IRQHandler  stm32f1xx_it.o
    0x080043a0   0x080043a0   0x00000002   Code   RO          510    i.UsageFault_Handler  stm32f1xx_it.o
    0x080043a2   0x080043a2   0x00000002   PAD
    0x080043a4   0x080043a4   0x00000014   Code   RO           25    i.Voice_LED_Set     main.o
    0x080043b8   0x080043b8   0x0000008c   Code   RO           26    i.Voice_Mode_Update  main.o
    0x08004444   0x08004444   0x00000108   Code   RO           27    i.Voice_Process_Command  main.o
    0x0800454c   0x0800454c   0x00000026   Code   RO          868    i.WS2812_Clear      ws2812.o
    0x08004572   0x08004572   0x00000002   PAD
    0x08004574   0x08004574   0x00000010   Code   RO          869    i.WS2812_Init       ws2812.o
    0x08004584   0x08004584   0x0000002e   Code   RO          870    i.WS2812_Set_All    ws2812.o
    0x080045b2   0x080045b2   0x00000002   PAD
    0x080045b4   0x080045b4   0x0000005c   Code   RO          871    i.WS2812_Set_Color  ws2812.o
    0x08004610   0x08004610   0x00000058   Code   RO          872    i.WS2812_Show       ws2812.o
    0x08004668   0x08004668   0x00000020   Code   RO         1823    i.__NVIC_SetPriority  stm32f1xx_hal_cortex.o
    0x08004688   0x08004688   0x00000098   Code   RO           28    i.main              main.o
    0x08004720   0x08004720   0x00000150   Code   RO         4053    x$fpl$dadd          fz_ws.l(daddsub_clz.o)
    0x08004870   0x08004870   0x0000005a   Code   RO         4059    x$fpl$dfixu         fz_ws.l(dfixu.o)
    0x080048ca   0x080048ca   0x00000026   Code   RO         4063    x$fpl$dfltu         fz_ws.l(dflt_clz.o)
    0x080048f0   0x080048f0   0x00000154   Code   RO         4069    x$fpl$dmul          fz_ws.l(dmul.o)
    0x08004a44   0x08004a44   0x0000009c   Code   RO         4087    x$fpl$dnaninf       fz_ws.l(dnaninf.o)
    0x08004ae0   0x08004ae0   0x0000000c   Code   RO         4089    x$fpl$dretinf       fz_ws.l(dretinf.o)
    0x08004aec   0x08004aec   0x000001d4   Code   RO         4055    x$fpl$dsub          fz_ws.l(daddsub_clz.o)
    0x08004cc0   0x08004cc0   0x00000000   Code   RO         4095    x$fpl$usenofp       fz_ws.l(usenofp.o)
    0x08004cc0   0x08004cc0   0x00003648   Data   RO          679    .constdata          lcd.o
    0x08008308   0x08008308   0x00000012   Data   RO         1521    .constdata          stm32f1xx_hal_rcc.o
    0x0800831a   0x0800831a   0x00000012   Data   RO         1613    .constdata          stm32f1xx_hal_rcc_ex.o
    0x0800832c   0x0800832c   0x00000010   Data   RO         3970    .constdata          system_stm32f1xx.o
    0x0800833c   0x0800833c   0x00000008   Data   RO         3971    .constdata          system_stm32f1xx.o
    0x08008344   0x08008344   0x00000033   Data   RO           30    .conststring        main.o
    0x08008377   0x08008377   0x00000001   PAD
    0x08008378   0x08008378   0x00000020   Data   RO         4250    Region$$Table       anon$$obj.o


    Execution Region RW_IRAM1 (Exec base: 0x20000000, Load base: 0x08008398, Size: 0x00001538, Max: 0x00005000, ABSOLUTE)

    Exec Addr    Load Addr    Size         Type   Attr      Idx    E Section Name        Object

    0x20000000   0x08008398   0x000000ac   Data   RW           31    .data               main.o
    0x200000ac   0x08008444   0x00000008   Data   RW          620    .data               buzzer.o
    0x200000b4   0x0800844c   0x00000001   Data   RW          874    .data               ws2812.o
    0x200000b5   0x0800844d   0x00000003   Data   RW          972    .data               bluetooth.o
    0x200000b8   0x08008450   0x0000000c   Data   RW         1358    .data               stm32f1xx_hal.o
    0x200000c4   0x0800845c   0x00000004   Data   RW         3972    .data               system_stm32f1xx.o
    0x200000c8        -       0x0000003c   Zero   RW           29    .bss                main.o
    0x20000104        -       0x00000030   Zero   RW          298    .bss                adc.o
    0x20000134        -       0x0000008c   Zero   RW          407    .bss                tim.o
    0x200001c0        -       0x00000090   Zero   RW          455    .bss                usart.o
    0x20000250        -       0x00000c64   Zero   RW          873    .bss                ws2812.o
    0x20000eb4        -       0x00000020   Zero   RW          971    .bss                bluetooth.o
    0x20000ed4        -       0x00000060   Zero   RW         4124    .bss                c_w.l(libspace.o)
    0x20000f34   0x08008460   0x00000004   PAD
    0x20000f38        -       0x00000200   Zero   RW            2    HEAP                startup_stm32f103xb.o
    0x20001138        -       0x00000400   Zero   RW            1    STACK               startup_stm32f103xb.o


==============================================================================

Image component sizes


      Code (inc. data)   RO Data    RW Data    ZI Data      Debug   Object Name

       204         28          0          0         48       1669   adc.o
       260         56          0          3         32       4058   bluetooth.o
       116         28          0          8          0       1570   buzzer.o
        44          4          0          0          0        746   dma.o
       200         16          0          0          0        939   gpio.o
      1352         38      13896          0          0      11732   lcd.o
        98          4          0          0          0       1913   light.o
      4932        876         51        172         60     463505   main.o
       198         12          0          0          0       3087   micphone.o
        64         26        236          0       1536        796   startup_stm32f103xb.o
       164         28          0         12          0       5857   stm32f1xx_hal.o
      1260         54          0          0          0       6488   stm32f1xx_hal_adc.o
       216          6          0          0          0       1422   stm32f1xx_hal_adc_ex.o
       198         14          0          0          0      28911   stm32f1xx_hal_cortex.o
       808         36          0          0          0       4950   stm32f1xx_hal_dma.o
       514         40          0          0          0       3459   stm32f1xx_hal_gpio.o
        60          8          0          0          0        862   stm32f1xx_hal_msp.o
      1240         84         18          0          0       5088   stm32f1xx_hal_rcc.o
       400         28         18          0          0       2453   stm32f1xx_hal_rcc_ex.o
       798         32          0          0          0       8186   stm32f1xx_hal_tim.o
       870         38          0          0          0       5997   stm32f1xx_hal_tim_ex.o
      1568         10          0          0          0      10306   stm32f1xx_hal_uart.o
        72         12          0          0          0       5222   stm32f1xx_it.o
         2          0         24          4          0       1103   system_stm32f1xx.o
       332         38          0          0        140       2373   tim.o
       292         38          0          0        144       2323   usart.o
       320         36          0          1       3172       4055   ws2812.o

    ----------------------------------------------------------------------
     16616       1590      14276        200       5132     589070   Object Totals
         0          0         32          0          0          0   (incl. Generated)
        34          0          1          0          0          0   (incl. Padding)

    ----------------------------------------------------------------------

      Code (inc. data)   RO Data    RW Data    ZI Data      Debug   Library Member Name

         8          0          0          0          0         68   __main.o
       184          0          0          0          0         84   __printf_ss.o
         0          0          0          0          0          0   __rtentry.o
        12          0          0          0          0          0   __rtentry2.o
         6          0          0          0          0          0   __rtentry4.o
        52          8          0          0          0          0   __scatter.o
        26          0          0          0          0          0   __scatter_copy.o
        28          0          0          0          0          0   __scatter_zi.o
        44          0          0          0          0        108   _printf_char.o
        48          6          0          0          0         96   _printf_char_common.o
         6          0          0          0          0          0   _printf_d.o
       120         16          0          0          0         92   _printf_dec.o
       178          0          0          0          0         88   _printf_intcommon.o
         0          0          0          0          0          0   _printf_percent.o
         4          0          0          0          0          0   _printf_percent_end.o
         6          0          0          0          0          0   _printf_s.o
        82          0          0          0          0         80   _printf_str.o
         6          0          0          0          0          0   _printf_u.o
        10          0          0          0          0         68   _sputc.o
        18          0          0          0          0         80   exit.o
         6          0          0          0          0        152   heapauxi.o
         0          0          0          0          0          0   indicate_semi.o
         2          0          0          0          0          0   libinit.o
         2          0          0          0          0          0   libinit2.o
         2          0          0          0          0          0   libshutdown.o
         2          0          0          0          0          0   libshutdown2.o
         8          4          0          0         96         68   libspace.o
        40          6          0          0          0         84   noretval__2sprintf.o
        68          0          0          0          0         68   rt_memclr.o
        78          0          0          0          0         80   rt_memclr_w.o
         2          0          0          0          0          0   rtexit.o
        10          0          0          0          0          0   rtexit2.o
       128          0          0          0          0         68   strcmpv7m.o
        72          0          0          0          0         80   strcpy.o
        12          4          0          0          0         68   sys_exit.o
        74          0          0          0          0         80   sys_stackheap_outer.o
         2          0          0          0          0         68   use_no_semi.o
       804         16          0          0          0        272   daddsub_clz.o
        90          4          0          0          0         92   dfixu.o
        38          0          0          0          0         68   dflt_clz.o
       340         12          0          0          0        104   dmul.o
       156          4          0          0          0         92   dnaninf.o
        12          0          0          0          0         68   dretinf.o
         0          0          0          0          0          0   usenofp.o

    ----------------------------------------------------------------------
      2796         80          0          0        100       2276   Library Totals
        10          0          0          0          4          0   (incl. Padding)

    ----------------------------------------------------------------------

      Code (inc. data)   RO Data    RW Data    ZI Data      Debug   Library Name

      1346         44          0          0         96       1580   c_w.l
      1440         36          0          0          0        696   fz_ws.l

    ----------------------------------------------------------------------
      2796         80          0          0        100       2276   Library Totals

    ----------------------------------------------------------------------

==============================================================================


      Code (inc. data)   RO Data    RW Data    ZI Data      Debug   

     19412       1670      14276        200       5232     583438   Grand Totals
     19412       1670      14276        200       5232     583438   ELF Image Totals
     19412       1670      14276        200          0          0   ROM Totals

==============================================================================

    Total RO  Size (Code + RO Data)                33688 (  32.90kB)
    Total RW  Size (RW Data + ZI Data)              5432 (   5.30kB)
    Total ROM Size (Code + RO Data + RW Data)      33888 (  33.09kB)

==============================================================================

