C51 COMPILER V9.54   MAIN                                                                  05/03/2026 17:02:41 PAGE 1   


C51 COMPILER V9.54, COMPILATION OF MODULE MAIN
OBJECT MODULE PLACED IN ..\obj\main.obj
COMPILER INVOKED BY: D:\keilv5\C51\BIN\C51.EXE ..\code\main.c OPTIMIZE(8,SPEED) BROWSE INCDIR(..\code;..\user) DEBUG OBJ
                    -ECTEXTEND PRINT(.\main.lst) TABS(2) OBJECT(..\obj\main.obj)

line level    source

   1          /******************************************************
   2          **  工程名称：UNV-01语音识别模块驱动程序
   3          **  CPU: STC11L08XE
   4          **  晶振：22.1184MHZ
   5          **  波特率：9600 bit/S
   6          **  配套产品信息：UNV-LD3320+STC11语音识别开发板
   7          **  修改日期：2018.5.13
   8          **  说明：口令模式： 即每次识别时都需要说“小鹰”这个口令 ，才能够进行下一级的识别
   9          ***************************/
  10          #include "config.h"
  11          /************************************************************************************/
  12          //  nAsrStatus 用来在main主程序中表示程序运行的状态，不是LD3320芯片内部的状态寄存器
  13          //  LD_ASR_NONE:    表示没有在作ASR识别
  14          //  LD_ASR_RUNING：   表示LD3320正在作ASR识别中
  15          //  LD_ASR_FOUNDOK:   表示一次识别流程结束后，有一个识别结果
  16          //  LD_ASR_FOUNDZERO: 表示一次识别流程结束后，没有识别结果
  17          //  LD_ASR_ERROR:   表示一次识别流程中LD3320芯片内部出现不正确的状态
  18          /***********************************************************************************/
  19          uint8 idata nAsrStatus=0; 
  20          void MCU_init(); 
  21          void ProcessInt0(); //识别处理函数
  22          void delay(unsigned long uldata);
  23          void User_handle(uint8 dat);//用户执行操作函数
  24          void Delay200ms();
  25          void Led_test(void);//单片机工作指示
  26          uint8_t G0_flag=DISABLE;//运行标志，ENABLE:运行。DISABLE:禁止运行 
  27          sbit LED=P4^2;//信号指示灯
  28          sbit P10=P1^0;
  29          sbit P11=P1^1;
  30          sbit P12=P1^2;
  31          sbit P13=P1^3;
  32          sbit P14=P1^4;
  33          sbit P15=P1^5;
  34          sbit P16=P1^6;
  35          sbit P17=P1^7;
  36          /***********************************************************
  37          * 名    称： void  main(void)
  38          * 功    能： 主函数 程序入口
  39          * 入口参数：  
  40          * 出口参数：
  41          * 说    明：           
  42          * 调用方法： 
  43          **********************************************************/ 
  44          void  main(void)
  45          {
  46   1        uint8 idata nAsrRes;
  47   1        uint8 i=0;
  48   1        
  49   1        MCU_init();
  50   1        LD_Reset();
  51   1        UartIni(); /*串口初始化*/
  52   1        nAsrStatus = LD_ASR_NONE;   //  初始状态：没有在作ASR
  53   1        #ifdef TEST 
  54   1        SYN_FrameInfo(2, "[v10][m5][t4]欢迎使用全球鹰电子语音交互系统！");
C51 COMPILER V9.54   MAIN                                                                  05/03/2026 17:02:41 PAGE 2   

  55   1        
  56   1        Led_test();
  57   1        #endif
  58   1      
  59   1        while(1)
  60   1        {
  61   2          switch(nAsrStatus)
  62   2          {
  63   3            case LD_ASR_RUNING:
  64   3            case LD_ASR_ERROR:    
  65   3              break;
  66   3            case LD_ASR_NONE:
  67   3            {
  68   4              nAsrStatus=LD_ASR_RUNING;
  69   4              if (RunASR()==0)  /*  启动一次ASR识别流程：ASR初始化，ASR添加关键词语，启动ASR运算*/
  70   4              {
  71   5                nAsrStatus = LD_ASR_ERROR;
  72   5              }
  73   4              break;
  74   4            }
  75   3            case LD_ASR_FOUNDOK: /* 一次ASR识别流程结束，去取ASR识别结果*/
  76   3            {       
  77   4              nAsrRes = LD_GetResult();   /*获取结果*/
  78   4              User_handle(nAsrRes);//用户执行函数 
  79   4              nAsrStatus = LD_ASR_NONE;
  80   4              break;
  81   4            }
  82   3            case LD_ASR_FOUNDZERO:
  83   3            default:
  84   3            {
  85   4              nAsrStatus = LD_ASR_NONE;
  86   4              break;
  87   4            }
  88   3          }// switch        
  89   2        }// while
  90   1      
  91   1      }
  92          /***********************************************************
  93          * 名    称：   LED灯测试
  94          * 功    能： 单片机是否工作指示
  95          * 入口参数： 无 
  96          * 出口参数：无
  97          * 说    明：           
  98          **********************************************************/
  99          void Led_test(void)
 100          {
 101   1        Delay200ms();
 102   1        Delay200ms();
 103   1        LED=~ LED;
 104   1        Delay200ms();
 105   1        LED=~ LED;
 106   1        Delay200ms();
 107   1        LED=~ LED;
 108   1        Delay200ms();
 109   1        LED=~ LED;
 110   1      }
 111          /***********************************************************
 112          * 名    称： void MCU_init()
 113          * 功    能： 单片机初始化
 114          * 入口参数：  
 115          * 出口参数：
 116          * 说    明：           
C51 COMPILER V9.54   MAIN                                                                  05/03/2026 17:02:41 PAGE 3   

 117          * 调用方法： 
 118          **********************************************************/ 
 119          void MCU_init()
 120          {
 121   1        P0 = 0xff;
 122   1        P1 = 0xff;
 123   1        P2 = 0xff;
 124   1        P3 = 0xff;
 125   1        P4 = 0xff;
 126   1        P1M1&=0X00;
 127   1        P1M0|=0XFF;
 128   1        P10=0;P11=0;P12=0;P13=0;
 129   1        LD_MODE = 0;    //  设置MD管脚为低，并行模式读写
 130   1        IE0=1;
 131   1        EX0=1;
 132   1        EA=1;
 133   1      }
 134          /***********************************************************
 135          * 名    称：  延时函数
 136          * 功    能：
 137          * 入口参数：  
 138          * 出口参数：
 139          * 说    明：           
 140          * 调用方法： 
 141          **********************************************************/ 
 142          void Delay200us()   //@22.1184MHz
 143          {
 144   1        unsigned char i, j;
 145   1        _nop_();
 146   1        _nop_();
 147   1        i = 5;
 148   1        j = 73;
 149   1        do
 150   1        {
 151   2          while (--j);
 152   2        } while (--i);
 153   1      }
 154          
 155          void  delay(unsigned long uldata)
 156          {
 157   1        unsigned int j  =  0;
 158   1        unsigned int g  =  0;
 159   1        while(uldata--)
 160   1        Delay200us();
 161   1      }
 162          
 163          void Delay200ms()   //@22.1184MHz
 164          {
 165   1        unsigned char i, j, k;
 166   1      
 167   1        i = 17;
 168   1        j = 208;
 169   1        k = 27;
 170   1        do
 171   1        {
 172   2          do
 173   2          {
 174   3            while (--k);
 175   3          } while (--j);
 176   2        } while (--i);
 177   1      }
 178          
C51 COMPILER V9.54   MAIN                                                                  05/03/2026 17:02:41 PAGE 4   

 179          /***********************************************************
 180          * 名    称： 中断处理函数
 181          * 功    能：
 182          * 入口参数：  
 183          * 出口参数：
 184          * 说    明：           
 185          * 调用方法： 
 186          **********************************************************/ 
 187          void ExtInt0Handler(void) interrupt 0  
 188          {   
 189   1        ProcessInt0();        
 190   1      }
 191          /***********************************************************
 192          * 名    称：用户执行函数 
 193          * 功    能：识别成功后，执行动作可在此进行修改 
 194          * 入口参数： 无 
 195          * 出口参数：无
 196          * 说    明：           
 197          **********************************************************/
 198          void  User_handle(uint8 dat)
 199          {
 200   1           //UARTSendByte(dat);//串口识别码（十六进制）
 201   1           if(0==dat)
 202   1           {
 203   2            G0_flag=ENABLE;
 204   2            LED=0;
 205   2            SYN_FrameInfo(0, "[v10][m5][t4] 你好主人");
 206   2           }
 207   1           else if(ENABLE==G0_flag)
 208   1           {  
 209   2              G0_flag=DISABLE;
 210   2              LED=1;
 211   2             switch(dat)       /*对结果执行相关操作,客户可删除Printcom 串口输出语句替换为其他需要控制的代码*/
 212   2              {
 213   3                case CODE_DMCS:     
 214   3                  P10=1;            
 215   3                  SYN_FrameInfo(0, "[v10][m5][t4]中国");
 216   3                  break;
 217   3                case CODE_KFBYZ:  
 218   3                  P11=1;
 219   3                  SYN_FrameInfo(0, "[v10][m5][t4]哈尔滨");
 220   3                   break;
 221   3                case CODE_KD:     
 222   3                  P12=1;            
 223   3                  SYN_FrameInfo(0, "[v10][m5][t4]全球鹰电子");
 224   3                  break;          
 225   3                case CODE_BJ:     
 226   3                  P13=1;
 227   3                  SYN_FrameInfo(0, "[v10][m5][t4]好的，已经开灯");
 228   3                  break;
 229   3                case CODE_SH:                     
 230   3                  P13=0;
 231   3                  SYN_FrameInfo(0, "[v10][m5][t4]好的，已经关灯");
 232   3                  break;
 233   3                case CODE_GD:         
 234   3                  break;
 235   3                case CODE_GZ:         
 236   3                  //PrintCom("“晚安”命令识别成功\r\n"); /*text.....*/
 237   3                                break;                                                      
 238   3                    default:
 239   3                      //PrintCom("请重新识别发口令\r\n"); /*text.....*/
 240   3                      break;
C51 COMPILER V9.54   MAIN                                                                  05/03/2026 17:02:41 PAGE 5   

 241   3              } 
 242   2            } 
 243   1            else  
 244   1            {
 245   2              PrintCom("请说出一级口令\r\n"); /*text.....*/ 
 246   2            }
 247   1      }  


MODULE INFORMATION:   STATIC OVERLAYABLE
   CODE SIZE        =    384    ----
   CONSTANT SIZE    =    204    ----
   XDATA SIZE       =   ----    ----
   PDATA SIZE       =   ----    ----
   DATA SIZE        =      1      10
   IDATA SIZE       =      1       1
   BIT SIZE         =   ----    ----
END OF MODULE INFORMATION.


C51 COMPILATION COMPLETE.  0 WARNING(S),  0 ERROR(S)
