BL51 BANKED LINKER/LOCATER V6.22                                                        05/04/2026  14:17:19  PAGE 1


BL51 BANKED LINKER/LOCATER V6.22, INVOKED BY:
D:\KEILV5\C51\BIN\BL51.EXE ..\obj\main.obj, ..\obj\LDChip.obj, ..\obj\Reg_RW.obj, ..\obj\Syn6288.obj, ..\obj\usart.obj T
>> O ..\obj\V07A PRINT (.\V07A.m51) RAMSIZE (256)


MEMORY MODEL: SMALL


INPUT MODULES INCLUDED:
  ..\obj\main.obj (MAIN)
  ..\obj\LDChip.obj (LDCHIP)
  ..\obj\Reg_RW.obj (REG_RW)
  ..\obj\Syn6288.obj (SYN6288)
  ..\obj\usart.obj (USART)
  D:\KEILV5\C51\LIB\C51S.LIB (?C_STARTUP)
  D:\KEILV5\C51\LIB\C51S.LIB (?C?COPY)
  D:\KEILV5\C51\LIB\C51S.LIB (?C?CLDPTR)
  D:\KEILV5\C51\LIB\C51S.LIB (?C?CLDOPTR)
  D:\KEILV5\C51\LIB\C51S.LIB (?C?SLDIV)
  D:\KEILV5\C51\LIB\C51S.LIB (?C?LNEG)
  D:\KEILV5\C51\LIB\C51S.LIB (?C?LLDIIDATA)
  D:\KEILV5\C51\LIB\C51S.LIB (STRLEN)
  D:\KEILV5\C51\LIB\C51S.LIB (?C_INIT)
  D:\KEILV5\C51\LIB\C51S.LIB (?C?ULDIV)


LINK MAP OF MODULE:  ..\obj\V07A (MAIN)


            TYPE    BASE      LENGTH    RELOCATION   SEGMENT NAME
            -----------------------------------------------------

            * * * * * * *   D A T A   M E M O R Y   * * * * * * *
            REG     0000H     0008H     ABSOLUTE     "REG BANK 0"
            DATA    0008H     0019H     UNIT         ?DT?SYN6288
            DATA    0021H     0011H     UNIT         _DATA_GROUP_
            DATA    0032H     0002H     UNIT         ?DT?USART
            DATA    0034H     0001H     UNIT         ?DT?MAIN
            IDATA   0035H     0001H     UNIT         ?ID?MAIN
            IDATA   0036H     0001H     UNIT         ?ID?LDCHIP
            IDATA   0037H     0001H     UNIT         _IDATA_GROUP_
            IDATA   0038H     0001H     UNIT         ?STACK

            * * * * * * *  X D A T A   M E M O R Y  * * * * * * *
            XDATA   0000H     015EH     UNIT         _XDATA_GROUP_

            * * * * * * *   C O D E   M E M O R Y   * * * * * * *
            CODE    0000H     0003H     ABSOLUTE     
            CODE    0003H     0003H     ABSOLUTE     
            CODE    0006H     0238H     UNIT         ?C?LIB_CODE
            CODE    023EH     009DH     UNIT         ?PR?_SYN_FRAMEINFO?SYN6288
            CODE    02DBH     009CH     UNIT         ?PR?LD_INIT_COMMON?LDCHIP
            CODE    0377H     009CH     UNIT         ?PR?LD_ASRADDFIXED?LDCHIP
            CODE    0413H     009BH     UNIT         ?CO?LDCHIP
            CODE    04AEH     0095H     UNIT         ?PR?PROCESSINT0?LDCHIP
            CODE    0543H     0093H     UNIT         ?PR?LD_ASRRUN?LDCHIP
            CODE    05D6H     008CH     UNIT         ?C_C51STARTUP
            CODE    0662H     006AH     UNIT         ?CO?MAIN
BL51 BANKED LINKER/LOCATER V6.22                                                      05/04/2026  14:17:19  PAGE 2


            CODE    06CCH     005FH     UNIT         ?PR?LD_INIT_ASR?LDCHIP
            CODE    072BH     0056H     UNIT         ?PR?MAIN?MAIN
            CODE    0781H     004FH     UNIT         ?PR?RUNASR?LDCHIP
            CODE    07D0H     0044H     UNIT         ?C?LDIV
            CODE    0814H     0041H     UNIT         ?PR?_USER_HANDLE?MAIN
            CODE    0855H     0041H     UNIT         ?PR?LD_RESET?LDCHIP
            CODE    0896H     003BH     UNIT         ?PR?EXTINT0HANDLER?MAIN
            CODE    08D1H     0035H     UNIT         ?PR?_UART_SEND_STRING?USART
            CODE    0906H     002EH     UNIT         ?C_INITSEG
            CODE    0934H     0029H     UNIT         ?PR?LD_CHECK_ASRBUSYFLAG_B2?LDCHIP
            CODE    095DH     0027H     UNIT         ?PR?UARTINI?USART
            CODE    0984H     0026H     UNIT         ?PR?MCU_INIT?MAIN
            CODE    09AAH     0025H     UNIT         ?PR?_PRINTCOM?USART
            CODE    09CFH     0024H     UNIT         ?PR?_DELAY?MAIN
            CODE    09F3H     0018H     UNIT         ?PR?LED_TEST?MAIN
            CODE    0A0BH     0015H     UNIT         ?PR?_STRLEN?STRLEN
            CODE    0A20H     000EH     UNIT         ?PR?_UARTSENDBYTE?USART
            CODE    0A2EH     000DH     UNIT         ?PR?DELAY200MS?MAIN
            CODE    0A3BH     000BH     UNIT         ?PR?DELAY200US?MAIN
            CODE    0A46H     000BH     UNIT         ?PR?_LD_WRITEREG?REG_RW
            CODE    0A51H     000BH     UNIT         ?PR?_LD_READREG?REG_RW
            CODE    0A5CH     0006H     UNIT         ?PR?LD_GETRESULT?LDCHIP
            CODE    0A62H     0003H     UNIT         ?PR?LD_ASRSTART?LDCHIP



OVERLAY MAP OF MODULE:   ..\obj\V07A (MAIN)


SEGMENT                                      DATA_GROUP          IDATA_GROUP         XDATA_GROUP
  +--> CALLED SEGMENT                      START    LENGTH     START    LENGTH     START    LENGTH
--------------------------------------------------------------------------------------------------
?PR?EXTINT0HANDLER?MAIN                    -----    -----      -----    -----      -----    -----
  +--> ?PR?PROCESSINT0?LDCHIP

?PR?PROCESSINT0?LDCHIP                     0021H    0001H      -----    -----      -----    -----
  +--> ?PR?_LD_READREG?REG_RW
  +--> ?PR?_LD_WRITEREG?REG_RW

*** NEW ROOT ***************************************************

?C_C51STARTUP                              -----    -----      -----    -----      -----    -----
  +--> ?PR?MAIN?MAIN
  +--> ?C_INITSEG

?PR?MAIN?MAIN                              0022H    0001H      0037H    0001H      -----    -----
  +--> ?PR?MCU_INIT?MAIN
  +--> ?PR?LD_RESET?LDCHIP
  +--> ?PR?UARTINI?USART
  +--> ?CO?MAIN
  +--> ?PR?_SYN_FRAMEINFO?SYN6288
  +--> ?PR?LED_TEST?MAIN
  +--> ?PR?RUNASR?LDCHIP
  +--> ?PR?LD_GETRESULT?LDCHIP
  +--> ?PR?_USER_HANDLE?MAIN

?PR?LD_RESET?LDCHIP                        -----    -----      -----    -----      -----    -----
BL51 BANKED LINKER/LOCATER V6.22                                                      05/04/2026  14:17:19  PAGE 3


  +--> ?PR?_DELAY?MAIN

?PR?_DELAY?MAIN                            002AH    0008H      -----    -----      -----    -----
  +--> ?PR?DELAY200US?MAIN

?PR?_SYN_FRAMEINFO?SYN6288                 0023H    0006H      -----    -----      0000H    015EH
  +--> ?PR?_STRLEN?STRLEN
  +--> ?PR?_UART_SEND_STRING?USART

?PR?_UART_SEND_STRING?USART                0029H    0005H      -----    -----      -----    -----
  +--> ?PR?_UARTSENDBYTE?USART

?PR?LED_TEST?MAIN                          -----    -----      -----    -----      -----    -----
  +--> ?PR?DELAY200MS?MAIN

?PR?RUNASR?LDCHIP                          0023H    0002H      -----    -----      -----    -----
  +--> ?PR?LD_ASRSTART?LDCHIP
  +--> ?PR?_DELAY?MAIN
  +--> ?PR?LD_ASRADDFIXED?LDCHIP
  +--> ?PR?LD_ASRRUN?LDCHIP
  +--> ?PR?LD_RESET?LDCHIP

?PR?LD_ASRSTART?LDCHIP                     -----    -----      -----    -----      -----    -----
  +--> ?PR?LD_INIT_ASR?LDCHIP

?PR?LD_INIT_ASR?LDCHIP                     -----    -----      -----    -----      -----    -----
  +--> ?PR?LD_INIT_COMMON?LDCHIP
  +--> ?PR?_LD_WRITEREG?REG_RW
  +--> ?PR?_DELAY?MAIN

?PR?LD_INIT_COMMON?LDCHIP                  -----    -----      -----    -----      -----    -----
  +--> ?PR?_LD_READREG?REG_RW
  +--> ?PR?_LD_WRITEREG?REG_RW
  +--> ?PR?_DELAY?MAIN

?PR?LD_ASRADDFIXED?LDCHIP                  0025H    0003H      -----    -----      -----    -----
  +--> ?PR?LD_CHECK_ASRBUSYFLAG_B2?LDCHIP
  +--> ?CO?LDCHIP
  +--> ?PR?_LD_WRITEREG?REG_RW
  +--> ?PR?_DELAY?MAIN

?PR?LD_CHECK_ASRBUSYFLAG_B2?LDCHIP         0028H    0002H      -----    -----      -----    -----
  +--> ?PR?_LD_READREG?REG_RW
  +--> ?PR?_DELAY?MAIN

?PR?LD_ASRRUN?LDCHIP                       -----    -----      -----    -----      -----    -----
  +--> ?PR?_LD_WRITEREG?REG_RW
  +--> ?PR?_DELAY?MAIN
  +--> ?PR?LD_CHECK_ASRBUSYFLAG_B2?LDCHIP

?PR?LD_GETRESULT?LDCHIP                    -----    -----      -----    -----      -----    -----
  +--> ?PR?_LD_READREG?REG_RW

?PR?_USER_HANDLE?MAIN                      -----    -----      -----    -----      -----    -----
  +--> ?CO?MAIN
  +--> ?PR?_PRINTCOM?USART

BL51 BANKED LINKER/LOCATER V6.22                                                      05/04/2026  14:17:19  PAGE 4


?PR?_PRINTCOM?USART                        0023H    0003H      -----    -----      -----    -----
  +--> ?PR?_UARTSENDBYTE?USART



SYMBOL TABLE OF MODULE:  ..\obj\V07A (MAIN)

  VALUE           TYPE          NAME
  ----------------------------------

  -------         MODULE        MAIN
  C:0000H         SYMBOL        _ICE_DUMMY_
  D:0092H         PUBLIC        P1M0
  D:0091H         PUBLIC        P1M1
  D:0080H         PUBLIC        P0
  D:0090H         PUBLIC        P1
  D:00A0H         PUBLIC        P2
  D:00B0H         PUBLIC        P3
  D:00C0H         PUBLIC        P4
  B:00A8H.7       PUBLIC        EA
  D:00A8H         PUBLIC        IE
  C:09CFH         PUBLIC        _delay
  B:00C0H.3       PUBLIC        LD_MODE
  D:00B8H         PUBLIC        IP
  I:0035H         PUBLIC        nAsrStatus
  D:00D8H         PUBLIC        CCON
  C:072BH         PUBLIC        main
  B:0090H.0       PUBLIC        P10
  B:0090H.1       PUBLIC        P11
  B:0090H.2       PUBLIC        P12
  B:0090H.3       PUBLIC        P13
  D:0098H         PUBLIC        SCON
  D:0088H         PUBLIC        TCON
  C:09F3H         PUBLIC        Led_test
  B:0088H.1       PUBLIC        IE0
  B:00A8H.0       PUBLIC        EX0
  C:0896H         PUBLIC        ExtInt0Handler
  B:00C0H.2       PUBLIC        LED
  C:0A2EH         PUBLIC        Delay200ms
  C:0A3BH         PUBLIC        Delay200us
  C:0814H         PUBLIC        _User_handle
  D:0034H         PUBLIC        G0_flag
  D:00D0H         PUBLIC        PSW
  C:0984H         PUBLIC        MCU_init
  -------         PROC          MAIN
  -------         DO            
  I:0037H         SYMBOL        nAsrRes
  D:0022H         SYMBOL        i
  -------         ENDDO         
  C:072BH         LINE#         44
  C:072BH         LINE#         45
  C:072BH         LINE#         47
  C:072EH         LINE#         49
  C:0731H         LINE#         50
  C:0734H         LINE#         51
  C:0737H         LINE#         52
  C:073BH         LINE#         54
BL51 BANKED LINKER/LOCATER V6.22                                                      05/04/2026  14:17:19  PAGE 5


  C:0746H         LINE#         56
  C:0749H         LINE#         59
  C:0749H         LINE#         60
  C:0749H         LINE#         61
  C:075BH         LINE#         62
  C:075BH         LINE#         63
  C:075BH         LINE#         64
  C:075BH         LINE#         65
  C:075BH         LINE#         66
  C:075BH         LINE#         67
  C:075BH         LINE#         68
  C:075FH         LINE#         69
  C:0765H         LINE#         70
  C:0765H         LINE#         71
  C:0769H         LINE#         72
  C:0769H         LINE#         73
  C:076BH         LINE#         74
  C:076BH         LINE#         75
  C:076BH         LINE#         76
  C:076BH         LINE#         77
  C:0772H         LINE#         78
  C:0775H         LINE#         79
  C:0779H         LINE#         80
  C:077BH         LINE#         81
  C:077BH         LINE#         82
  C:077BH         LINE#         83
  C:077BH         LINE#         84
  C:077BH         LINE#         85
  C:077FH         LINE#         86
  -------         ENDPROC       MAIN
  -------         PROC          LED_TEST
  C:09F3H         LINE#         99
  C:09F3H         LINE#         100
  C:09F3H         LINE#         101
  C:09F6H         LINE#         102
  C:09F9H         LINE#         103
  C:09FBH         LINE#         104
  C:09FEH         LINE#         105
  C:0A00H         LINE#         106
  C:0A03H         LINE#         107
  C:0A05H         LINE#         108
  C:0A08H         LINE#         109
  C:0A0AH         LINE#         110
  -------         ENDPROC       LED_TEST
  -------         PROC          MCU_INIT
  C:0984H         LINE#         119
  C:0984H         LINE#         120
  C:0984H         LINE#         121
  C:0987H         LINE#         122
  C:098AH         LINE#         123
  C:098DH         LINE#         124
  C:0990H         LINE#         125
  C:0993H         LINE#         126
  C:0996H         LINE#         127
  C:0999H         LINE#         128
  C:09A1H         LINE#         129
  C:09A3H         LINE#         130
BL51 BANKED LINKER/LOCATER V6.22                                                      05/04/2026  14:17:19  PAGE 6


  C:09A5H         LINE#         131
  C:09A7H         LINE#         132
  C:09A9H         LINE#         133
  -------         ENDPROC       MCU_INIT
  -------         PROC          DELAY200US
  -------         DO            
  D:0007H         SYMBOL        i
  D:0006H         SYMBOL        j
  -------         ENDDO         
  C:0A3BH         LINE#         142
  C:0A3BH         LINE#         143
  C:0A3BH         LINE#         145
  C:0A3CH         LINE#         146
  C:0A3DH         LINE#         147
  C:0A3FH         LINE#         148
  C:0A41H         LINE#         150
  C:0A41H         LINE#         151
  C:0A43H         LINE#         152
  C:0A45H         LINE#         153
  -------         ENDPROC       DELAY200US
  -------         PROC          _DELAY
  D:002AH         SYMBOL        uldata
  -------         DO            
  D:002EH         SYMBOL        j
  D:0030H         SYMBOL        g
  -------         ENDDO         
  C:09CFH         LINE#         155
  C:09D7H         LINE#         156
  C:09D7H         LINE#         157
  C:09DCH         LINE#         158
  C:09E0H         LINE#         159
  C:09EDH         LINE#         160
  C:09F2H         LINE#         161
  -------         ENDPROC       _DELAY
  -------         PROC          DELAY200MS
  -------         DO            
  D:0007H         SYMBOL        i
  D:0006H         SYMBOL        j
  D:0005H         SYMBOL        k
  -------         ENDDO         
  C:0A2EH         LINE#         163
  C:0A2EH         LINE#         164
  C:0A2EH         LINE#         167
  C:0A30H         LINE#         168
  C:0A32H         LINE#         169
  C:0A34H         LINE#         171
  C:0A34H         LINE#         173
  C:0A34H         LINE#         174
  C:0A36H         LINE#         175
  C:0A38H         LINE#         176
  C:0A3AH         LINE#         177
  -------         ENDPROC       DELAY200MS
  -------         PROC          EXTINT0HANDLER
  C:0896H         LINE#         187
  C:08B3H         LINE#         189
  C:08B6H         LINE#         190
  -------         ENDPROC       EXTINT0HANDLER
BL51 BANKED LINKER/LOCATER V6.22                                                      05/04/2026  14:17:19  PAGE 7


  -------         PROC          _USER_HANDLE
  D:0007H         SYMBOL        dat
  C:0814H         LINE#         198
  C:0814H         LINE#         199
  C:0814H         LINE#         201
  C:0817H         LINE#         202
  C:0817H         LINE#         204
  C:0817H         LINE#         206
  C:0819H         LINE#         207
  C:082BH         LINE#         208
  C:082BH         LINE#         209
  C:082BH         LINE#         210
  C:0831H         LINE#         211
  C:0833H         LINE#         212
  C:0833H         LINE#         213
  C:0839H         LINE#         214
  C:083BH         LINE#         215
  C:083BH         LINE#         216
  C:0841H         LINE#         217
  C:0843H         LINE#         218
  C:0843H         LINE#         219
  C:0849H         LINE#         220
  C:084BH         LINE#         221
  C:084BH         LINE#         222
  C:0854H         LINE#         223
  C:0854H         LINE#         224
  C:0854H         LINE#         226
  C:0854H         LINE#         227
  C:0854H         LINE#         228
  -------         ENDPROC       _USER_HANDLE
  -------         ENDMOD        MAIN

  -------         MODULE        LDCHIP
  C:0000H         SYMBOL        _ICE_DUMMY_
  D:00A0H         PUBLIC        P2
  D:00B0H         PUBLIC        P3
  D:00C0H         PUBLIC        P4
  D:00A8H         PUBLIC        IE
  C:0A5CH         PUBLIC        LD_GetResult
  C:0377H         PUBLIC        LD_AsrAddFixed
  D:00B8H         PUBLIC        IP
  I:0036H         PUBLIC        ucRegVal
  C:0781H         PUBLIC        RunASR
  D:00D8H         PUBLIC        CCON
  C:0A62H         PUBLIC        LD_AsrStart
  C:0934H         PUBLIC        LD_Check_ASRBusyFlag_b2
  D:0098H         PUBLIC        SCON
  D:0088H         PUBLIC        TCON
  B:00B0H.5       PUBLIC        RSTB
  C:04AEH         PUBLIC        ProcessInt0
  B:00A8H.0       PUBLIC        EX0
  C:06CCH         PUBLIC        LD_Init_ASR
  C:0543H         PUBLIC        LD_AsrRun
  C:02DBH         PUBLIC        LD_Init_Common
  B:00A0H.1       PUBLIC        CSB
  C:0855H         PUBLIC        LD_Reset
  D:00D0H         PUBLIC        PSW
BL51 BANKED LINKER/LOCATER V6.22                                                      05/04/2026  14:17:19  PAGE 8


  -------         PROC          LD_RESET
  C:0855H         LINE#         24
  C:0855H         LINE#         25
  C:0855H         LINE#         26
  C:0857H         LINE#         27
  C:0862H         LINE#         28
  C:0864H         LINE#         29
  C:086FH         LINE#         30
  C:0871H         LINE#         32
  C:087CH         LINE#         33
  C:087EH         LINE#         34
  C:0889H         LINE#         35
  C:088BH         LINE#         36
  -------         ENDPROC       LD_RESET
  -------         PROC          LD_INIT_COMMON
  C:02DBH         LINE#         45
  C:02DBH         LINE#         46
  C:02DBH         LINE#         47
  C:02E0H         LINE#         48
  C:02E7H         LINE#         49
  C:02F2H         LINE#         50
  C:02F7H         LINE#         52
  C:02FEH         LINE#         53
  C:0309H         LINE#         54
  C:0310H         LINE#         55
  C:031BH         LINE#         56
  C:0322H         LINE#         59
  C:0329H         LINE#         61
  C:0330H         LINE#         62
  C:0337H         LINE#         63
  C:033EH         LINE#         64
  C:0345H         LINE#         65
  C:0350H         LINE#         67
  C:0357H         LINE#         69
  C:0362H         LINE#         70
  C:0369H         LINE#         71
  C:0370H         LINE#         72
  -------         ENDPROC       LD_INIT_COMMON
  -------         PROC          LD_INIT_ASR
  C:06CCH         LINE#         82
  C:06CCH         LINE#         83
  C:06CCH         LINE#         84
  C:06CFH         LINE#         85
  C:06D6H         LINE#         86
  C:06DDH         LINE#         87
  C:06E8H         LINE#         88
  C:06EFH         LINE#         89
  C:06F6H         LINE#         90
  C:06FDH         LINE#         91
  C:0704H         LINE#         92
  C:070BH         LINE#         93
  C:0712H         LINE#         94
  C:0719H         LINE#         95
  C:0720H         LINE#         96
  -------         ENDPROC       LD_INIT_ASR
  -------         PROC          PROCESSINT0
  -------         DO            
BL51 BANKED LINKER/LOCATER V6.22                                                      05/04/2026  14:17:19  PAGE 9


  D:0021H         SYMBOL        nAsrResCount
  -------         ENDDO         
  C:04AEH         LINE#         107
  C:04AEH         LINE#         108
  C:04AEH         LINE#         109
  C:04B1H         LINE#         111
  C:04B3H         LINE#         112
  C:04BCH         LINE#         113
  C:04C3H         LINE#         114
  C:04CAH         LINE#         115
  C:04E2H         LINE#         118
  C:04E2H         LINE#         119
  C:04E9H         LINE#         120
  C:04F7H         LINE#         121
  C:04F7H         LINE#         122
  C:04FBH         LINE#         123
  C:04FDH         LINE#         130
  C:04FDH         LINE#         131
  C:0501H         LINE#         132
  C:0501H         LINE#         134
  C:0508H         LINE#         135
  C:050FH         LINE#         137
  C:0516H         LINE#         138
  C:051DH         LINE#         139
  C:0524H         LINE#         140
  C:052BH         LINE#         141
  C:0532H         LINE#         142
  C:0539H         LINE#         143
  C:0540H         LINE#         146
  C:0542H         LINE#         147
  -------         ENDPROC       PROCESSINT0
  -------         PROC          RUNASR
  -------         DO            
  D:0023H         SYMBOL        i
  D:0024H         SYMBOL        asrflag
  -------         ENDDO         
  C:0781H         LINE#         160
  C:0781H         LINE#         161
  C:0781H         LINE#         162
  C:0784H         LINE#         163
  C:0786H         LINE#         164
  C:0788H         LINE#         165
  C:0788H         LINE#         166
  C:078BH         LINE#         167
  C:0796H         LINE#         168
  C:079CH         LINE#         169
  C:079CH         LINE#         170
  C:079CH         LINE#         171
  C:079CH         LINE#         172
  C:079EH         LINE#         173
  C:079EH         LINE#         174
  C:07A9H         LINE#         175
  C:07AFH         LINE#         176
  C:07AFH         LINE#         177
  C:07B2H         LINE#         178
  C:07BDH         LINE#         179
  C:07BFH         LINE#         180
BL51 BANKED LINKER/LOCATER V6.22                                                      05/04/2026  14:17:19  PAGE 10


  C:07BFH         LINE#         181
  C:07C2H         LINE#         182
  C:07C4H         LINE#         183
  C:07CDH         LINE#         185
  C:07CFH         LINE#         186
  -------         ENDPROC       RUNASR
  -------         PROC          LD_CHECK_ASRBUSYFLAG_B2
  -------         DO            
  D:0028H         SYMBOL        j
  D:0029H         SYMBOL        flag
  -------         ENDDO         
  C:0934H         LINE#         193
  C:0934H         LINE#         194
  C:0934H         LINE#         196
  C:0937H         LINE#         197
  C:0939H         LINE#         198
  C:0939H         LINE#         199
  C:0941H         LINE#         200
  C:0941H         LINE#         201
  C:0944H         LINE#         202
  C:0946H         LINE#         203
  C:0946H         LINE#         204
  C:0951H         LINE#         205
  C:095AH         LINE#         206
  C:095CH         LINE#         207
  -------         ENDPROC       LD_CHECK_ASRBUSYFLAG_B2
  -------         PROC          LD_ASRSTART
  C:0A62H         LINE#         214
  C:0A62H         LINE#         215
  C:0A62H         LINE#         216
  -------         ENDPROC       LD_ASRSTART
  -------         PROC          LD_ASRRUN
  C:0543H         LINE#         224
  C:0543H         LINE#         225
  C:0543H         LINE#         226
  C:0545H         LINE#         227
  C:054CH         LINE#         228
  C:0553H         LINE#         229
  C:055AH         LINE#         230
  C:0561H         LINE#         231
  C:056CH         LINE#         232
  C:0573H         LINE#         233
  C:057EH         LINE#         235
  C:0584H         LINE#         236
  C:0584H         LINE#         237
  C:0586H         LINE#         238
  C:0586H         LINE#         244
  C:058DH         LINE#         247
  C:0594H         LINE#         248
  C:059FH         LINE#         249
  C:05A6H         LINE#         250
  C:05B1H         LINE#         251
  C:05B8H         LINE#         252
  C:05C3H         LINE#         253
  C:05CAH         LINE#         255
  C:05D1H         LINE#         256
  C:05D3H         LINE#         257
BL51 BANKED LINKER/LOCATER V6.22                                                      05/04/2026  14:17:19  PAGE 11


  C:05D5H         LINE#         258
  -------         ENDPROC       LD_ASRRUN
  -------         PROC          LD_ASRADDFIXED
  -------         DO            
  D:0025H         SYMBOL        k
  D:0026H         SYMBOL        flag
  D:0027H         SYMBOL        nAsrAddLength
  C:0413H         SYMBOL        sRecog
  C:04A9H         SYMBOL        pCode
  -------         ENDDO         
  C:0377H         LINE#         270
  C:0377H         LINE#         271
  C:0377H         LINE#         290
  C:037AH         LINE#         291
  C:037DH         LINE#         292
  C:037DH         LINE#         294
  C:0383H         LINE#         295
  C:0383H         LINE#         296
  C:0385H         LINE#         297
  C:0388H         LINE#         298
  C:0388H         LINE#         300
  C:0394H         LINE#         301
  C:039BH         LINE#         302
  C:03A2H         LINE#         303
  C:03ADH         LINE#         304
  C:03B4H         LINE#         305
  C:03BFH         LINE#         307
  C:03C2H         LINE#         308
  C:03C2H         LINE#         309
  C:03E1H         LINE#         310
  C:03E1H         LINE#         311
  C:03E6H         LINE#         312
  C:03EFH         LINE#         313
  C:03F6H         LINE#         314
  C:03FDH         LINE#         315
  C:0404H         LINE#         316
  C:0410H         LINE#         317
  C:0412H         LINE#         318
  -------         ENDPROC       LD_ASRADDFIXED
  -------         PROC          LD_GETRESULT
  C:0A5CH         LINE#         325
  C:0A5CH         LINE#         326
  C:0A5CH         LINE#         327
  C:0A61H         LINE#         328
  -------         ENDPROC       LD_GETRESULT
  -------         ENDMOD        LDCHIP

  -------         MODULE        REG_RW
  C:0000H         SYMBOL        _ICE_DUMMY_
  D:00A0H         PUBLIC        P2
  D:00B0H         PUBLIC        P3
  D:00C0H         PUBLIC        P4
  D:00A8H         PUBLIC        IE
  C:0A51H         PUBLIC        _LD_ReadReg
  D:00B8H         PUBLIC        IP
  C:0A46H         PUBLIC        _LD_WriteReg
  D:00D8H         PUBLIC        CCON
BL51 BANKED LINKER/LOCATER V6.22                                                      05/04/2026  14:17:19  PAGE 12


  D:0098H         PUBLIC        SCON
  D:0088H         PUBLIC        TCON
  D:00D0H         PUBLIC        PSW
  -------         PROC          _LD_WRITEREG
  D:0007H         SYMBOL        address
  D:0005H         SYMBOL        dataout
  C:0A46H         LINE#         20
  C:0A46H         LINE#         21
  C:0A46H         LINE#         22
  C:0A4BH         LINE#         23
  C:0A50H         LINE#         24
  -------         ENDPROC       _LD_WRITEREG
  -------         PROC          _LD_READREG
  D:0007H         SYMBOL        address
  C:0A51H         LINE#         26
  C:0A51H         LINE#         27
  C:0A51H         LINE#         28
  C:0A56H         LINE#         29
  C:0A5BH         LINE#         30
  -------         ENDPROC       _LD_READREG
  -------         ENDMOD        REG_RW

  -------         MODULE        SYN6288
  C:0000H         SYMBOL        _ICE_DUMMY_
  D:00A0H         PUBLIC        P2
  D:00B0H         PUBLIC        P3
  D:00C0H         PUBLIC        P4
  D:00A8H         PUBLIC        IE
  D:00B8H         PUBLIC        IP
  D:00D8H         PUBLIC        CCON
  D:0008H         PUBLIC        SYN_StopCom
  D:000DH         PUBLIC        SYN_PowerDownCom
  D:0098H         PUBLIC        SCON
  D:0088H         PUBLIC        TCON
  D:0012H         PUBLIC        SYN_RecoverCom
  C:023EH         PUBLIC        _SYN_FrameInfo
  D:0017H         PUBLIC        SYN_ChackCom
  D:001CH         PUBLIC        SYN_SuspendCom
  D:00D0H         PUBLIC        PSW
  -------         PROC          _SYN_FRAMEINFO
  D:0023H         SYMBOL        Music
  D:0024H         SYMBOL        HZdata
  -------         DO            
  X:0000H         SYMBOL        Frame_Info
  D:0027H         SYMBOL        HZ_Length
  D:0028H         SYMBOL        ecc
  D:0006H         SYMBOL        i
  -------         ENDDO         
  C:023EH         LINE#         11
  C:0246H         LINE#         12
  C:0246H         LINE#         16
  C:0249H         LINE#         17
  C:024BH         LINE#         18
  C:0250H         LINE#         21
  C:0256H         LINE#         22
  C:0259H         LINE#         23
  C:025FH         LINE#         24
BL51 BANKED LINKER/LOCATER V6.22                                                      05/04/2026  14:17:19  PAGE 13


  C:0263H         LINE#         25
  C:026CH         LINE#         28
  C:026FH         LINE#         29
  C:026FH         LINE#         30
  C:027CH         LINE#         31
  C:0287H         LINE#         33
  C:0293H         LINE#         34
  C:0293H         LINE#         35
  C:02A2H         LINE#         36
  C:02A9H         LINE#         38
  C:02BCH         LINE#         39
  C:02CAH         LINE#         40
  -------         ENDPROC       _SYN_FRAMEINFO
  -------         ENDMOD        SYN6288

  -------         MODULE        USART
  C:0000H         SYMBOL        _ICE_DUMMY_
  D:00A0H         PUBLIC        P2
  D:00B0H         PUBLIC        P3
  D:00C0H         PUBLIC        P4
  C:08D1H         PUBLIC        _UART_Send_String
  B:00A8H.7       PUBLIC        EA
  D:00A8H         PUBLIC        IE
  B:00A8H.4       PUBLIC        ES
  D:00B8H         PUBLIC        IP
  B:0098H.1       PUBLIC        TI
  D:0032H         PUBLIC        baud
  D:00D8H         PUBLIC        CCON
  C:09AAH         PUBLIC        _PrintCom
  D:0099H         PUBLIC        SBUF
  D:0098H         PUBLIC        SCON
  D:0089H         PUBLIC        TMOD
  D:0088H         PUBLIC        TCON
  C:095DH         PUBLIC        UartIni
  D:008DH         PUBLIC        TH1
  D:008BH         PUBLIC        TL1
  B:0088H.6       PUBLIC        TR1
  C:0A20H         PUBLIC        _UARTSendByte
  D:00D0H         PUBLIC        PSW
  -------         PROC          UARTINI
  C:095DH         LINE#         17
  C:095DH         LINE#         18
  C:095DH         LINE#         19
  C:0960H         LINE#         20
  C:0963H         LINE#         21
  C:097DH         LINE#         22
  C:097FH         LINE#         23
  C:0981H         LINE#         24
  C:0983H         LINE#         25
  -------         ENDPROC       UARTINI
  -------         PROC          _UARTSENDBYTE
  D:0007H         SYMBOL        DAT
  C:0A20H         LINE#         32
  C:0A20H         LINE#         33
  C:0A20H         LINE#         34
  C:0A22H         LINE#         35
  C:0A24H         LINE#         36
BL51 BANKED LINKER/LOCATER V6.22                                                      05/04/2026  14:17:19  PAGE 14


  C:0A26H         LINE#         37
  C:0A29H         LINE#         38
  C:0A2BH         LINE#         39
  C:0A2DH         LINE#         40
  -------         ENDPROC       _UARTSENDBYTE
  -------         PROC          _PRINTCOM
  D:0023H         SYMBOL        DAT
  C:09AAH         LINE#         47
  C:09B0H         LINE#         48
  C:09B0H         LINE#         49
  C:09BBH         LINE#         50
  C:09BBH         LINE#         51
  C:09CCH         LINE#         52
  C:09CEH         LINE#         53
  -------         ENDPROC       _PRINTCOM
  -------         PROC          _UART_SEND_STRING
  D:0029H         SYMBOL        DAT
  D:002CH         SYMBOL        len
  -------         DO            
  D:0004H         SYMBOL        i
  -------         ENDDO         
  C:08D1H         LINE#         54
  C:08DBH         LINE#         55
  C:08DBH         LINE#         56
  C:08DEH         LINE#         57
  C:08EDH         LINE#         58
  C:08EDH         LINE#         59
  C:08FEH         LINE#         60
  C:0903H         LINE#         61
  C:0905H         LINE#         62
  -------         ENDPROC       _UART_SEND_STRING
  -------         ENDMOD        USART

  -------         MODULE        ?C?COPY
  C:00D6H         PUBLIC        ?C?COPY
  -------         ENDMOD        ?C?COPY

  -------         MODULE        ?C?CLDPTR
  C:00FCH         PUBLIC        ?C?CLDPTR
  -------         ENDMOD        ?C?CLDPTR

  -------         MODULE        ?C?CLDOPTR
  C:0115H         PUBLIC        ?C?CLDOPTR
  -------         ENDMOD        ?C?CLDOPTR

  -------         MODULE        ?C?SLDIV
  C:07D0H         PUBLIC        ?C?SLDIV
  -------         ENDMOD        ?C?SLDIV

  -------         MODULE        ?C?LNEG
  C:0142H         PUBLIC        ?C?LNEG
  -------         ENDMOD        ?C?LNEG

  -------         MODULE        ?C?LLDIIDATA
  C:0159H         PUBLIC        ?C?LLDIIDATA
  C:0150H         PUBLIC        ?C?LLDIIDATA1
  C:0152H         PUBLIC        ?C?LLDIIDATA8
BL51 BANKED LINKER/LOCATER V6.22                                                      05/04/2026  14:17:19  PAGE 15


  -------         ENDMOD        ?C?LLDIIDATA

  -------         MODULE        STRLEN
  C:0A0BH         PUBLIC        _STRLEN
  -------         ENDMOD        STRLEN

  -------         MODULE        ?C?ULDIV
  C:01ACH         PUBLIC        ?C?ULDIV
  -------         ENDMOD        ?C?ULDIV

Program Size: data=57.0 xdata=350 code=2661
LINK/LOCATE RUN COMPLETE.  0 WARNING(S),  0 ERROR(S)
